#
# A fatal error has been detected by the Java Runtime Environment:
#
#  SIGSEGV (0xb) at pc=0x00007fff6e8205ad, pid=41597, tid=38659
#
# JRE version: OpenJDK Runtime Environment (25.0.2+10) (build 25.0.2+10-69)
# Java VM: OpenJDK 64-Bit Server VM (25.0.2+10-69, mixed mode, sharing, tiered, compressed oops, compressed class ptrs, g1 gc, bsd-amd64)
# Problematic frame:
# C  [libsystem_pthread.dylib+0x15ad]  pthread_mutex_lock+0x0
#
# No core dump will be written. Core dumps have been disabled. To enable core dumping, try "ulimit -c unlimited" before starting Java again
#
# If you would like to submit a bug report, please visit:
#   https://bugreport.java.com/bugreport/crash.jsp
#

---------------  S U M M A R Y ------------

Command Line: --enable-native-access=ALL-UNNAMED -javaagent:/Applications/IntelliJ IDEA.app/Contents/lib/idea_rt.jar=58933 -Dfile.encoding=UTF-8 -Dsun.stdout.encoding=UTF-8 -Dsun.stderr.encoding=UTF-8 org.plovdev.audioengine.examples.GuitarSimpleExample

Host: "MacBookAir5,2" x86_64 2000 MHz, 4 cores, 8G, Darwin 19.6.0, macOS 10.15.8 (19H2036)
Time: Wed Apr 22 16:20:48 2026 MSK elapsed time: 2.977800 seconds (0d 0h 0m 2s)

---------------  T H R E A D  ---------------

Current thread (0x00007f9960825e00):  JavaThread "C2 CompilerThread0" daemon [_thread_in_vm, id=38659, stack(0x0000700002f43000,0x0000700003043000) (1024K)]


Current CompileTask:
C2:2977 1256       4       org.plovdev.audioengine.effects.OverdriveEffect::readSample (224 bytes)

Stack: [0x0000700002f43000,0x0000700003043000],  sp=0x0000700003040458,  free space=1013k
Native frames: (J=compiled Java code, j=interpreted, Vv=VM code, C=native code)
C  [libsystem_pthread.dylib+0x15ad]  pthread_mutex_lock+0x0
V  [libjvm.dylib+0x336510]  ciMethodData::load_remaining_extra_data()+0x30
V  [libjvm.dylib+0x336d39]  ciMethodData::load_data()+0x3d9
V  [libjvm.dylib+0x3313bf]  ciMethod::method_data()+0xff
V  [libjvm.dylib+0x9c07c1]  Parse::Parse(JVMState*, ciMethod*, float)+0x491
V  [libjvm.dylib+0x2f6fc6]  ParseGenerator::generate(JVMState*)+0x56
V  [libjvm.dylib+0x2f90cc]  PredictedCallGenerator::generate(JVMState*)+0x2fc
V  [libjvm.dylib+0x49071a]  Parse::do_call()+0x5ca
V  [libjvm.dylib+0x9c3bad]  Parse::do_one_block()+0x2bd
V  [libjvm.dylib+0x9c2c76]  Parse::do_all_blocks()+0x506
V  [libjvm.dylib+0x9c0b13]  Parse::Parse(JVMState*, ciMethod*, float)+0x7e3
V  [libjvm.dylib+0x2f6fc6]  ParseGenerator::generate(JVMState*)+0x56
V  [libjvm.dylib+0x2f90cc]  PredictedCallGenerator::generate(JVMState*)+0x2fc
V  [libjvm.dylib+0x2f90cc]  PredictedCallGenerator::generate(JVMState*)+0x2fc
V  [libjvm.dylib+0x49071a]  Parse::do_call()+0x5ca
V  [libjvm.dylib+0x9c3bad]  Parse::do_one_block()+0x2bd
V  [libjvm.dylib+0x9c2c76]  Parse::do_all_blocks()+0x506
V  [libjvm.dylib+0x9c0b13]  Parse::Parse(JVMState*, ciMethod*, float)+0x7e3
V  [libjvm.dylib+0x2f6fc6]  ParseGenerator::generate(JVMState*)+0x56
V  [libjvm.dylib+0x3a98a2]  Compile::Compile(ciEnv*, ciMethod*, int, Options, DirectiveSet*)+0xe42
V  [libjvm.dylib+0x2f5876]  C2Compiler::compile_method(ciEnv*, ciMethod*, int, bool, DirectiveSet*)+0x176
V  [libjvm.dylib+0x3bcdda]  CompileBroker::invoke_compiler_on_method(CompileTask*)+0x55a
V  [libjvm.dylib+0x3bc617]  CompileBroker::compiler_thread_loop()+0x3f7
V  [libjvm.dylib+0x602e3e]  JavaThread::thread_main_inner()+0x9e
V  [libjvm.dylib+0xb6bf98]  Thread::call_run()+0xa8
V  [libjvm.dylib+0x9a293f]  thread_native_entry(Thread*)+0x10f
C  [libsystem_pthread.dylib+0x6109]  _pthread_start+0x94
C  [libsystem_pthread.dylib+0x1b8b]  thread_start+0xf

siginfo: si_signo: 11 (SIGSEGV), si_code: 0 (unknown), si_addr: 0x0000000000000000

Registers:
RAX=0x00007f995e4225f0, RBX=0x00007f995e5b5560, RCX=0x000000010aa6c458, RDX=0x0000000000000000
RSP=0x0000700003040458, RBP=0x0000700003040470, RSI=0x00007f995ea4d678, RDI=0xfffe0005fffffffd
R8 =0x00007f99608fa7f8, R9 =0x00007f99608fb570, R10=0x00007f995f14d040, R11=0x0000000000000000
R12=0x000000016a39e580, R13=0x00007f995ea4d668, R14=0x00007f9960825e00, R15=0x00007f995f125ce8
RIP=0x00007fff6e8205ad, EFLAGS=0x0000000000010206, ERR=0x0000000000000000
  TRAPNO=0x000000000000000d


Register to memory mapping:

RAX=0x00007f995e4225f0 points into unknown readable memory: 0x00007f9960825e00 | 00 5e 82 60 99 7f 00 00
RBX=0x00007f995e5b5560 points into unknown readable memory: 0xfffdfffdfffcfffb | fb ff fc ff fd ff fd ff
RCX=0x000000010aa6c458: _ZTV11CounterData+0x10 in /Users/mac/Library/Java/JavaVirtualMachines/openjdk-25-patched/Contents/Home/lib/server/libjvm.dylib at 0x0000000109c00000
RDX=0x0 is null
RSP=0x0000700003040458 is pointing into the stack for thread: 0x00007f9960825e00
RBP=0x0000700003040470 is pointing into the stack for thread: 0x00007f9960825e00
RSI=0x00007f995ea4d678 points into unknown readable memory: 0x000000010aa6c458 | 58 c4 a6 0a 01 00 00 00
RDI=0xfffe0005fffffffd is an unknown value
R8 =0x00007f99608fa7f8 points into unknown readable memory: 0x00007f995e85efd8 | d8 ef 85 5e 99 7f 00 00
R9 =0x00007f99608fb570 points into unknown readable memory: 0x000000010aa39170 | 70 91 a3 0a 01 00 00 00
R10=0x00007f995f14d040 points into unknown readable memory: 0x0000000000000000 | 00 00 00 00 00 00 00 00
R11=0x0 is null
R12=0x000000016a39e580 is pointing into metadata
R13=0x00007f995ea4d668 points into unknown readable memory: 0x000000010aa39428 | 28 94 a3 0a 01 00 00 00
R14=0x00007f9960825e00 is a thread
R15=0x00007f995f125ce8 points into unknown readable memory: 0x000000010aa39170 | 70 91 a3 0a 01 00 00 00

Top of Stack: (sp=0x0000700003040458)
0x0000700003040458:   000000010a562724 00007f995e5b5560   $'V.....`U[^....
0x0000700003040468:   000000016a39e580 00007000030404d0   ..9j.........p..
0x0000700003040478:   0000000109f36510 00007f9960825e00   .e.......^.`....
0x0000700003040488:   00007000030405d8 0000700003040590   .....p.......p..
0x0000700003040498:   000000010a43db35 00007000030404d0   5.C..........p..
0x00007000030404a8:   00007f995f125ce8 0000000000000020   .\._.... .......
0x00007000030404b8:   00007f995ea4d668 000000016a39e580   h..^......9j....
0x00007000030404c8:   00007f995ea4d678 0000700003040540   x..^....@....p..
0x00007000030404d8:   0000000109f36d39 00007f995ea4d648   9m......H..^....
0x00007000030404e8:   00007f995ea511f0 00007f995ea49200   ...^.......^....
0x00007000030404f8:   00000000000083b0 0000700003040540   ........@....p..
0x0000700003040508:   00007f995e612710 000000016a39e650   .'a^....P.9j....
0x0000700003040518:   00007f9960825e00 00007f995e612c60   .^.`....`,a^....
0x0000700003040528:   00000001291c04b8 00007f995f124070   ...)....p@._....
0x0000700003040538:   00007f995e4225f0 0000700003040590   .%B^.........p..
0x0000700003040548:   0000000109f313bf 0000000000000000   ................
0x0000700003040558:   00000001291c04b8 00007f9960825e00   ...).....^.`....
0x0000700003040568:   0000000000000000 00007000030405f8   .............p..
0x0000700003040578:   00007000030407b8 00007f995f124070   .....p..p@._....
0x0000700003040588:   00007f995f124070 00007000030405e0   p@._.........p..
0x0000700003040598:   000000010a5c07c1 00007000030405d0   ..\..........p..
0x00007000030405a8:   0000000145ac7800 0000000000000001   .x.E............
0x00007000030405b8:   0000700003041be8 0000000000000000   .....p..........
0x00007000030405c8:   00007000030407b8 00007f995e8b24e0   .....p...$.^....
0x00007000030405d8:   00007f995e8b24b0 0000700003040760   .$.^....`....p..
0x00007000030405e8:   0000000109ef6fc6 00007f995f14d040   .o......@.._....
0x00007000030405f8:   000000010aa6f9c8 0000000000000001   ................
0x0000700003040608:   0000700003041be8 0000700003042768   .....p..h'...p..
0x0000700003040618:   0000700003041070 0000000000000000   p....p..........
0x0000700003040628:   0000000000000000 00007f995e4225f0   .........%B^....
0x0000700003040638:   00007f995f124070 00007f995e40fe90   p@._......@^....
0x0000700003040648:   00007f995f14d5d0 00007f995e8b23b8   ..._.....#.^....

Instructions: (pc=0x00007fff6e8205ad)
  0x00007fff6e8204ad:   78 00 00 48 85 c0 74 1a 0f be 00 83 c0 d0 83 f8
  0x00007fff6e8204bd:   03 77 0f 31 c9 83 f8 01 0f 94 c1 bb 02 00 00 00
  0x00007fff6e8204cd:   29 cb 3b 1d 8b 68 99 26 74 06 89 1d 83 68 99 26
  0x00007fff6e8204dd:   48 83 c4 08 5b 5d c3 55 48 89 e5 41 56 53 89 fb
  0x00007fff6e8204ed:   8d 4b f6 b8 16 00 00 00 81 f9 f5 00 00 00 77 48
  0x00007fff6e8204fd:   49 89 f6 48 8d 3d 1d 69 99 26 be 00 00 01 00 e8
  0x00007fff6e82050d:   c7 78 00 00 48 63 c3 48 8d 0d 15 69 99 26 48 83
  0x00007fff6e82051d:   3c c1 00 75 07 49 f7 d6 4c 89 34 c1 39 1d 35 68
  0x00007fff6e82052d:   99 26 7d 06 89 1d 2d 68 99 26 48 8d 3d e6 68 99
  0x00007fff6e82053d:   26 e8 9b 78 00 00 31 c0 5b 41 5e 5d c3 55 48 89
  0x00007fff6e82054d:   e5 41 56 53 48 89 f3 49 89 fe 48 8d 3d c6 68 99
  0x00007fff6e82055d:   26 be 00 00 01 00 e8 70 78 00 00 b8 00 01 00 00
  0x00007fff6e82056d:   48 8d 0d bc 68 99 26 48 83 3c c1 00 74 12 48 ff
  0x00007fff6e82057d:   c0 48 3d 00 03 00 00 72 ee bb 23 00 00 00 eb 0c
  0x00007fff6e82058d:   48 f7 d3 48 89 1c c1 49 89 06 31 db 48 8d 3d 84
  0x00007fff6e82059d:   68 99 26 e8 39 78 00 00 89 d8 5b 41 5e 5d c3 90
=>0x00007fff6e8205ad:   48 81 3f 5a 54 55 4d 75 6f b8 c0 01 00 00 23 47
  0x00007fff6e8205bd:   0c 83 f8 40 74 69 48 8d 57 27 48 83 e2 f8 48 8b
  0x00007fff6e8205cd:   0a f6 c1 02 75 4b 4c 8d 57 1f 49 83 e2 f8 65 48
  0x00007fff6e8205dd:   8b 04 25 00 00 00 00 4c 8b 80 d8 00 00 00 49 b9
  0x00007fff6e8205ed:   00 00 00 00 ff ff ff ff 48 89 ce f6 c1 02 75 21
  0x00007fff6e8205fd:   4c 21 ce 89 c8 48 09 f0 83 c9 02 48 09 f1 f0 48
  0x00007fff6e82060d:   0f b1 0a 48 89 c1 48 89 c6 75 e0 4d 89 02 31 c0
  0x00007fff6e82061d:   c3 31 f6 e9 34 02 00 00 31 f6 e9 0a 00 00 00 31
  0x00007fff6e82062d:   f6 e9 05 6c 00 00 90 90 90 55 48 89 e5 41 56 53
  0x00007fff6e82063d:   41 89 f6 48 89 fb 48 8b 07 83 e0 fd 48 3d 58 54
  0x00007fff6e82064d:   55 4d 74 11 48 89 df e8 31 00 00 00 85 c0 74 05
  0x00007fff6e82065d:   5b 41 5e 5d c3 b8 c0 01 00 00 23 43 0c 41 0f b6
  0x00007fff6e82066d:   f6 48 89 df 83 f8 40 74 09 5b 41 5e 5d e9 da 01
  0x00007fff6e82067d:   00 00 5b 41 5e 5d e9 f2 67 00 00 90 90 55 48 89
  0x00007fff6e82068d:   e5 41 57 41 56 53 50 48 8b 07 89 c1 83 e1 f0 48
  0x00007fff6e82069d:   81 f9 a0 ab aa 32 0f 85 85 00 00 00 48 89 fb 4c


Stack slot to memory mapping:

stack at sp + 0 slots: 0x000000010a562724: _ZN5Mutex28lock_without_safepoint_checkEv+0x24 in /Users/mac/Library/Java/JavaVirtualMachines/openjdk-25-patched/Contents/Home/lib/server/libjvm.dylib at 0x0000000109c00000
stack at sp + 1 slots: 0x00007f995e5b5560 points into unknown readable memory: 0xfffdfffdfffcfffb | fb ff fc ff fd ff fd ff
stack at sp + 2 slots: 0x000000016a39e580 is pointing into metadata
stack at sp + 3 slots: 0x00007000030404d0 is pointing into the stack for thread: 0x00007f9960825e00
stack at sp + 4 slots: 0x0000000109f36510: _ZN12ciMethodData25load_remaining_extra_dataEv+0x30 in /Users/mac/Library/Java/JavaVirtualMachines/openjdk-25-patched/Contents/Home/lib/server/libjvm.dylib at 0x0000000109c00000
stack at sp + 5 slots: 0x00007f9960825e00 is a thread
stack at sp + 6 slots: 0x00007000030405d8 is pointing into the stack for thread: 0x00007f9960825e00
stack at sp + 7 slots: 0x0000700003040590 is pointing into the stack for thread: 0x00007f9960825e00

Lock stack of current Java thread (top to bottom):


---------------  P R O C E S S  ---------------

Threads class SMR info:
_java_thread_list=0x00007f995e597430, length=15, elements={
0x00007f995f008200, 0x00007f9960822c00, 0x00007f995e858200, 0x00007f995e85b600,
0x00007f995e85be00, 0x00007f995e85c600, 0x00007f9960825e00, 0x00007f995f012400,
0x00007f9960823400, 0x00007f995f816400, 0x00007f995e8ed600, 0x00007f9960a5ae00,
0x00007f995f2b0200, 0x00007f9960a5c000, 0x00007f995f865800
}

Java Threads: ( => current thread )
  0x00007f995f008200 JavaThread "main"                              [_thread_in_native, id=9987, stack(0x0000700002116000,0x0000700002216000) (1024K)]
  0x00007f9960822c00 JavaThread "Reference Handler"          daemon [_thread_blocked, id=40195, stack(0x0000700002a34000,0x0000700002b34000) (1024K)]
  0x00007f995e858200 JavaThread "Finalizer"                  daemon [_thread_blocked, id=39939, stack(0x0000700002b37000,0x0000700002c37000) (1024K)]
  0x00007f995e85b600 JavaThread "Signal Dispatcher"          daemon [_thread_blocked, id=24323, stack(0x0000700002c3a000,0x0000700002d3a000) (1024K)]
  0x00007f995e85be00 JavaThread "Service Thread"             daemon [_thread_blocked, id=24579, stack(0x0000700002d3d000,0x0000700002e3d000) (1024K)]
  0x00007f995e85c600 JavaThread "Monitor Deflation Thread"   daemon [_thread_blocked, id=39171, stack(0x0000700002e40000,0x0000700002f40000) (1024K)]
=>0x00007f9960825e00 JavaThread "C2 CompilerThread0"         daemon [_thread_in_vm, id=38659, stack(0x0000700002f43000,0x0000700003043000) (1024K)]
  0x00007f995f012400 JavaThread "C1 CompilerThread0"         daemon [_thread_blocked, id=25347, stack(0x0000700003046000,0x0000700003146000) (1024K)]
  0x00007f9960823400 JavaThread "Common-Cleaner"             daemon [_thread_blocked, id=25603, stack(0x0000700003149000,0x0000700003249000) (1024K)]
  0x00007f995f816400 JavaThread "Monitor Ctrl-Break"         daemon [_thread_in_native, id=38147, stack(0x000070000324c000,0x000070000334c000) (1024K)]
  0x00007f995e8ed600 JavaThread "Notification Thread"        daemon [_thread_blocked, id=26371, stack(0x000070000334f000,0x000070000344f000) (1024K)]
  0x00007f9960a5ae00 JavaThread "VirtualThread-unblocker"    daemon [_thread_blocked, id=26627, stack(0x0000700003452000,0x0000700003552000) (1024K)]
  0x00007f995f2b0200 JavaThread "ForkJoinPool-1-worker-1"    daemon [_thread_in_native, id=26883, stack(0x0000700003555000,0x0000700003655000) (1024K)]
  0x00007f9960a5c000 JavaThread "Timer-0"                    daemon [_thread_blocked, id=27395, stack(0x0000700003658000,0x0000700003758000) (1024K)]
  0x00007f995f865800 JavaThread "ForkJoinPool-1-worker-2"    daemon [_thread_blocked, id=27655, stack(0x000070000375b000,0x000070000385b000) (1024K)]
Total: 15

Other Threads:
  0x00007f995f008a00 VMThread "VM Thread"                           [id=17155, stack(0x000070000282b000,0x000070000292b000) (1024K)]
  0x00007f995e60b400 WatcherThread "VM Periodic Task Thread"        [id=14855, stack(0x0000700002728000,0x0000700002828000) (1024K)]
  0x00007f995e824c00 WorkerThread "GC Thread#0"                     [id=20227, stack(0x0000700002219000,0x0000700002319000) (1024K)]
  0x00007f995e83da00 ConcurrentGCThread "G1 Main Marker"            [id=13315, stack(0x000070000231c000,0x000070000241c000) (1024K)]
  0x00007f995e83e000 WorkerThread "G1 Conc#0"                       [id=19459, stack(0x000070000241f000,0x000070000251f000) (1024K)]
  0x00007f995f00ea00 ConcurrentGCThread "G1 Refine#0"               [id=14083, stack(0x0000700002522000,0x0000700002622000) (1024K)]
  0x00007f995f00f000 ConcurrentGCThread "G1 Service"                [id=18947, stack(0x0000700002625000,0x0000700002725000) (1024K)]
Total: 7

Threads with active compile tasks:
C2 CompilerThread0  2999 1256       4       org.plovdev.audioengine.effects.OverdriveEffect::readSample (224 bytes)
Total: 1

VM state: not at safepoint (normal execution)

VM Mutex/Monitor currently owned by a thread: None

Heap address: 0x0000000780000000, size: 2048 MB, Compressed Oops mode: Zero based, Oop shift amount: 3

CDS archive(s) mapped at: [0x0000000129000000-0x0000000129d94000-0x0000000129d94000), size 14237696, SharedBaseAddress: 0x0000000129000000, ArchiveRelocationMode: 1.
Compressed class space mapped at: 0x000000012a000000-0x000000016a000000, reserved size: 1073741824
UseCompressedClassPointers 1, UseCompactObjectHeaders 0
Narrow klass pointer bits 32, Max shift 3
Narrow klass base: 0x0000000129000000, Narrow klass shift: 0
Encoding Range: [0x0000000129000000 - 0x0000000229000000), (4294967296 bytes)
Klass Range:    [0x0000000129004000 - 0x000000016a000000), (1090502656 bytes)
Klass ID Range:  [16384 - 1090519033) (1090502649)
Protection zone: [0x0000000129000000 - 0x0000000129004000), (16384 bytes)

GC Precious Log:
 CardTable entry size: 512
 Card Set container configuration: InlinePtr #cards 5 size 8 Array Of Cards #cards 10 size 36 Howl #buckets 4 coarsen threshold 1843 Howl Bitmap #cards 512 size 80 coarsen threshold 460 Card regions per heap region 1 cards per card region 2048
 CPUs: 4 total, 4 available
 Memory: 8192M
 Large Page Support: Disabled
 NUMA Support: Disabled
 Compressed Oops: Enabled (Zero based)
 Heap Region Size: 1M
 Heap Min Capacity: 8M
 Heap Initial Capacity: 128M
 Heap Max Capacity: 2G
 Pre-touch: Disabled
 Parallel Workers: 4
 Concurrent Workers: 1
 Concurrent Refinement Workers: 4
 Periodic GC: Disabled

Heap:
 garbage-first heap   total reserved 2097152K, committed 133120K, used 20606K [0x0000000780000000, 0x0000000800000000)
  region size 1024K, 20 young (20480K), 0 survivors (0K)

Heap Regions: E=young(eden), S=young(survivor), O=old, HS=humongous(starts), HC=humongous(continues), CS=collection set, F=free, TAMS=top-at-mark-start, PB=parsable bottom
|   0|0x0000000780000000, 0x0000000780000000, 0x0000000780100000|  0%| F|  |TAMS 0x0000000780000000| PB 0x0000000780000000| Untracked |  0
|   1|0x0000000780100000, 0x0000000780100000, 0x0000000780200000|  0%| F|  |TAMS 0x0000000780100000| PB 0x0000000780100000| Untracked |  0
|   2|0x0000000780200000, 0x0000000780200000, 0x0000000780300000|  0%| F|  |TAMS 0x0000000780200000| PB 0x0000000780200000| Untracked |  0
|   3|0x0000000780300000, 0x0000000780300000, 0x0000000780400000|  0%| F|  |TAMS 0x0000000780300000| PB 0x0000000780300000| Untracked |  0
|   4|0x0000000780400000, 0x0000000780400000, 0x0000000780500000|  0%| F|  |TAMS 0x0000000780400000| PB 0x0000000780400000| Untracked |  0
|   5|0x0000000780500000, 0x0000000780500000, 0x0000000780600000|  0%| F|  |TAMS 0x0000000780500000| PB 0x0000000780500000| Untracked |  0
|   6|0x0000000780600000, 0x0000000780600000, 0x0000000780700000|  0%| F|  |TAMS 0x0000000780600000| PB 0x0000000780600000| Untracked |  0
|   7|0x0000000780700000, 0x0000000780700000, 0x0000000780800000|  0%| F|  |TAMS 0x0000000780700000| PB 0x0000000780700000| Untracked |  0
|   8|0x0000000780800000, 0x0000000780800000, 0x0000000780900000|  0%| F|  |TAMS 0x0000000780800000| PB 0x0000000780800000| Untracked |  0
|   9|0x0000000780900000, 0x0000000780900000, 0x0000000780a00000|  0%| F|  |TAMS 0x0000000780900000| PB 0x0000000780900000| Untracked |  0
|  10|0x0000000780a00000, 0x0000000780a00000, 0x0000000780b00000|  0%| F|  |TAMS 0x0000000780a00000| PB 0x0000000780a00000| Untracked |  0
|  11|0x0000000780b00000, 0x0000000780b00000, 0x0000000780c00000|  0%| F|  |TAMS 0x0000000780b00000| PB 0x0000000780b00000| Untracked |  0
|  12|0x0000000780c00000, 0x0000000780c00000, 0x0000000780d00000|  0%| F|  |TAMS 0x0000000780c00000| PB 0x0000000780c00000| Untracked |  0
|  13|0x0000000780d00000, 0x0000000780d00000, 0x0000000780e00000|  0%| F|  |TAMS 0x0000000780d00000| PB 0x0000000780d00000| Untracked |  0
|  14|0x0000000780e00000, 0x0000000780e00000, 0x0000000780f00000|  0%| F|  |TAMS 0x0000000780e00000| PB 0x0000000780e00000| Untracked |  0
|  15|0x0000000780f00000, 0x0000000780f00000, 0x0000000781000000|  0%| F|  |TAMS 0x0000000780f00000| PB 0x0000000780f00000| Untracked |  0
|  16|0x0000000781000000, 0x0000000781000000, 0x0000000781100000|  0%| F|  |TAMS 0x0000000781000000| PB 0x0000000781000000| Untracked |  0
|  17|0x0000000781100000, 0x0000000781100000, 0x0000000781200000|  0%| F|  |TAMS 0x0000000781100000| PB 0x0000000781100000| Untracked |  0
|  18|0x0000000781200000, 0x0000000781200000, 0x0000000781300000|  0%| F|  |TAMS 0x0000000781200000| PB 0x0000000781200000| Untracked |  0
|  19|0x0000000781300000, 0x0000000781300000, 0x0000000781400000|  0%| F|  |TAMS 0x0000000781300000| PB 0x0000000781300000| Untracked |  0
|  20|0x0000000781400000, 0x0000000781400000, 0x0000000781500000|  0%| F|  |TAMS 0x0000000781400000| PB 0x0000000781400000| Untracked |  0
|  21|0x0000000781500000, 0x0000000781500000, 0x0000000781600000|  0%| F|  |TAMS 0x0000000781500000| PB 0x0000000781500000| Untracked |  0
|  22|0x0000000781600000, 0x0000000781600000, 0x0000000781700000|  0%| F|  |TAMS 0x0000000781600000| PB 0x0000000781600000| Untracked |  0
|  23|0x0000000781700000, 0x0000000781700000, 0x0000000781800000|  0%| F|  |TAMS 0x0000000781700000| PB 0x0000000781700000| Untracked |  0
|  24|0x0000000781800000, 0x0000000781800000, 0x0000000781900000|  0%| F|  |TAMS 0x0000000781800000| PB 0x0000000781800000| Untracked |  0
|  25|0x0000000781900000, 0x0000000781900000, 0x0000000781a00000|  0%| F|  |TAMS 0x0000000781900000| PB 0x0000000781900000| Untracked |  0
|  26|0x0000000781a00000, 0x0000000781a00000, 0x0000000781b00000|  0%| F|  |TAMS 0x0000000781a00000| PB 0x0000000781a00000| Untracked |  0
|  27|0x0000000781b00000, 0x0000000781b00000, 0x0000000781c00000|  0%| F|  |TAMS 0x0000000781b00000| PB 0x0000000781b00000| Untracked |  0
|  28|0x0000000781c00000, 0x0000000781c00000, 0x0000000781d00000|  0%| F|  |TAMS 0x0000000781c00000| PB 0x0000000781c00000| Untracked |  0
|  29|0x0000000781d00000, 0x0000000781d00000, 0x0000000781e00000|  0%| F|  |TAMS 0x0000000781d00000| PB 0x0000000781d00000| Untracked |  0
|  30|0x0000000781e00000, 0x0000000781e00000, 0x0000000781f00000|  0%| F|  |TAMS 0x0000000781e00000| PB 0x0000000781e00000| Untracked |  0
|  31|0x0000000781f00000, 0x0000000781f00000, 0x0000000782000000|  0%| F|  |TAMS 0x0000000781f00000| PB 0x0000000781f00000| Untracked |  0
|  32|0x0000000782000000, 0x0000000782000000, 0x0000000782100000|  0%| F|  |TAMS 0x0000000782000000| PB 0x0000000782000000| Untracked |  0
|  33|0x0000000782100000, 0x0000000782100000, 0x0000000782200000|  0%| F|  |TAMS 0x0000000782100000| PB 0x0000000782100000| Untracked |  0
|  34|0x0000000782200000, 0x0000000782200000, 0x0000000782300000|  0%| F|  |TAMS 0x0000000782200000| PB 0x0000000782200000| Untracked |  0
|  35|0x0000000782300000, 0x0000000782300000, 0x0000000782400000|  0%| F|  |TAMS 0x0000000782300000| PB 0x0000000782300000| Untracked |  0
|  36|0x0000000782400000, 0x0000000782400000, 0x0000000782500000|  0%| F|  |TAMS 0x0000000782400000| PB 0x0000000782400000| Untracked |  0
|  37|0x0000000782500000, 0x0000000782500000, 0x0000000782600000|  0%| F|  |TAMS 0x0000000782500000| PB 0x0000000782500000| Untracked |  0
|  38|0x0000000782600000, 0x0000000782600000, 0x0000000782700000|  0%| F|  |TAMS 0x0000000782600000| PB 0x0000000782600000| Untracked |  0
|  39|0x0000000782700000, 0x0000000782700000, 0x0000000782800000|  0%| F|  |TAMS 0x0000000782700000| PB 0x0000000782700000| Untracked |  0
|  40|0x0000000782800000, 0x0000000782800000, 0x0000000782900000|  0%| F|  |TAMS 0x0000000782800000| PB 0x0000000782800000| Untracked |  0
|  41|0x0000000782900000, 0x0000000782900000, 0x0000000782a00000|  0%| F|  |TAMS 0x0000000782900000| PB 0x0000000782900000| Untracked |  0
|  42|0x0000000782a00000, 0x0000000782a00000, 0x0000000782b00000|  0%| F|  |TAMS 0x0000000782a00000| PB 0x0000000782a00000| Untracked |  0
|  43|0x0000000782b00000, 0x0000000782b00000, 0x0000000782c00000|  0%| F|  |TAMS 0x0000000782b00000| PB 0x0000000782b00000| Untracked |  0
|  44|0x0000000782c00000, 0x0000000782c00000, 0x0000000782d00000|  0%| F|  |TAMS 0x0000000782c00000| PB 0x0000000782c00000| Untracked |  0
|  45|0x0000000782d00000, 0x0000000782d00000, 0x0000000782e00000|  0%| F|  |TAMS 0x0000000782d00000| PB 0x0000000782d00000| Untracked |  0
|  46|0x0000000782e00000, 0x0000000782e00000, 0x0000000782f00000|  0%| F|  |TAMS 0x0000000782e00000| PB 0x0000000782e00000| Untracked |  0
|  47|0x0000000782f00000, 0x0000000782f00000, 0x0000000783000000|  0%| F|  |TAMS 0x0000000782f00000| PB 0x0000000782f00000| Untracked |  0
|  48|0x0000000783000000, 0x0000000783000000, 0x0000000783100000|  0%| F|  |TAMS 0x0000000783000000| PB 0x0000000783000000| Untracked |  0
|  49|0x0000000783100000, 0x0000000783100000, 0x0000000783200000|  0%| F|  |TAMS 0x0000000783100000| PB 0x0000000783100000| Untracked |  0
|  50|0x0000000783200000, 0x0000000783200000, 0x0000000783300000|  0%| F|  |TAMS 0x0000000783200000| PB 0x0000000783200000| Untracked |  0
|  51|0x0000000783300000, 0x0000000783300000, 0x0000000783400000|  0%| F|  |TAMS 0x0000000783300000| PB 0x0000000783300000| Untracked |  0
|  52|0x0000000783400000, 0x0000000783400000, 0x0000000783500000|  0%| F|  |TAMS 0x0000000783400000| PB 0x0000000783400000| Untracked |  0
|  53|0x0000000783500000, 0x0000000783500000, 0x0000000783600000|  0%| F|  |TAMS 0x0000000783500000| PB 0x0000000783500000| Untracked |  0
|  54|0x0000000783600000, 0x0000000783600000, 0x0000000783700000|  0%| F|  |TAMS 0x0000000783600000| PB 0x0000000783600000| Untracked |  0
|  55|0x0000000783700000, 0x0000000783700000, 0x0000000783800000|  0%| F|  |TAMS 0x0000000783700000| PB 0x0000000783700000| Untracked |  0
|  56|0x0000000783800000, 0x0000000783800000, 0x0000000783900000|  0%| F|  |TAMS 0x0000000783800000| PB 0x0000000783800000| Untracked |  0
|  57|0x0000000783900000, 0x0000000783900000, 0x0000000783a00000|  0%| F|  |TAMS 0x0000000783900000| PB 0x0000000783900000| Untracked |  0
|  58|0x0000000783a00000, 0x0000000783a00000, 0x0000000783b00000|  0%| F|  |TAMS 0x0000000783a00000| PB 0x0000000783a00000| Untracked |  0
|  59|0x0000000783b00000, 0x0000000783b00000, 0x0000000783c00000|  0%| F|  |TAMS 0x0000000783b00000| PB 0x0000000783b00000| Untracked |  0
|  60|0x0000000783c00000, 0x0000000783c00000, 0x0000000783d00000|  0%| F|  |TAMS 0x0000000783c00000| PB 0x0000000783c00000| Untracked |  0
|  61|0x0000000783d00000, 0x0000000783d00000, 0x0000000783e00000|  0%| F|  |TAMS 0x0000000783d00000| PB 0x0000000783d00000| Untracked |  0
|  62|0x0000000783e00000, 0x0000000783e00000, 0x0000000783f00000|  0%| F|  |TAMS 0x0000000783e00000| PB 0x0000000783e00000| Untracked |  0
|  63|0x0000000783f00000, 0x0000000783f00000, 0x0000000784000000|  0%| F|  |TAMS 0x0000000783f00000| PB 0x0000000783f00000| Untracked |  0
|  64|0x0000000784000000, 0x0000000784000000, 0x0000000784100000|  0%| F|  |TAMS 0x0000000784000000| PB 0x0000000784000000| Untracked |  0
|  65|0x0000000784100000, 0x0000000784100000, 0x0000000784200000|  0%| F|  |TAMS 0x0000000784100000| PB 0x0000000784100000| Untracked |  0
|  66|0x0000000784200000, 0x0000000784200000, 0x0000000784300000|  0%| F|  |TAMS 0x0000000784200000| PB 0x0000000784200000| Untracked |  0
|  67|0x0000000784300000, 0x0000000784300000, 0x0000000784400000|  0%| F|  |TAMS 0x0000000784300000| PB 0x0000000784300000| Untracked |  0
|  68|0x0000000784400000, 0x0000000784400000, 0x0000000784500000|  0%| F|  |TAMS 0x0000000784400000| PB 0x0000000784400000| Untracked |  0
|  69|0x0000000784500000, 0x0000000784500000, 0x0000000784600000|  0%| F|  |TAMS 0x0000000784500000| PB 0x0000000784500000| Untracked |  0
|  70|0x0000000784600000, 0x0000000784600000, 0x0000000784700000|  0%| F|  |TAMS 0x0000000784600000| PB 0x0000000784600000| Untracked |  0
|  71|0x0000000784700000, 0x0000000784700000, 0x0000000784800000|  0%| F|  |TAMS 0x0000000784700000| PB 0x0000000784700000| Untracked |  0
|  72|0x0000000784800000, 0x0000000784800000, 0x0000000784900000|  0%| F|  |TAMS 0x0000000784800000| PB 0x0000000784800000| Untracked |  0
|  73|0x0000000784900000, 0x0000000784900000, 0x0000000784a00000|  0%| F|  |TAMS 0x0000000784900000| PB 0x0000000784900000| Untracked |  0
|  74|0x0000000784a00000, 0x0000000784a00000, 0x0000000784b00000|  0%| F|  |TAMS 0x0000000784a00000| PB 0x0000000784a00000| Untracked |  0
|  75|0x0000000784b00000, 0x0000000784b00000, 0x0000000784c00000|  0%| F|  |TAMS 0x0000000784b00000| PB 0x0000000784b00000| Untracked |  0
|  76|0x0000000784c00000, 0x0000000784c00000, 0x0000000784d00000|  0%| F|  |TAMS 0x0000000784c00000| PB 0x0000000784c00000| Untracked |  0
|  77|0x0000000784d00000, 0x0000000784d00000, 0x0000000784e00000|  0%| F|  |TAMS 0x0000000784d00000| PB 0x0000000784d00000| Untracked |  0
|  78|0x0000000784e00000, 0x0000000784e00000, 0x0000000784f00000|  0%| F|  |TAMS 0x0000000784e00000| PB 0x0000000784e00000| Untracked |  0
|  79|0x0000000784f00000, 0x0000000784f00000, 0x0000000785000000|  0%| F|  |TAMS 0x0000000784f00000| PB 0x0000000784f00000| Untracked |  0
|  80|0x0000000785000000, 0x0000000785000000, 0x0000000785100000|  0%| F|  |TAMS 0x0000000785000000| PB 0x0000000785000000| Untracked |  0
|  81|0x0000000785100000, 0x0000000785100000, 0x0000000785200000|  0%| F|  |TAMS 0x0000000785100000| PB 0x0000000785100000| Untracked |  0
|  82|0x0000000785200000, 0x0000000785200000, 0x0000000785300000|  0%| F|  |TAMS 0x0000000785200000| PB 0x0000000785200000| Untracked |  0
|  83|0x0000000785300000, 0x0000000785300000, 0x0000000785400000|  0%| F|  |TAMS 0x0000000785300000| PB 0x0000000785300000| Untracked |  0
|  84|0x0000000785400000, 0x0000000785400000, 0x0000000785500000|  0%| F|  |TAMS 0x0000000785400000| PB 0x0000000785400000| Untracked |  0
|  85|0x0000000785500000, 0x0000000785500000, 0x0000000785600000|  0%| F|  |TAMS 0x0000000785500000| PB 0x0000000785500000| Untracked |  0
|  86|0x0000000785600000, 0x0000000785600000, 0x0000000785700000|  0%| F|  |TAMS 0x0000000785600000| PB 0x0000000785600000| Untracked |  0
|  87|0x0000000785700000, 0x0000000785700000, 0x0000000785800000|  0%| F|  |TAMS 0x0000000785700000| PB 0x0000000785700000| Untracked |  0
|  88|0x0000000785800000, 0x0000000785800000, 0x0000000785900000|  0%| F|  |TAMS 0x0000000785800000| PB 0x0000000785800000| Untracked |  0
|  89|0x0000000785900000, 0x0000000785900000, 0x0000000785a00000|  0%| F|  |TAMS 0x0000000785900000| PB 0x0000000785900000| Untracked |  0
|  90|0x0000000785a00000, 0x0000000785a00000, 0x0000000785b00000|  0%| F|  |TAMS 0x0000000785a00000| PB 0x0000000785a00000| Untracked |  0
|  91|0x0000000785b00000, 0x0000000785b00000, 0x0000000785c00000|  0%| F|  |TAMS 0x0000000785b00000| PB 0x0000000785b00000| Untracked |  0
|  92|0x0000000785c00000, 0x0000000785c00000, 0x0000000785d00000|  0%| F|  |TAMS 0x0000000785c00000| PB 0x0000000785c00000| Untracked |  0
|  93|0x0000000785d00000, 0x0000000785d00000, 0x0000000785e00000|  0%| F|  |TAMS 0x0000000785d00000| PB 0x0000000785d00000| Untracked |  0
|  94|0x0000000785e00000, 0x0000000785e00000, 0x0000000785f00000|  0%| F|  |TAMS 0x0000000785e00000| PB 0x0000000785e00000| Untracked |  0
|  95|0x0000000785f00000, 0x0000000785f00000, 0x0000000786000000|  0%| F|  |TAMS 0x0000000785f00000| PB 0x0000000785f00000| Untracked |  0
|  96|0x0000000786000000, 0x0000000786000000, 0x0000000786100000|  0%| F|  |TAMS 0x0000000786000000| PB 0x0000000786000000| Untracked |  0
|  97|0x0000000786100000, 0x0000000786100000, 0x0000000786200000|  0%| F|  |TAMS 0x0000000786100000| PB 0x0000000786100000| Untracked |  0
|  98|0x0000000786200000, 0x0000000786200000, 0x0000000786300000|  0%| F|  |TAMS 0x0000000786200000| PB 0x0000000786200000| Untracked |  0
|  99|0x0000000786300000, 0x0000000786300000, 0x0000000786400000|  0%| F|  |TAMS 0x0000000786300000| PB 0x0000000786300000| Untracked |  0
| 100|0x0000000786400000, 0x0000000786400000, 0x0000000786500000|  0%| F|  |TAMS 0x0000000786400000| PB 0x0000000786400000| Untracked |  0
| 101|0x0000000786500000, 0x0000000786500000, 0x0000000786600000|  0%| F|  |TAMS 0x0000000786500000| PB 0x0000000786500000| Untracked |  0
| 102|0x0000000786600000, 0x0000000786600000, 0x0000000786700000|  0%| F|  |TAMS 0x0000000786600000| PB 0x0000000786600000| Untracked |  0
| 103|0x0000000786700000, 0x0000000786700000, 0x0000000786800000|  0%| F|  |TAMS 0x0000000786700000| PB 0x0000000786700000| Untracked |  0
| 104|0x0000000786800000, 0x0000000786800000, 0x0000000786900000|  0%| F|  |TAMS 0x0000000786800000| PB 0x0000000786800000| Untracked |  0
| 105|0x0000000786900000, 0x0000000786900000, 0x0000000786a00000|  0%| F|  |TAMS 0x0000000786900000| PB 0x0000000786900000| Untracked |  0
| 106|0x0000000786a00000, 0x0000000786a00000, 0x0000000786b00000|  0%| F|  |TAMS 0x0000000786a00000| PB 0x0000000786a00000| Untracked |  0
| 107|0x0000000786b00000, 0x0000000786b00000, 0x0000000786c00000|  0%| F|  |TAMS 0x0000000786b00000| PB 0x0000000786b00000| Untracked |  0
| 108|0x0000000786c00000, 0x0000000786c84010, 0x0000000786d00000| 51%| E|  |TAMS 0x0000000786c00000| PB 0x0000000786c00000| Complete |  0
| 109|0x0000000786d00000, 0x0000000786e00000, 0x0000000786e00000|100%| E|CS|TAMS 0x0000000786d00000| PB 0x0000000786d00000| Complete |  0
| 110|0x0000000786e00000, 0x0000000786f00000, 0x0000000786f00000|100%| E|CS|TAMS 0x0000000786e00000| PB 0x0000000786e00000| Complete |  0
| 111|0x0000000786f00000, 0x0000000787000000, 0x0000000787000000|100%| E|CS|TAMS 0x0000000786f00000| PB 0x0000000786f00000| Complete |  0
| 112|0x0000000787000000, 0x0000000787100000, 0x0000000787100000|100%| E|CS|TAMS 0x0000000787000000| PB 0x0000000787000000| Complete |  0
| 113|0x0000000787100000, 0x0000000787200000, 0x0000000787200000|100%| E|CS|TAMS 0x0000000787100000| PB 0x0000000787100000| Complete |  0
| 114|0x0000000787200000, 0x0000000787300000, 0x0000000787300000|100%| E|CS|TAMS 0x0000000787200000| PB 0x0000000787200000| Complete |  0
| 115|0x0000000787300000, 0x0000000787400000, 0x0000000787400000|100%| E|CS|TAMS 0x0000000787300000| PB 0x0000000787300000| Complete |  0
| 116|0x0000000787400000, 0x0000000787500000, 0x0000000787500000|100%| E|CS|TAMS 0x0000000787400000| PB 0x0000000787400000| Complete |  0
| 117|0x0000000787500000, 0x0000000787600000, 0x0000000787600000|100%| E|CS|TAMS 0x0000000787500000| PB 0x0000000787500000| Complete |  0
| 118|0x0000000787600000, 0x0000000787700000, 0x0000000787700000|100%| E|CS|TAMS 0x0000000787600000| PB 0x0000000787600000| Complete |  0
| 119|0x0000000787700000, 0x0000000787800000, 0x0000000787800000|100%| E|CS|TAMS 0x0000000787700000| PB 0x0000000787700000| Complete |  0
| 120|0x0000000787800000, 0x0000000787900000, 0x0000000787900000|100%| E|CS|TAMS 0x0000000787800000| PB 0x0000000787800000| Complete |  0
| 121|0x0000000787900000, 0x0000000787a00000, 0x0000000787a00000|100%| E|CS|TAMS 0x0000000787900000| PB 0x0000000787900000| Complete |  0
| 122|0x0000000787a00000, 0x0000000787b00000, 0x0000000787b00000|100%| E|CS|TAMS 0x0000000787a00000| PB 0x0000000787a00000| Complete |  0
| 123|0x0000000787b00000, 0x0000000787c00000, 0x0000000787c00000|100%| E|CS|TAMS 0x0000000787b00000| PB 0x0000000787b00000| Complete |  0
| 124|0x0000000787c00000, 0x0000000787d00000, 0x0000000787d00000|100%| E|CS|TAMS 0x0000000787c00000| PB 0x0000000787c00000| Complete |  0
| 125|0x0000000787d00000, 0x0000000787e00000, 0x0000000787e00000|100%| E|CS|TAMS 0x0000000787d00000| PB 0x0000000787d00000| Complete |  0
| 126|0x0000000787e00000, 0x0000000787f00000, 0x0000000787f00000|100%| E|CS|TAMS 0x0000000787e00000| PB 0x0000000787e00000| Complete |  0
| 127|0x0000000787f00000, 0x0000000788000000, 0x0000000788000000|100%| E|CS|TAMS 0x0000000787f00000| PB 0x0000000787f00000| Complete |  0
|2046|0x00000007ffe00000, 0x00000007fff00000, 0x00000007fff00000|100%| O|  |TAMS 0x00000007ffe00000| PB 0x00000007ffe00000| Untracked |  0
|2047|0x00000007fff00000, 0x00000007fff1f8b0, 0x0000000800000000| 12%| O|  |TAMS 0x00000007fff00000| PB 0x00000007fff00000| Untracked |  0

Card table byte_map: [0x000000010b472000,0x000000010b872000] _byte_map_base: 0x0000000107872000

Marking Bits: (CMBitMap*) 0x00007f995e825210
 Bits: [0x00000001245c4000, 0x00000001265c4000)

Polling page: 0x0000000109214000

Metaspace:
Metaspace        used 6255K, committed 6464K, reserved 1114112K
 class space     used 815K, committed 896K, reserved 1048576K

Usage:
  Non-class:      5.31 MB used.
      Class:    815.30 KB used.
       Both:      6.11 MB used.

Virtual space:
  Non-class space:       64.00 MB reserved,       5.44 MB (  8%) committed,  1 nodes.
      Class space:        1.00 GB reserved,     896.00 KB ( <1%) committed,  1 nodes.
             Both:        1.06 GB reserved,       6.31 MB ( <1%) committed. 

Chunk freelists:
   Non-Class:  10.28 MB
       Class:  15.04 MB
        Both:  25.32 MB

MaxMetaspaceSize: unlimited
CompressedClassSpaceSize: 1.00 GB
Initial GC threshold: 21.00 MB
Current GC threshold: 21.00 MB
CDS: on
 - commit_granule_bytes: 65536.
 - commit_granule_words: 8192.
 - virtual_space_node_default_size: 8388608.
 - enlarge_chunks_in_place: 1.
UseCompressedClassPointers 1, UseCompactObjectHeaders 0
Narrow klass pointer bits 32, Max shift 3
Narrow klass base: 0x0000000129000000, Narrow klass shift: 0
Encoding Range: [0x0000000129000000 - 0x0000000229000000), (4294967296 bytes)
Klass Range:    [0x0000000129004000 - 0x000000016a000000), (1090502656 bytes)
Klass ID Range:  [16384 - 1090519033) (1090502649)
Protection zone: [0x0000000129000000 - 0x0000000129004000), (16384 bytes)


Internal statistics:

num_allocs_failed_limit: 0.
num_arena_births: 96.
num_arena_deaths: 0.
num_vsnodes_births: 2.
num_vsnodes_deaths: 0.
num_space_committed: 101.
num_space_uncommitted: 0.
num_chunks_returned_to_freelist: 0.
num_chunks_taken_from_freelist: 219.
num_chunk_merges: 0.
num_chunk_splits: 135.
num_chunks_enlarged: 92.
num_inconsistent_stats: 0.

CodeHeap 'non-profiled nmethods': size=120036Kb used=351Kb max_used=351Kb free=119684Kb
 bounds [0x000000011d08b000, 0x000000011d2fb000, 0x00000001245c4000]
CodeHeap 'profiled nmethods': size=120028Kb used=1739Kb max_used=1739Kb free=118289Kb
 bounds [0x00000001155c4000, 0x0000000115834000, 0x000000011cafb000]
CodeHeap 'non-nmethods': size=5696Kb used=1438Kb max_used=1461Kb free=4258Kb
 bounds [0x000000011cafb000, 0x000000011cd6b000, 0x000000011d08b000]
CodeCache: size=245760Kb, used=3528Kb, max_used=3551Kb, free=242231Kb
 total_blobs=1764, nmethods=1255, adapters=414, full_count=0
Compilation: enabled, stopped_count=0, restarted_count=0

Compilation events (20 events):
Event: 2.590 Thread 0x00007f995f012400 1242       3       java.nio.Buffer::remaining (20 bytes)
Event: 2.590 Thread 0x00007f995f012400 nmethod 1242 0x0000000115773808 code [0x0000000115773900, 0x0000000115773a70]
Event: 2.654 Thread 0x00007f995f012400 1243       3       jdk.internal.misc.Unsafe::checkSize (32 bytes)
Event: 2.655 Thread 0x00007f995f012400 nmethod 1243 0x0000000115773b08 code [0x0000000115773c00, 0x0000000115773e68]
Event: 2.655 Thread 0x00007f995f012400 1244       3       org.plovdev.audioengine.effects.OverdriveEffect::process (155 bytes)
Event: 2.656 Thread 0x00007f995f012400 nmethod 1244 0x0000000115773e88 code [0x0000000115773f80, 0x0000000115775268]
Event: 2.718 Thread 0x00007f995f012400 1245       3       jdk.internal.misc.Unsafe::getAndAddLong (27 bytes)
Event: 2.718 Thread 0x00007f995f012400 nmethod 1245 0x0000000115775288 code [0x0000000115775380, 0x0000000115775638]
Event: 2.719 Thread 0x00007f995f012400 1246       3       jdk.internal.misc.Unsafe::weakCompareAndSetLong (11 bytes)
Event: 2.719 Thread 0x00007f995f012400 nmethod 1246 0x0000000115775688 code [0x0000000115775780, 0x00000001157758a0]
Event: 2.719 Thread 0x00007f995f012400 1247       3       java.nio.Buffer::limit (65 bytes)
Event: 2.719 Thread 0x00007f995f012400 nmethod 1247 0x0000000115775988 code [0x0000000115775a80, 0x0000000115775cf0]
Event: 2.782 Thread 0x00007f995f012400 1249       1       java.util.concurrent.atomic.AtomicLong::get (5 bytes)
Event: 2.782 Thread 0x00007f995f012400 nmethod 1249 0x000000011d0e2608 code [0x000000011d0e2700, 0x000000011d0e27c8]
Event: 2.782 Thread 0x00007f995f012400 1253       3       java.nio.ByteBuffer::limit (8 bytes)
Event: 2.783 Thread 0x00007f995f012400 nmethod 1253 0x0000000115775d08 code [0x0000000115775e00, 0x0000000115775f48]
Event: 2.974 Thread 0x00007f995f012400 1254       3       jdk.internal.misc.Unsafe::checkPrimitivePointer (19 bytes)
Event: 2.974 Thread 0x00007f9960825e00 1256       4       org.plovdev.audioengine.effects.OverdriveEffect::readSample (224 bytes)
Event: 2.975 Thread 0x00007f995f012400 nmethod 1254 0x0000000115776008 code [0x0000000115776100, 0x0000000115776778]
Event: 2.975 Thread 0x00007f995f012400 1255       3       jdk.internal.misc.Unsafe::checkPointer (19 bytes)

GC Heap Usage History (0 events):
No events

Metaspace Usage History (0 events):
No events

Dll operation events (10 events):
Event: 0.025 Loaded shared library /Users/mac/Library/Java/JavaVirtualMachines/openjdk-25-patched/Contents/Home/lib/libjava.dylib
Event: 0.181 Loaded shared library /Users/mac/Library/Java/JavaVirtualMachines/openjdk-25-patched/Contents/Home/lib/libzip.dylib
Event: 0.186 Loaded shared library /Users/mac/Library/Java/JavaVirtualMachines/openjdk-25-patched/Contents/Home/lib/libinstrument.dylib
Event: 0.228 Loaded shared library /Users/mac/Library/Java/JavaVirtualMachines/openjdk-25-patched/Contents/Home/lib/libnio.dylib
Event: 0.243 Loaded shared library /Users/mac/Library/Java/JavaVirtualMachines/openjdk-25-patched/Contents/Home/lib/libzip.dylib
Event: 0.294 Loaded shared library /Users/mac/Library/Java/JavaVirtualMachines/openjdk-25-patched/Contents/Home/lib/libnet.dylib
Event: 0.330 Loaded shared library /Users/mac/Library/Java/JavaVirtualMachines/openjdk-25-patched/Contents/Home/lib/libextnet.dylib
Event: 0.333 Loaded shared library /Users/mac/Library/Java/JavaVirtualMachines/openjdk-25-patched/Contents/Home/lib/libjimage.dylib
Event: 1.023 Loaded shared library /Users/mac/Library/Java/JavaVirtualMachines/openjdk-25-patched/Contents/Home/lib/libprefs.dylib
Event: 1.814 Loaded shared library /private/var/folders/57/xgqcb4yj1_958k83lyr82lrw0000gn/T/audiosnd_17398797588876542917audio-snd.dylib

Deoptimization events (20 events):
Event: 1.818 Thread 0x00007f995f008200 Uncommon trap: trap_request=0xffffffc6 fr.pc=0x000000011d0d54e4 relative=0x00000000000009e4
Event: 1.818 Thread 0x00007f995f008200 Uncommon trap: reason=bimorphic_or_optimized_type_check action=maybe_recompile pc=0x000000011d0d54e4 method=java.util.HashMap.putVal(ILjava/lang/Object;Ljava/lang/Object;ZZ)Ljava/lang/Object; @ 56 c2
Event: 1.818 Thread 0x00007f995f008200 DEOPT PACKING pc=0x000000011d0d54e4 sp=0x0000700002214e20
Event: 1.818 Thread 0x00007f995f008200 DEOPT UNPACKING pc=0x000000011cc14479 sp=0x0000700002214d40 mode 2
Event: 1.929 Thread 0x00007f995f008200 Uncommon trap: trap_request=0xffffffc6 fr.pc=0x000000011d0d54e4 relative=0x00000000000009e4
Event: 1.929 Thread 0x00007f995f008200 Uncommon trap: reason=bimorphic_or_optimized_type_check action=maybe_recompile pc=0x000000011d0d54e4 method=java.util.HashMap.putVal(ILjava/lang/Object;Ljava/lang/Object;ZZ)Ljava/lang/Object; @ 56 c2
Event: 1.929 Thread 0x00007f995f008200 DEOPT PACKING pc=0x000000011d0d54e4 sp=0x0000700002214fd0
Event: 1.929 Thread 0x00007f995f008200 DEOPT UNPACKING pc=0x000000011cc14479 sp=0x0000700002214ef0 mode 2
Event: 1.931 Thread 0x00007f995f008200 Uncommon trap: trap_request=0xffffffc6 fr.pc=0x000000011d0d54e4 relative=0x00000000000009e4
Event: 1.931 Thread 0x00007f995f008200 Uncommon trap: reason=bimorphic_or_optimized_type_check action=maybe_recompile pc=0x000000011d0d54e4 method=java.util.HashMap.putVal(ILjava/lang/Object;Ljava/lang/Object;ZZ)Ljava/lang/Object; @ 56 c2
Event: 1.931 Thread 0x00007f995f008200 DEOPT PACKING pc=0x000000011d0d54e4 sp=0x0000700002214fc0
Event: 1.931 Thread 0x00007f995f008200 DEOPT UNPACKING pc=0x000000011cc14479 sp=0x0000700002214ee0 mode 2
Event: 1.945 Thread 0x00007f995f008200 Uncommon trap: trap_request=0xffffffc6 fr.pc=0x000000011d0d54e4 relative=0x00000000000009e4
Event: 1.945 Thread 0x00007f995f008200 Uncommon trap: reason=bimorphic_or_optimized_type_check action=maybe_recompile pc=0x000000011d0d54e4 method=java.util.HashMap.putVal(ILjava/lang/Object;Ljava/lang/Object;ZZ)Ljava/lang/Object; @ 56 c2
Event: 1.945 Thread 0x00007f995f008200 DEOPT PACKING pc=0x000000011d0d54e4 sp=0x0000700002215050
Event: 1.945 Thread 0x00007f995f008200 DEOPT UNPACKING pc=0x000000011cc14479 sp=0x0000700002214f70 mode 2
Event: 2.270 Thread 0x00007f995f008200 Uncommon trap: trap_request=0xffffff54 fr.pc=0x000000011d0e156c relative=0x000000000000006c
Event: 2.270 Thread 0x00007f995f008200 Uncommon trap: reason=speculate_null_check action=make_not_entrant pc=0x000000011d0e156c method=jdk.internal.misc.Unsafe.getShortUnaligned(Ljava/lang/Object;JZ)S @ 5 c2
Event: 2.270 Thread 0x00007f995f008200 DEOPT PACKING pc=0x000000011d0e156c sp=0x00007000022157a0
Event: 2.270 Thread 0x00007f995f008200 DEOPT UNPACKING pc=0x000000011cc14479 sp=0x0000700002215718 mode 2

Classes loaded (20 events):
Event: 1.816 Loading class java/lang/Thread$Builder
Event: 1.816 Loading class java/lang/Thread$Builder done
Event: 1.816 Loading class java/lang/Thread$Builder$OfVirtual done
Event: 1.816 Loading class java/lang/ThreadBuilders$BaseThreadBuilder
Event: 1.816 Loading class java/lang/ThreadBuilders$BaseThreadBuilder done
Event: 1.816 Loading class java/lang/ThreadBuilders$VirtualThreadBuilder done
Event: 1.816 Loading class java/lang/ThreadBuilders$VirtualThreadFactory
Event: 1.816 Loading class java/lang/ThreadBuilders$BaseThreadFactory
Event: 1.817 Loading class java/lang/ThreadBuilders$BaseThreadFactory done
Event: 1.817 Loading class java/lang/ThreadBuilders$VirtualThreadFactory done
Event: 1.817 Loading class java/util/concurrent/ThreadPerTaskExecutor
Event: 1.817 Loading class java/util/concurrent/ThreadPerTaskExecutor done
Event: 1.817 Loading class java/util/concurrent/CountDownLatch$Sync
Event: 1.817 Loading class java/util/concurrent/CountDownLatch$Sync done
Event: 1.878 Loading class java/util/NoSuchElementException
Event: 1.878 Loading class java/util/NoSuchElementException done
Event: 1.880 Loading class java/lang/MatchException
Event: 1.880 Loading class java/lang/MatchException done
Event: 1.945 Loading class java/nio/DirectByteBuffer$Deallocator
Event: 1.945 Loading class java/nio/DirectByteBuffer$Deallocator done

Classes unloaded (0 events):
No events

Classes redefined (0 events):
No events

Internal exceptions (15 events):
Event: 0.270 Thread 0x00007f995f008200 Exception <a 'java/lang/NoSuchMethodError'{0x0000000787d69150}: 'void java.lang.invoke.DirectMethodHandle$Holder.invokeStatic(java.lang.Object, java.lang.Object, java.lang.Object)'> (0x0000000787d69150) 
thrown [open/src/hotspot/share/interpreter/linkResolver.cpp, line 804]
Event: 0.283 Thread 0x00007f995f008200 Exception <a 'java/lang/NoSuchMethodError'{0x0000000787d9e870}: 'java.lang.Object java.lang.invoke.Invokers$Holder.invokeExact_MT(java.lang.Object, java.lang.Object, java.lang.Object, java.lang.Object, java.lang.Object)'> (0x0000000787d9e870) 
thrown [open/src/hotspot/share/interpreter/linkResolver.cpp, line 804]
Event: 0.327 Thread 0x00007f995f816400 Exception <a 'java/lang/NoSuchMethodError'{0x0000000787c0d648}: 'java.lang.Object java.lang.invoke.DirectMethodHandle$Holder.invokeStaticInit(java.lang.Object)'> (0x0000000787c0d648) 
thrown [open/src/hotspot/share/interpreter/linkResolver.cpp, line 804]
Event: 0.349 Thread 0x00007f995f816400 Exception <a 'java/lang/NoSuchMethodError'{0x0000000787c18450}: 'void java.lang.invoke.DirectMethodHandle$Holder.invokeStatic(java.lang.Object, java.lang.Object)'> (0x0000000787c18450) 
thrown [open/src/hotspot/share/interpreter/linkResolver.cpp, line 804]
Event: 0.476 Thread 0x00007f995f008200 Exception <a 'java/lang/NoSuchMethodError'{0x0000000787a23660}: 'java.lang.Object java.lang.invoke.DirectMethodHandle$Holder.invokeInterface(java.lang.Object, java.lang.Object)'> (0x0000000787a23660) 
thrown [open/src/hotspot/share/interpreter/linkResolver.cpp, line 804]
Event: 0.607 Thread 0x00007f995f008200 Exception <a 'java/lang/NoSuchMethodError'{0x0000000787895b08}: 'void java.lang.invoke.DirectMethodHandle$Holder.invokeSpecialIFC(java.lang.Object, java.lang.Object, java.lang.Object, java.lang.Object, java.lang.Object)'> (0x0000000787895b08) 
thrown [open/src/hotspot/share/interpreter/linkResolver.cpp, line 804]
Event: 0.611 Thread 0x00007f995f008200 Exception <a 'java/lang/NoSuchMethodError'{0x00000007878a6b50}: 'void java.lang.invoke.DirectMethodHandle$Holder.invokeStatic(java.lang.Object, java.lang.Object, java.lang.Object, java.lang.Object)'> (0x00000007878a6b50) 
thrown [open/src/hotspot/share/interpreter/linkResolver.cpp, line 804]
Event: 0.653 Thread 0x00007f995f008200 Exception <a 'java/lang/NoSuchMethodError'{0x00000007877b0760}: 'java.lang.Object java.lang.invoke.DirectMethodHandle$Holder.invokeStaticInit(java.lang.Object, java.lang.Object, java.lang.Object)'> (0x00000007877b0760) 
thrown [open/src/hotspot/share/interpreter/linkResolver.cpp, line 804]
Event: 0.716 Thread 0x00007f995f008200 Exception <a 'java/lang/NoSuchMethodError'{0x000000078754e9b8}: 'void java.lang.invoke.DirectMethodHandle$Holder.invokeSpecial(java.lang.Object, java.lang.Object, java.lang.Object)'> (0x000000078754e9b8) 
thrown [open/src/hotspot/share/interpreter/linkResolver.cpp, line 804]
Event: 0.775 Thread 0x00007f995f008200 Exception <a 'java/lang/NoSuchMethodError'{0x00000007874be618}: 'int java.lang.invoke.DirectMethodHandle$Holder.invokeVirtual(java.lang.Object, java.lang.Object, java.lang.Object, java.lang.Object)'> (0x00000007874be618) 
thrown [open/src/hotspot/share/interpreter/linkResolver.cpp, line 804]
Event: 0.982 Thread 0x00007f995f008200 Exception <a 'java/lang/NoSuchMethodError'{0x0000000786f5bf48}: 'java.lang.Object java.lang.invoke.DelegatingMethodHandle$Holder.reinvoke_L(java.lang.Object, java.lang.Object, java.lang.Object, long, java.lang.Object)'> (0x0000000786f5bf48) 
thrown [open/src/hotspot/share/interpreter/linkResolver.cpp, line 804]
Event: 0.984 Thread 0x00007f995f008200 Exception <a 'java/lang/NoSuchMethodError'{0x0000000786f6c5a0}: 'java.lang.Object java.lang.invoke.Invokers$Holder.linkToTargetMethod(java.lang.Object, long, java.lang.Object, java.lang.Object)'> (0x0000000786f6c5a0) 
thrown [open/src/hotspot/share/interpreter/linkResolver.cpp, line 804]
Event: 0.998 Thread 0x00007f995f008200 Exception <a 'java/lang/NoSuchMethodError'{0x0000000786f966b8}: 'void java.lang.invoke.DirectMethodHandle$Holder.invokeStaticInit(java.lang.Object, java.lang.Object, java.lang.Object)'> (0x0000000786f966b8) 
thrown [open/src/hotspot/share/interpreter/linkResolver.cpp, line 804]
Event: 1.002 Thread 0x00007f995f008200 Exception <a 'java/lang/NoSuchMethodError'{0x0000000786fa8988}: 'int java.lang.invoke.DirectMethodHandle$Holder.invokeStaticInit(java.lang.Object, java.lang.Object)'> (0x0000000786fa8988) 
thrown [open/src/hotspot/share/interpreter/linkResolver.cpp, line 804]
Event: 1.004 Thread 0x00007f995f008200 Exception <a 'java/lang/NoSuchMethodError'{0x0000000786fb7bd8}: 'void java.lang.invoke.DirectMethodHandle$Holder.invokeStaticInit(java.lang.Object)'> (0x0000000786fb7bd8) 
thrown [open/src/hotspot/share/interpreter/linkResolver.cpp, line 804]

VM Operations (14 events):
Event: 0.143 Executing non-safepoint VM operation: HandshakeAllThreads (Deoptimize)
Event: 0.143 Executing non-safepoint VM operation: HandshakeAllThreads (Deoptimize) done
Event: 0.725 Executing non-safepoint VM operation: HandshakeAllThreads (Deoptimize)
Event: 0.725 Executing non-safepoint VM operation: HandshakeAllThreads (Deoptimize) done
Event: 0.901 Executing non-safepoint VM operation: HandshakeAllThreads (Deoptimize)
Event: 0.901 Executing non-safepoint VM operation: HandshakeAllThreads (Deoptimize) done
Event: 0.906 Executing non-safepoint VM operation: HandshakeAllThreads (Deoptimize)
Event: 0.907 Executing non-safepoint VM operation: HandshakeAllThreads (Deoptimize) done
Event: 0.907 Executing non-safepoint VM operation: HandshakeAllThreads (Deoptimize)
Event: 0.907 Executing non-safepoint VM operation: HandshakeAllThreads (Deoptimize) done
Event: 0.927 Executing non-safepoint VM operation: HandshakeAllThreads (Deoptimize)
Event: 0.927 Executing non-safepoint VM operation: HandshakeAllThreads (Deoptimize) done
Event: 1.021 Executing non-safepoint VM operation: HandshakeAllThreads (Deoptimize)
Event: 1.021 Executing non-safepoint VM operation: HandshakeAllThreads (Deoptimize) done

Memory protections (16 events):
Event: 0.023 Protecting memory [0x0000700002116000,0x000070000211a000] with protection modes 0
Event: 0.044 Protecting memory [0x0000000129000000,0x0000000129004000] with protection modes 0
Event: 0.082 Protecting memory [0x0000700002a34000,0x0000700002a38000] with protection modes 0
Event: 0.082 Protecting memory [0x0000700002b37000,0x0000700002b3b000] with protection modes 0
Event: 0.084 Protecting memory [0x0000700002c3a000,0x0000700002c3e000] with protection modes 0
Event: 0.084 Protecting memory [0x0000700002d3d000,0x0000700002d41000] with protection modes 0
Event: 0.085 Protecting memory [0x0000700002e40000,0x0000700002e44000] with protection modes 0
Event: 0.085 Protecting memory [0x0000700002f43000,0x0000700002f47000] with protection modes 0
Event: 0.086 Protecting memory [0x0000700003046000,0x000070000304a000] with protection modes 0
Event: 0.224 Protecting memory [0x0000700003149000,0x000070000314d000] with protection modes 0
Event: 0.290 Protecting memory [0x000070000324c000,0x0000700003250000] with protection modes 0
Event: 0.291 Protecting memory [0x000070000334f000,0x0000700003353000] with protection modes 0
Event: 1.005 Protecting memory [0x0000700003452000,0x0000700003456000] with protection modes 0
Event: 1.012 Protecting memory [0x0000700003555000,0x0000700003559000] with protection modes 0
Event: 1.027 Protecting memory [0x0000700003658000,0x000070000365c000] with protection modes 0
Event: 1.043 Protecting memory [0x000070000375b000,0x000070000375f000] with protection modes 0

Nmethod flushes (0 events):
No events

Events (15 events):
Event: 0.051 Thread 0x00007f995f008200 Thread added: 0x00007f995f008200
Event: 0.082 Thread 0x00007f995f008200 Thread added: 0x00007f9960822c00
Event: 0.082 Thread 0x00007f995f008200 Thread added: 0x00007f995e858200
Event: 0.083 Thread 0x00007f995f008200 Thread added: 0x00007f995e85b600
Event: 0.084 Thread 0x00007f995f008200 Thread added: 0x00007f995e85be00
Event: 0.085 Thread 0x00007f995f008200 Thread added: 0x00007f995e85c600
Event: 0.085 Thread 0x00007f995f008200 Thread added: 0x00007f9960825e00
Event: 0.085 Thread 0x00007f995f008200 Thread added: 0x00007f995f012400
Event: 0.224 Thread 0x00007f995f008200 Thread added: 0x00007f9960823400
Event: 0.290 Thread 0x00007f995f008200 Thread added: 0x00007f995f816400
Event: 0.291 Thread 0x00007f995f008200 Thread added: 0x00007f995e8ed600
Event: 1.005 Thread 0x00007f995f008200 Thread added: 0x00007f9960a5ae00
Event: 1.012 Thread 0x00007f995f008200 Thread added: 0x00007f995f2b0200
Event: 1.027 Thread 0x00007f995f008200 Thread added: 0x00007f9960a5c000
Event: 1.043 Thread 0x00007f995f2b0200 Thread added: 0x00007f995f865800


Dynamic libraries:
0x00000001091e3000 	/Users/mac/Library/Java/JavaVirtualMachines/openjdk-25-patched/Contents/Home/lib/libjli.dylib
0x00007fff6b571000 	/usr/lib/libSystem.B.dylib
0x00007fff6db3d000 	/usr/lib/libz.1.dylib
0x00007fff32aab000 	/System/Library/Frameworks/ApplicationServices.framework/Versions/A/ApplicationServices
0x00007fff33b45000 	/System/Library/Frameworks/Cocoa.framework/Versions/A/Cocoa
0x00007fff411ac000 	/System/Library/Frameworks/Security.framework/Versions/A/Security
0x00007fff349f8000 	/System/Library/Frameworks/CoreFoundation.framework/Versions/A/CoreFoundation
0x00007fff370dd000 	/System/Library/Frameworks/Foundation.framework/Versions/C/Foundation
0x00007fff6d46a000 	/usr/lib/libobjc.A.dylib
0x00007fff6e3fe000 	/usr/lib/system/libcache.dylib
0x00007fff6e404000 	/usr/lib/system/libcommonCrypto.dylib
0x00007fff6e410000 	/usr/lib/system/libcompiler_rt.dylib
0x00007fff6e418000 	/usr/lib/system/libcopyfile.dylib
0x00007fff6e422000 	/usr/lib/system/libcorecrypto.dylib
0x00007fff6e5c1000 	/usr/lib/system/libdispatch.dylib
0x00007fff6e602000 	/usr/lib/system/libdyld.dylib
0x00007fff6e639000 	/usr/lib/system/libkeymgr.dylib
0x00007fff6e647000 	/usr/lib/system/liblaunch.dylib
0x00007fff6e648000 	/usr/lib/system/libmacho.dylib
0x00007fff6e64e000 	/usr/lib/system/libquarantine.dylib
0x00007fff6e651000 	/usr/lib/system/libremovefile.dylib
0x00007fff6e653000 	/usr/lib/system/libsystem_asl.dylib
0x00007fff6e66b000 	/usr/lib/system/libsystem_blocks.dylib
0x00007fff6e66c000 	/usr/lib/system/libsystem_c.dylib
0x00007fff6e6f4000 	/usr/lib/system/libsystem_configuration.dylib
0x00007fff6e6f8000 	/usr/lib/system/libsystem_coreservices.dylib
0x00007fff6e6fc000 	/usr/lib/system/libsystem_darwin.dylib
0x00007fff6e705000 	/usr/lib/system/libsystem_dnssd.dylib
0x00007fff6e70d000 	/usr/lib/system/libsystem_featureflags.dylib
0x00007fff6e70f000 	/usr/lib/system/libsystem_info.dylib
0x00007fff6e78a000 	/usr/lib/system/libsystem_m.dylib
0x00007fff6e7d6000 	/usr/lib/system/libsystem_malloc.dylib
0x00007fff6e7fe000 	/usr/lib/system/libsystem_networkextension.dylib
0x00007fff6e80c000 	/usr/lib/system/libsystem_notify.dylib
0x00007fff6e82a000 	/usr/lib/system/libsystem_sandbox.dylib
0x00007fff6e82f000 	/usr/lib/system/libsystem_secinit.dylib
0x00007fff6e75d000 	/usr/lib/system/libsystem_kernel.dylib
0x00007fff6e816000 	/usr/lib/system/libsystem_platform.dylib
0x00007fff6e81f000 	/usr/lib/system/libsystem_pthread.dylib
0x00007fff6e832000 	/usr/lib/system/libsystem_symptoms.dylib
0x00007fff6e83a000 	/usr/lib/system/libsystem_trace.dylib
0x00007fff6e852000 	/usr/lib/system/libunwind.dylib
0x00007fff6e858000 	/usr/lib/system/libxpc.dylib
0x00007fff6b940000 	/usr/lib/libc++abi.dylib
0x00007fff6b8ed000 	/usr/lib/libc++.1.dylib
0x00007fff34e7a000 	/System/Library/Frameworks/CoreGraphics.framework/Versions/A/CoreGraphics
0x00007fff36879000 	/System/Library/Frameworks/CoreText.framework/Versions/A/CoreText
0x00007fff3794c000 	/System/Library/Frameworks/ImageIO.framework/Versions/A/ImageIO
0x00007fff33b53000 	/System/Library/Frameworks/ColorSync.framework/Versions/A/ColorSync
0x00007fff32aac000 	/System/Library/Frameworks/ApplicationServices.framework/Versions/A/Frameworks/ATS.framework/Versions/A/ATS
0x00007fff32c79000 	/System/Library/Frameworks/ApplicationServices.framework/Versions/A/Frameworks/ColorSyncLegacy.framework/Versions/A/ColorSyncLegacy
0x00007fff35e05000 	/System/Library/Frameworks/CoreServices.framework/Versions/A/CoreServices
0x00007fff32d17000 	/System/Library/Frameworks/ApplicationServices.framework/Versions/A/Frameworks/HIServices.framework/Versions/A/HIServices
0x00007fff32d6f000 	/System/Library/Frameworks/ApplicationServices.framework/Versions/A/Frameworks/LangAnalysis.framework/Versions/A/LangAnalysis
0x00007fff32d7e000 	/System/Library/Frameworks/ApplicationServices.framework/Versions/A/Frameworks/PrintCore.framework/Versions/A/PrintCore
0x00007fff32dc4000 	/System/Library/Frameworks/ApplicationServices.framework/Versions/A/Frameworks/QD.framework/Versions/A/QD
0x00007fff32dcf000 	/System/Library/Frameworks/ApplicationServices.framework/Versions/A/Frameworks/SpeechSynthesis.framework/Versions/A/SpeechSynthesis
0x00007fff639bc000 	/System/Library/PrivateFrameworks/SkyLight.framework/Versions/A/SkyLight
0x00007fff50e49000 	/System/Library/PrivateFrameworks/FontServices.framework/libFontParser.dylib
0x00007fff3060c000 	/System/Library/Frameworks/Accelerate.framework/Versions/A/Accelerate
0x00007fff378bc000 	/System/Library/Frameworks/IOSurface.framework/Versions/A/IOSurface
0x00007fff6da2e000 	/usr/lib/libxml2.2.dylib
0x00007fff33257000 	/System/Library/Frameworks/CFNetwork.framework/Versions/A/CFNetwork
0x00007fff674b0000 	/System/Library/PrivateFrameworks/WatchdogClient.framework/Versions/A/WatchdogClient
0x00007fff6b969000 	/usr/lib/libcompression.dylib
0x00007fff6b09b000 	/usr/lib/libDiagnosticMessagesClient.dylib
0x00007fff4225f000 	/System/Library/Frameworks/SystemConfiguration.framework/Versions/A/SystemConfiguration
0x00007fff348c5000 	/System/Library/Frameworks/CoreDisplay.framework/Versions/A/CoreDisplay
0x00007fff59435000 	/System/Library/PrivateFrameworks/IOAccelerator.framework/Versions/A/IOAccelerator
0x00007fff37816000 	/System/Library/Frameworks/IOKit.framework/Versions/A/IOKit
0x00007fff39f9c000 	/System/Library/Frameworks/Metal.framework/Versions/A/Metal
0x00007fff3a337000 	/System/Library/Frameworks/MetalPerformanceShaders.framework/Versions/A/MetalPerformanceShaders
0x00007fff5b839000 	/System/Library/PrivateFrameworks/MultitouchSupport.framework/Versions/A/MultitouchSupport
0x00007fff403a5000 	/System/Library/Frameworks/QuartzCore.framework/Versions/A/QuartzCore
0x00007fff6b8cf000 	/usr/lib/libbsm.0.dylib
0x00007fff6c747000 	/usr/lib/liblzma.5.dylib
0x00007fff6b809000 	/usr/lib/libauto.dylib
0x00007fff6c3c2000 	/usr/lib/libfakelink.dylib
0x00007fff36d9b000 	/System/Library/Frameworks/DiskArbitration.framework/Versions/A/DiskArbitration
0x00007fff6b663000 	/usr/lib/libarchive.2.dylib
0x00007fff6c4d4000 	/usr/lib/libicucore.A.dylib
0x00007fff6c745000 	/usr/lib/liblangid.dylib
0x00007fff6afce000 	/usr/lib/libCRFSuite.dylib
0x00007fff6c399000 	/usr/lib/libenergytrace.dylib
0x00007fff6e63a000 	/usr/lib/system/libkxld.dylib
0x00007fff48019000 	/System/Library/PrivateFrameworks/AppleFSCompression.framework/Versions/A/AppleFSCompression
0x00007fff6bc5b000 	/usr/lib/libcoretls.dylib
0x00007fff6bc72000 	/usr/lib/libcoretls_cfhelpers.dylib
0x00007fff6d4af000 	/usr/lib/libpam.2.dylib
0x00007fff6d5e4000 	/usr/lib/libsqlite3.dylib
0x00007fff6da1b000 	/usr/lib/libxar.1.dylib
0x00007fff6b8e0000 	/usr/lib/libbz2.1.0.dylib
0x00007fff6c3e3000 	/usr/lib/libiconv.2.dylib
0x00007fff6b956000 	/usr/lib/libcharset.1.dylib
0x00007fff6cf4d000 	/usr/lib/libnetwork.dylib
0x00007fff6d4b6000 	/usr/lib/libpcap.A.dylib
0x00007fff6b618000 	/usr/lib/libapple_nghttp2.dylib
0x00007fff361bc000 	/System/Library/Frameworks/CoreServices.framework/Versions/A/Frameworks/FSEvents.framework/Versions/A/FSEvents
0x00007fff35e8c000 	/System/Library/Frameworks/CoreServices.framework/Versions/A/Frameworks/CarbonCore.framework/Versions/A/CarbonCore
0x00007fff36401000 	/System/Library/Frameworks/CoreServices.framework/Versions/A/Frameworks/Metadata.framework/Versions/A/Metadata
0x00007fff3649a000 	/System/Library/Frameworks/CoreServices.framework/Versions/A/Frameworks/OSServices.framework/Versions/A/OSServices
0x00007fff364c8000 	/System/Library/Frameworks/CoreServices.framework/Versions/A/Frameworks/SearchKit.framework/Versions/A/SearchKit
0x00007fff35e06000 	/System/Library/Frameworks/CoreServices.framework/Versions/A/Frameworks/AE.framework/Versions/A/AE
0x00007fff361c5000 	/System/Library/Frameworks/CoreServices.framework/Versions/A/Frameworks/LaunchServices.framework/Versions/A/LaunchServices
0x00007fff3616e000 	/System/Library/Frameworks/CoreServices.framework/Versions/A/Frameworks/DictionaryServices.framework/Versions/A/DictionaryServices
0x00007fff36530000 	/System/Library/Frameworks/CoreServices.framework/Versions/A/Frameworks/SharedFileList.framework/Versions/A/SharedFileList
0x00007fff3b1f7000 	/System/Library/Frameworks/NetFS.framework/Versions/A/NetFS
0x00007fff5bd69000 	/System/Library/PrivateFrameworks/NetAuth.framework/Versions/A/NetAuth
0x00007fff684ae000 	/System/Library/PrivateFrameworks/login.framework/Versions/A/Frameworks/loginsupport.framework/Versions/A/loginsupport
0x00007fff65001000 	/System/Library/PrivateFrameworks/TCC.framework/Versions/A/TCC
0x00007fff4cc4f000 	/System/Library/PrivateFrameworks/CoreNLP.framework/Versions/A/CoreNLP
0x00007fff5b266000 	/System/Library/PrivateFrameworks/MetadataUtilities.framework/Versions/A/MetadataUtilities
0x00007fff6c81f000 	/usr/lib/libmecabra.dylib
0x00007fff6c777000 	/usr/lib/libmecab.dylib
0x00007fff6c3d3000 	/usr/lib/libgermantok.dylib
0x00007fff6b5ff000 	/usr/lib/libThaiTokenizer.dylib
0x00007fff6b005000 	/usr/lib/libChineseTokenizer.dylib
0x00007fff30625000 	/System/Library/Frameworks/Accelerate.framework/Versions/A/Frameworks/vImage.framework/Versions/A/vImage
0x00007fff31af3000 	/System/Library/Frameworks/Accelerate.framework/Versions/A/Frameworks/vecLib.framework/Versions/A/vecLib
0x00007fff31974000 	/System/Library/Frameworks/Accelerate.framework/Versions/A/Frameworks/vecLib.framework/Versions/A/libvMisc.dylib
0x00007fff317e1000 	/System/Library/Frameworks/Accelerate.framework/Versions/A/Frameworks/vecLib.framework/Versions/A/libvDSP.dylib
0x00007fff30ec1000 	/System/Library/Frameworks/Accelerate.framework/Versions/A/Frameworks/vecLib.framework/Versions/A/libBLAS.dylib
0x00007fff31399000 	/System/Library/Frameworks/Accelerate.framework/Versions/A/Frameworks/vecLib.framework/Versions/A/libLAPACK.dylib
0x00007fff31741000 	/System/Library/Frameworks/Accelerate.framework/Versions/A/Frameworks/vecLib.framework/Versions/A/libLinearAlgebra.dylib
0x00007fff317ce000 	/System/Library/Frameworks/Accelerate.framework/Versions/A/Frameworks/vecLib.framework/Versions/A/libSparseBLAS.dylib
0x00007fff31757000 	/System/Library/Frameworks/Accelerate.framework/Versions/A/Frameworks/vecLib.framework/Versions/A/libQuadrature.dylib
0x00007fff31057000 	/System/Library/Frameworks/Accelerate.framework/Versions/A/Frameworks/vecLib.framework/Versions/A/libBNNS.dylib
0x00007fff3175d000 	/System/Library/Frameworks/Accelerate.framework/Versions/A/Frameworks/vecLib.framework/Versions/A/libSparse.dylib
0x00007fff59dda000 	/System/Library/PrivateFrameworks/LanguageModeling.framework/Versions/A/LanguageModeling
0x00007fff4c5fe000 	/System/Library/PrivateFrameworks/CoreEmoji.framework/Versions/A/CoreEmoji
0x00007fff59ef8000 	/System/Library/PrivateFrameworks/LinguisticData.framework/Versions/A/LinguisticData
0x00007fff59ea9000 	/System/Library/PrivateFrameworks/Lexicon.framework/Versions/A/Lexicon
0x00007fff6b957000 	/usr/lib/libcmph.dylib
0x00007fff3dde6000 	/System/Library/Frameworks/OpenDirectory.framework/Versions/A/Frameworks/CFOpenDirectory.framework/Versions/A/CFOpenDirectory
0x00007fff3de03000 	/System/Library/Frameworks/OpenDirectory.framework/Versions/A/OpenDirectory
0x00007fff46249000 	/System/Library/PrivateFrameworks/APFS.framework/Versions/A/APFS
0x00007fff414f8000 	/System/Library/Frameworks/SecurityFoundation.framework/Versions/A/SecurityFoundation
0x00007fff6da17000 	/usr/lib/libutil.dylib
0x00007fff4db4a000 	/System/Library/PrivateFrameworks/CoreServicesStore.framework/Versions/A/CoreServicesStore
0x00007fff415af000 	/System/Library/Frameworks/ServiceManagement.framework/Versions/A/ServiceManagement
0x00007fff497eb000 	/System/Library/PrivateFrameworks/BackgroundTaskManagement.framework/Versions/A/BackgroundTaskManagement
0x00007fff6db14000 	/usr/lib/libxslt.1.dylib
0x00007fff55bc5000 	/System/Library/PrivateFrameworks/GPUWrangler.framework/Versions/A/GPUWrangler
0x00007fff5944a000 	/System/Library/PrivateFrameworks/IOPresentment.framework/Versions/A/IOPresentment
0x00007fff4e6ca000 	/System/Library/PrivateFrameworks/DSExternalDisplay.framework/Versions/A/DSExternalDisplay
0x00007fff3e777000 	/System/Library/Frameworks/OpenGL.framework/Versions/A/Libraries/libCoreFSCache.dylib
0x00007fff3a083000 	/System/Library/Frameworks/MetalPerformanceShaders.framework/Frameworks/MPSCore.framework/Versions/A/MPSCore
0x00007fff3a0c1000 	/System/Library/Frameworks/MetalPerformanceShaders.framework/Frameworks/MPSImage.framework/Versions/A/MPSImage
0x00007fff3a188000 	/System/Library/Frameworks/MetalPerformanceShaders.framework/Frameworks/MPSNeuralNetwork.framework/Versions/A/MPSNeuralNetwork
0x00007fff3a14c000 	/System/Library/Frameworks/MetalPerformanceShaders.framework/Frameworks/MPSMatrix.framework/Versions/A/MPSMatrix
0x00007fff3a2e7000 	/System/Library/Frameworks/MetalPerformanceShaders.framework/Frameworks/MPSRayIntersector.framework/Versions/A/MPSRayIntersector
0x00007fff3a172000 	/System/Library/Frameworks/MetalPerformanceShaders.framework/Frameworks/MPSNDArray.framework/Versions/A/MPSNDArray
0x00007fff5b2b3000 	/System/Library/PrivateFrameworks/MetalTools.framework/Versions/A/MetalTools
0x00007fff47423000 	/System/Library/PrivateFrameworks/AggregateDictionary.framework/Versions/A/AggregateDictionary
0x00007fff4c045000 	/System/Library/PrivateFrameworks/CoreAnalytics.framework/Versions/A/CoreAnalytics
0x00007fff485ab000 	/System/Library/PrivateFrameworks/AppleSauce.framework/Versions/A/AppleSauce
0x00007fff6b3df000 	/usr/lib/libMobileGestalt.dylib
0x00007fff4868d000 	/System/Library/PrivateFrameworks/AppleSystemInfo.framework/Versions/A/AppleSystemInfo
0x00007fff6b2c1000 	/usr/lib/libIOReport.dylib
0x00007fff35520000 	/System/Library/Frameworks/CoreImage.framework/Versions/A/CoreImage
0x00007fff36a32000 	/System/Library/Frameworks/CoreVideo.framework/Versions/A/CoreVideo
0x00007fff3f3d8000 	/System/Library/Frameworks/OpenGL.framework/Versions/A/OpenGL
0x00007fff5703e000 	/System/Library/PrivateFrameworks/GraphVisualizer.framework/Versions/A/GraphVisualizer
0x00007fff5038f000 	/System/Library/PrivateFrameworks/FaceCore.framework/Versions/A/FaceCore
0x00007fff3dd8d000 	/System/Library/Frameworks/OpenCL.framework/Versions/A/OpenCL
0x00007fff6b0e3000 	/usr/lib/libFosl_dynamic.dylib
0x00007fff5c78b000 	/System/Library/PrivateFrameworks/OTSVG.framework/Versions/A/OTSVG
0x00007fff32bb0000 	/System/Library/Frameworks/ApplicationServices.framework/Versions/A/Frameworks/ATS.framework/Versions/A/Resources/libFontRegistry.dylib
0x00007fff6b6d6000 	/usr/lib/libate.dylib
0x00007fff37b6b000 	/System/Library/Frameworks/ImageIO.framework/Versions/A/Resources/libJPEG.dylib
0x00007fff37e2a000 	/System/Library/Frameworks/ImageIO.framework/Versions/A/Resources/libTIFF.dylib
0x00007fff37e0d000 	/System/Library/Frameworks/ImageIO.framework/Versions/A/Resources/libPng.dylib
0x00007fff37aad000 	/System/Library/Frameworks/ImageIO.framework/Versions/A/Resources/libGIF.dylib
0x00007fff37ab1000 	/System/Library/Frameworks/ImageIO.framework/Versions/A/Resources/libJP2.dylib
0x00007fff37e28000 	/System/Library/Frameworks/ImageIO.framework/Versions/A/Resources/libRadiance.dylib
0x00007fff6c39a000 	/usr/lib/libexpat.1.dylib
0x00007fff48174000 	/System/Library/PrivateFrameworks/AppleJPEG.framework/Versions/A/AppleJPEG
0x00007fff51019000 	/System/Library/PrivateFrameworks/FontServices.framework/libhvf.dylib
0x00007fff3e782000 	/System/Library/Frameworks/OpenGL.framework/Versions/A/Libraries/libGFXShared.dylib
0x00007fff3e960000 	/System/Library/Frameworks/OpenGL.framework/Versions/A/Libraries/libGLU.dylib
0x00007fff3e78b000 	/System/Library/Frameworks/OpenGL.framework/Versions/A/Libraries/libGL.dylib
0x00007fff3e796000 	/System/Library/Frameworks/OpenGL.framework/Versions/A/Libraries/libGLImage.dylib
0x00007fff3e774000 	/System/Library/Frameworks/OpenGL.framework/Versions/A/Libraries/libCVMSPluginSupport.dylib
0x00007fff3e77d000 	/System/Library/Frameworks/OpenGL.framework/Versions/A/Libraries/libCoreVMClient.dylib
0x00007fff6cdee000 	/usr/lib/libncurses.5.4.dylib
0x00007fff32c49000 	/System/Library/Frameworks/ApplicationServices.framework/Versions/A/Frameworks/ATSUI.framework/Versions/A/ATSUI
0x00007fff6c230000 	/usr/lib/libcups.2.dylib
0x00007fff393d2000 	/System/Library/Frameworks/Kerberos.framework/Versions/A/Kerberos
0x00007fff3750f000 	/System/Library/Frameworks/GSS.framework/Versions/A/GSS
0x00007fff6d570000 	/usr/lib/libresolv.9.dylib
0x00007fff571eb000 	/System/Library/PrivateFrameworks/Heimdal.framework/Versions/A/Heimdal
0x00007fff393e5000 	/System/Library/Frameworks/Kerberos.framework/Versions/A/Libraries/libHeimdalProxy.dylib
0x00007fff6c3d9000 	/usr/lib/libheimdal-asn1.dylib
0x00007fff4b4dd000 	/System/Library/PrivateFrameworks/CommonAuth.framework/Versions/A/CommonAuth
0x00007fff33f34000 	/System/Library/Frameworks/CoreAudio.framework/Versions/A/CoreAudio
0x00007fff32ddd000 	/System/Library/Frameworks/AudioToolbox.framework/Versions/A/AudioToolbox
0x00007fff4872a000 	/System/Library/PrivateFrameworks/AssertionServices.framework/Versions/A/AssertionServices
0x00007fff492cd000 	/System/Library/PrivateFrameworks/AudioToolboxCore.framework/Versions/A/AudioToolboxCore
0x00007fff6815e000 	/System/Library/PrivateFrameworks/caulk.framework/Versions/A/caulk
0x00007fff49897000 	/System/Library/PrivateFrameworks/BaseBoard.framework/Versions/A/BaseBoard
0x00007fff609ee000 	/System/Library/PrivateFrameworks/RunningBoardServices.framework/Versions/A/RunningBoardServices
0x00007fff5d9ff000 	/System/Library/PrivateFrameworks/PersistentConnection.framework/Versions/A/PersistentConnection
0x00007fff603e7000 	/System/Library/PrivateFrameworks/ProtocolBuffer.framework/Versions/A/ProtocolBuffer
0x00007fff4b501000 	/System/Library/PrivateFrameworks/CommonUtilities.framework/Versions/A/CommonUtilities
0x00007fff49a25000 	/System/Library/PrivateFrameworks/Bom.framework/Versions/A/Bom
0x00007fff6af94000 	/usr/lib/libAudioToolboxUtility.dylib
0x00007fff31c9d000 	/System/Library/Frameworks/AppKit.framework/Versions/C/AppKit
0x00007fff344c9000 	/System/Library/Frameworks/CoreData.framework/Versions/A/CoreData
0x00007fff657cc000 	/System/Library/PrivateFrameworks/UIFoundation.framework/Versions/A/UIFoundation
0x00007fff60860000 	/System/Library/PrivateFrameworks/RemoteViewServices.framework/Versions/A/RemoteViewServices
0x00007fff680e1000 	/System/Library/PrivateFrameworks/XCTTargetBootstrap.framework/Versions/A/XCTTargetBootstrap
0x00007fff4e85d000 	/System/Library/PrivateFrameworks/DesktopServicesPriv.framework/Versions/A/DesktopServicesPriv
0x00007fff4daf2000 	/System/Library/PrivateFrameworks/CoreSVG.framework/Versions/A/CoreSVG
0x00007fff597e9000 	/System/Library/PrivateFrameworks/IconServices.framework/Versions/A/IconServices
0x00007fff4e6b7000 	/System/Library/PrivateFrameworks/DFRFoundation.framework/Versions/A/DFRFoundation
0x00007fff32ec0000 	/System/Library/Frameworks/AudioUnit.framework/Versions/A/AudioUnit
0x00007fff4e759000 	/System/Library/PrivateFrameworks/DataDetectorsCore.framework/Versions/A/DataDetectorsCore
0x00007fff33666000 	/System/Library/Frameworks/Carbon.framework/Versions/A/Frameworks/HIToolbox.framework/Versions/A/HIToolbox
0x00007fff339a5000 	/System/Library/Frameworks/Carbon.framework/Versions/A/Frameworks/SpeechRecognition.framework/Versions/A/SpeechRecognition
0x00007fff4e1cb000 	/System/Library/PrivateFrameworks/CoreUI.framework/Versions/A/CoreUI
0x00007fff5d9f3000 	/System/Library/PrivateFrameworks/PerformanceAnalysis.framework/Versions/A/PerformanceAnalysis
0x00007fff65536000 	/System/Library/PrivateFrameworks/TextureIO.framework/Versions/A/TextureIO
0x00007fff599f2000 	/System/Library/PrivateFrameworks/InternationalSupport.framework/Versions/A/InternationalSupport
0x00007fff497f5000 	/System/Library/PrivateFrameworks/Backup.framework/Versions/A/Backup
0x00007fff4e5eb000 	/System/Library/PrivateFrameworks/CrashReporterSupport.framework/Versions/A/CrashReporterSupport
0x00007fff62480000 	/System/Library/PrivateFrameworks/Sharing.framework/Versions/A/Sharing
0x00007fff47d37000 	/System/Library/PrivateFrameworks/Apple80211.framework/Versions/A/Apple80211
0x00007fff49512000 	/System/Library/PrivateFrameworks/AuthKit.framework/Versions/A/AuthKit
0x00007fff4e2f8000 	/System/Library/PrivateFrameworks/CoreUtils.framework/Versions/A/CoreUtils
0x00007fff36a77000 	/System/Library/Frameworks/CoreWLAN.framework/Versions/A/CoreWLAN
0x00007fff3769c000 	/System/Library/Frameworks/IOBluetooth.framework/Versions/A/IOBluetooth
0x00007fff5b5b8000 	/System/Library/PrivateFrameworks/MobileKeyBag.framework/Versions/A/MobileKeyBag
0x00007fff4d0e7000 	/System/Library/PrivateFrameworks/CorePhoneNumbers.framework/Versions/A/CorePhoneNumbers
0x00007fff48127000 	/System/Library/PrivateFrameworks/AppleIDAuthSupport.framework/Versions/A/AppleIDAuthSupport
0x00007fff3b204000 	/System/Library/Frameworks/Network.framework/Versions/A/Network
0x00007fff59c86000 	/System/Library/PrivateFrameworks/KeychainCircle.framework/Versions/A/KeychainCircle
0x00007fff34490000 	/System/Library/Frameworks/CoreBluetooth.framework/Versions/A/CoreBluetooth
0x00007fff644ff000 	/System/Library/PrivateFrameworks/SpeechRecognitionCore.framework/Versions/A/SpeechRecognitionCore
0x00007fff27a07000 	/System/Library/CoreServices/Encodings/libCyrillicConverter.dylib
0x0000000109c00000 	/Users/mac/Library/Java/JavaVirtualMachines/openjdk-25-patched/Contents/Home/lib/server/libjvm.dylib
0x0000000109206000 	/Users/mac/Library/Java/JavaVirtualMachines/openjdk-25-patched/Contents/Home/lib/libjimage.dylib
0x0000000109216000 	/Users/mac/Library/Java/JavaVirtualMachines/openjdk-25-patched/Contents/Home/lib/libinstrument.dylib
0x0000000109228000 	/Users/mac/Library/Java/JavaVirtualMachines/openjdk-25-patched/Contents/Home/lib/libjava.dylib
0x00000001093e5000 	/Users/mac/Library/Java/JavaVirtualMachines/openjdk-25-patched/Contents/Home/lib/libzip.dylib
0x000000010b872000 	/Users/mac/Library/Java/JavaVirtualMachines/openjdk-25-patched/Contents/Home/lib/libnio.dylib
0x000000010b889000 	/Users/mac/Library/Java/JavaVirtualMachines/openjdk-25-patched/Contents/Home/lib/libnet.dylib
0x00000001093f4000 	/Users/mac/Library/Java/JavaVirtualMachines/openjdk-25-patched/Contents/Home/lib/libextnet.dylib
0x000000010b89b000 	/Users/mac/Library/Java/JavaVirtualMachines/openjdk-25-patched/Contents/Home/lib/libprefs.dylib
0x000000010b8a8000 	/private/var/folders/57/xgqcb4yj1_958k83lyr82lrw0000gn/T/audiosnd_17398797588876542917audio-snd.dylib
0x000000010b924000 	/System/Library/Extensions/AppleHDA.kext/Contents/PlugIns/AppleHDAHALPlugIn.bundle/Contents/MacOS/AppleHDAHALPlugIn
0x000000010b931000 	/System/Library/Components/CoreAudio.component/Contents/MacOS/CoreAudio
0x00007fff491b6000 	/System/Library/PrivateFrameworks/AudioSession.framework/Versions/A/AudioSession
0x00007fff49208000 	/System/Library/PrivateFrameworks/AudioSession.framework/libSessionUtility.dylib
0x00007fff4db16000 	/System/Library/PrivateFrameworks/CoreServicesInternal.framework/Versions/A/CoreServicesInternal

JVMTI agents:
/Applications/IntelliJ IDEA.app/Contents/lib/idea_rt.jar path:none, loaded, initialized, instrumentlib options:58933


VM Arguments:
jvm_args: --enable-native-access=ALL-UNNAMED -javaagent:/Applications/IntelliJ IDEA.app/Contents/lib/idea_rt.jar=58933 -Dfile.encoding=UTF-8 -Dsun.stdout.encoding=UTF-8 -Dsun.stderr.encoding=UTF-8 
java_command: org.plovdev.audioengine.examples.GuitarSimpleExample
java_class_path (initial): /Users/mac/IdeaProjects/AudioSND/examples/target/classes:/Users/mac/IdeaProjects/AudioSND/core/target/classes:/Users/mac/IdeaProjects/AudioSND/implementation/target/classes:/Users/mac/IdeaProjects/AudioSND/loaders/target/classes:/Users/mac/IdeaProjects/AudioSND/generator/target/classes:/Users/mac/IdeaProjects/AudioSND/math/target/classes:/Users/mac/IdeaProjects/AudioSND/effects/target/classes:/Users/mac/IdeaProjects/AudioSND/profiler/target/classes:/Users/mac/.m2/repository/org/slf4j/slf4j-api/2.0.17/slf4j-api-2.0.17.jar:/Users/mac/.m2/repository/ch/qos/logback/logback-classic/1.5.26/logback-classic-1.5.26.jar:/Users/mac/.m2/repository/ch/qos/logback/logback-core/1.5.26/logback-core-1.5.26.jar:/Users/mac/.m2/repository/org/jetbrains/annotations/17.0.0/annotations-17.0.0.jar
Launcher Type: SUN_STANDARD

[Global flags]
     intx CICompilerCount                          = 3                                         {product} {ergonomic}
     uint ConcGCThreads                            = 1                                         {product} {ergonomic}
     uint G1ConcRefinementThreads                  = 4                                         {product} {ergonomic}
   size_t G1HeapRegionSize                         = 1048576                                   {product} {ergonomic}
   size_t InitialHeapSize                          = 134217728                                 {product} {ergonomic}
   size_t MarkStackSize                            = 4194304                                   {product} {ergonomic}
   size_t MarkStackSizeMax                         = 536870912                                 {product} {ergonomic}
   size_t MaxHeapSize                              = 2147483648                                {product} {ergonomic}
   size_t MaxNewSize                               = 1287651328                                {product} {ergonomic}
   size_t MinHeapDeltaBytes                        = 1048576                                   {product} {ergonomic}
   size_t MinHeapSize                              = 8388608                                   {product} {ergonomic}
    uintx NonNMethodCodeHeapSize                   = 5832704                                {pd product} {ergonomic}
    uintx NonProfiledCodeHeapSize                  = 122916864                              {pd product} {ergonomic}
    uintx ProfiledCodeHeapSize                     = 122908672                              {pd product} {ergonomic}
    uintx ReservedCodeCacheSize                    = 251658240                              {pd product} {ergonomic}
     bool SegmentedCodeCache                       = true                                      {product} {ergonomic}
   size_t SoftMaxHeapSize                          = 2147483648                             {manageable} {ergonomic}
     bool UseCompressedOops                        = true                           {product lp64_product} {ergonomic}
     bool UseG1GC                                  = true                                      {product} {ergonomic}
     bool UseNUMA                                  = false                                     {product} {ergonomic}
     bool UseNUMAInterleaving                      = false                                     {product} {ergonomic}

Logging:
Log output configuration:
 #0: stdout all=warning uptime,level,tags foldmultilines=false
 #1: stderr all=off uptime,level,tags foldmultilines=false

Release file:
IMPLEMENTOR="Oracle Corporation"
JAVA_RUNTIME_VERSION="25.0.2+10-69"
JAVA_VERSION="25.0.2"
JAVA_VERSION_DATE="2026-01-20"
LIBC="default"
MODULES="java.base java.compiler java.datatransfer java.xml java.prefs java.desktop java.instrument java.logging java.management java.security.sasl java.naming java.rmi java.management.rmi java.net.http java.scripting java.security.jgss java.transaction.xa java.sql java.sql.rowset java.xml.crypto java.se java.smartcardio jdk.accessibility jdk.internal.jvmstat jdk.attach jdk.charsets jdk.internal.opt jdk.zipfs jdk.compiler jdk.crypto.cryptoki jdk.crypto.ec jdk.dynalink jdk.internal.ed jdk.editpad jdk.internal.vm.ci jdk.graal.compiler jdk.graal.compiler.management jdk.hotspot.agent jdk.httpserver jdk.incubator.vector jdk.internal.le jdk.internal.md jdk.jartool jdk.javadoc jdk.jcmd jdk.management jdk.management.agent jdk.jconsole jdk.jdeps jdk.jdwp.agent jdk.jdi jdk.jfr jdk.jlink jdk.jpackage jdk.jshell jdk.jsobject jdk.jstatd jdk.localedata jdk.management.jfr jdk.naming.dns jdk.naming.rmi jdk.net jdk.nio.mapmode jdk.sctp jdk.security.auth jdk.security.jgss jdk.unsupported jdk.unsupported.desktop jdk.xml.dom"
OS_ARCH="x86_64"
OS_NAME="Darwin"
SOURCE=".:git:405a5699ebd0"

Environment Variables:
JAVA_HOME=/Library/Java/JavaVirtualMachines/jdk-25.jdk/Contents/Home
PATH=/Users/mac/bin:/Library/Java/JavaVirtualMachines/jdk-25.jdk/Contents/Home/bin:/usr/local/bin:/Applications/CMake.app/Contents/bin:/Applications/Postgres.app/Contents/Versions/latest/bin:/usr/local/opt/postgresql@14/bin:/usr/local/bin:/usr/bin:/bin:/usr/sbin:/sbin:/usr/local/go/bin:/opt/X11/bin:/Users/mac/.cargo/bin
SHELL=/bin/zsh
DISPLAY=/private/tmp/com.apple.launchd.0FtAaWLSYl/org.xquartz:0
LC_CTYPE=ru_RU.UTF-8
TMPDIR=/var/folders/57/xgqcb4yj1_958k83lyr82lrw0000gn/T/

Active Locale:
LC_ALL=C/ru_RU.UTF-8/C/C/C/C
LC_COLLATE=C
LC_CTYPE=ru_RU.UTF-8
LC_MESSAGES=C
LC_MONETARY=C
LC_NUMERIC=C
LC_TIME=C

Signal Handlers:
   SIGSEGV: crash_handler in libjvm.dylib, mask=11100110000111110111111111111111, flags=SA_ONSTACK|SA_RESTART|SA_SIGINFO, unblocked
    SIGBUS: crash_handler in libjvm.dylib, mask=11100110000111110111111111111111, flags=SA_RESTART|SA_SIGINFO, unblocked
    SIGFPE: crash_handler in libjvm.dylib, mask=11100110000111110111111111111111, flags=SA_RESTART|SA_SIGINFO, unblocked
   SIGPIPE: javaSignalHandler in libjvm.dylib, mask=11100110000111110111111111111111, flags=SA_RESTART|SA_SIGINFO, blocked
   SIGXFSZ: javaSignalHandler in libjvm.dylib, mask=11100110000111110111111111111111, flags=SA_RESTART|SA_SIGINFO, blocked
    SIGILL: crash_handler in libjvm.dylib, mask=11100110000111110111111111111111, flags=SA_RESTART|SA_SIGINFO, unblocked
   SIGUSR2: SR_handler in libjvm.dylib, mask=00000000000000000000000000000000, flags=SA_RESTART|SA_SIGINFO, blocked
    SIGHUP: UserHandler in libjvm.dylib, mask=11100110000111110111111111111111, flags=SA_RESTART|SA_SIGINFO, blocked
    SIGINT: UserHandler in libjvm.dylib, mask=11100110000111110111111111111111, flags=SA_RESTART|SA_SIGINFO, blocked
   SIGTERM: UserHandler in libjvm.dylib, mask=11100110000111110111111111111111, flags=SA_RESTART|SA_SIGINFO, blocked
   SIGQUIT: UserHandler in libjvm.dylib, mask=11100110000111110111111111111111, flags=SA_RESTART|SA_SIGINFO, blocked
   SIGTRAP: crash_handler in libjvm.dylib, mask=11100110000111110111111111111111, flags=SA_RESTART|SA_SIGINFO, unblocked


Compilation memory statistics disabled.

Periodic native trim disabled

---------------  S Y S T E M  ---------------

OS:
uname: Darwin 19.6.0 Darwin Kernel Version 19.6.0: Tue Jun 21 21:18:39 PDT 2022; root:xnu-6153.141.66~1/RELEASE_X86_64 x86_64
OS uptime: 12 days 16:50 hours
rlimit (soft/hard): STACK 8192k/65532k , CORE 0k/infinity , NPROC 1392/2088 , NOFILE 10240/infinity , AS infinity/infinity , CPU infinity/infinity , DATA infinity/infinity , FSIZE infinity/infinity , MEMLOCK infinity/infinity , RSS infinity/infinity
load average: 3.88 3.50 2.22

CPU: total 4 (initial active 4) (2 cores per cpu, 2 threads per core) family 6 model 58 stepping 9 microcode 0x21, cx8, cmov, fxsr, ht, mmx, sse, sse2, sse3, ssse3, sse4.1, sse4.2, popcnt, tsc, tscinvbit, avx, aes, erms, clmul, vzeroupper, clflush, rdtscp, f16c
machdep.cpu.brand_string:Intel(R) Core(TM) i7-3667U CPU @ 2.00GHz
hw.cpufrequency:2000000000
hw.cpufrequency_min:2000000000
hw.cpufrequency_max:2000000000
hw.cachelinesize:64
hw.l1icachesize:32768
hw.l1dcachesize:32768
hw.l2cachesize:262144
hw.l3cachesize:4194304

Memory: 4k page, physical 8388608k(385184k free), swap 2097152k(1390336k free)

vm_info: OpenJDK 64-Bit Server VM (25.0.2+10-69) for bsd-amd64 JRE (25.0.2+10-69), built on 2025-12-18T11:36:35Z with clang Apple LLVM 15.0.0 (clang-1500.3.9.4)

END.
