#
# A fatal error has been detected by the Java Runtime Environment:
#
#  SIGSEGV (0xb) at pc=0x000000010d6f9484, pid=27395, tid=10243
#
# JRE version: OpenJDK Runtime Environment (25.0.2+10) (build 25.0.2+10-69)
# Java VM: OpenJDK 64-Bit Server VM (25.0.2+10-69, mixed mode, sharing, tiered, compressed oops, compressed class ptrs, g1 gc, bsd-amd64)
# Problematic frame:
# C  [audiosnd_8458971136953070025audio-snd.dylib+0x15484]  Java_org_plovdev_audioengine_devices_NativeOutputAudioDevice__1open+0xbe4
#
# No core dump will be written. Core dumps have been disabled. To enable core dumping, try "ulimit -c unlimited" before starting Java again
#
# If you would like to submit a bug report, please visit:
#   https://bugreport.java.com/bugreport/crash.jsp
# The crash happened outside the Java Virtual Machine in native code.
# See problematic frame for where to report the bug.
#

---------------  S U M M A R Y ------------

Command Line: --enable-native-access=ALL-UNNAMED -javaagent:/Applications/IntelliJ IDEA.app/Contents/lib/idea_rt.jar=64923 -Dfile.encoding=UTF-8 -Dsun.stdout.encoding=UTF-8 -Dsun.stderr.encoding=UTF-8 org.plovdev.audioengine.examples.PlayerExample

Host: "MacBookAir5,2" x86_64 2000 MHz, 4 cores, 8G, Darwin 19.6.0, macOS 10.15.8 (19H2036)
Time: Sat Feb 28 22:35:10 2026 MSK elapsed time: 2.781406 seconds (0d 0h 0m 2s)

---------------  T H R E A D  ---------------

Current thread (0x00007ff7de80f800):  JavaThread "main"             [_thread_in_native, id=10243, stack(0x000070000541d000,0x000070000551d000) (1024K)]

Stack: [0x000070000541d000,0x000070000551d000],  sp=0x000070000551c520,  free space=1021k
Native frames: (J=compiled Java code, j=interpreted, Vv=VM code, C=native code)
C  [audiosnd_8458971136953070025audio-snd.dylib+0x15484]  Java_org_plovdev_audioengine_devices_NativeOutputAudioDevice__1open+0xbe4
j  org.plovdev.audioengine.devices.NativeOutputAudioDevice._open(Lorg/plovdev/audioengine/tracks/format/TrackFormat;Lorg/plovdev/audioengine/devices/AudioDeviceInfo;)J+0
j  org.plovdev.audioengine.devices.NativeOutputAudioDevice.open(Lorg/plovdev/audioengine/tracks/format/TrackFormat;)V+77
j  org.plovdev.audioengine.tracks.NativeTrackPlayer.initPlayer()V+21
j  org.plovdev.audioengine.tracks.NativeTrackPlayer.<init>(Lorg/plovdev/audioengine/tracks/Track;Lorg/plovdev/audioengine/devices/AudioDeviceInfo;)V+125
j  org.plovdev.audioengine.NativeAudioEngine.createTrackPlayer(Lorg/plovdev/audioengine/tracks/Track;)Lorg/plovdev/audioengine/player/TrackPlayer;+23
j  org.plovdev.audioengine.examples.PlayerExample.main()V+36
v  ~StubRoutines::call_stub 0x00000001157b6fa6
V  [libjvm.dylib+0x5f00fe]  JavaCalls::call_helper(JavaValue*, methodHandle const&, JavaCallArguments*, JavaThread*)+0x2de
V  [libjvm.dylib+0x666483]  jni_invoke_nonstatic(JNIEnv_*, JavaValue*, _jobject*, JNICallType, _jmethodID*, JNI_ArgumentPusher*, JavaThread*)+0x3e3
V  [libjvm.dylib+0x66b25e]  jni_CallVoidMethod+0x17e
C  [libjli.dylib+0x42e2]  invokeInstanceMainWithoutArgs+0x82
C  [libjli.dylib+0x4adb]  JavaMain+0x7db
C  [libjli.dylib+0x7879]  ThreadJavaMain+0x9
C  [libsystem_pthread.dylib+0x6109]  _pthread_start+0x94
C  [libsystem_pthread.dylib+0x1b8b]  thread_start+0xf
Java frames: (J=compiled Java code, j=interpreted, Vv=VM code)
j  org.plovdev.audioengine.devices.NativeOutputAudioDevice._open(Lorg/plovdev/audioengine/tracks/format/TrackFormat;Lorg/plovdev/audioengine/devices/AudioDeviceInfo;)J+0
j  org.plovdev.audioengine.devices.NativeOutputAudioDevice.open(Lorg/plovdev/audioengine/tracks/format/TrackFormat;)V+77
j  org.plovdev.audioengine.tracks.NativeTrackPlayer.initPlayer()V+21
j  org.plovdev.audioengine.tracks.NativeTrackPlayer.<init>(Lorg/plovdev/audioengine/tracks/Track;Lorg/plovdev/audioengine/devices/AudioDeviceInfo;)V+125
j  org.plovdev.audioengine.NativeAudioEngine.createTrackPlayer(Lorg/plovdev/audioengine/tracks/Track;)Lorg/plovdev/audioengine/player/TrackPlayer;+23
j  org.plovdev.audioengine.examples.PlayerExample.main()V+36
v  ~StubRoutines::call_stub 0x00000001157b6fa6

siginfo: si_signo: 11 (SIGSEGV), si_code: 1 (SEGV_MAPERR), si_addr: 0x0000000000000000

Registers:
RAX=0x0000000000000000, RBX=0x00000001615b20c8, RCX=0x0000000000000000, RDX=0x00007ff7df007fa6
RSP=0x000070000551c520, RBP=0x000070000551c820, RSI=0x0000000100905a00, RDI=0x000070000551c7f0
R8 =0x000000000000e3b9, R9 =0x0000000000001500, R10=0x00007ff7df000000, R11=0x00007fff69dc1530
R12=0x0000000000000000, R13=0x00000001615b20c8, R14=0x000070000551c8c0, R15=0x00007ff7de80f800
RIP=0x000000010d6f9484, EFLAGS=0x0000000000010202, ERR=0x0000000000000004
  TRAPNO=0x000000000000000e


Register to memory mapping:

RAX=0x0 is null
RBX={method} {0x00000001615b20c8} '_open' '(Lorg/plovdev/audioengine/tracks/format/TrackFormat;Lorg/plovdev/audioengine/devices/AudioDeviceInfo;)J' in 'org/plovdev/audioengine/devices/NativeOutputAudioDevice'
RCX=0x0 is null
RDX=0x00007ff7df007fa6 points into unknown readable memory: ff ff
RSP=0x000070000551c520 is pointing into the stack for thread: 0x00007ff7de80f800
RBP=0x000070000551c820 is pointing into the stack for thread: 0x00007ff7de80f800
RSI=0x0000000100905a00 points into unknown readable memory: 0x0000000000000000 | 00 00 00 00 00 00 00 00
RDI=0x000070000551c7f0 is pointing into the stack for thread: 0x00007ff7de80f800
R8 =0x000000000000e3b9 is an unknown value
R9 =0x0000000000001500 is an unknown value
R10=0x00007ff7df000000 points into unknown readable memory: 0x0000000000000000 | 00 00 00 00 00 00 00 00
R11=0x00007fff69dc1530: _ZNSt3__15mutex4lockEv+0 in /usr/lib/libc++.1.dylib at 0x00007fff69d8b000
R12=0x0 is null
R13={method} {0x00000001615b20c8} '_open' '(Lorg/plovdev/audioengine/tracks/format/TrackFormat;Lorg/plovdev/audioengine/devices/AudioDeviceInfo;)J' in 'org/plovdev/audioengine/devices/NativeOutputAudioDevice'
R14=0x000070000551c8c0 is pointing into the stack for thread: 0x00007ff7de80f800
R15=0x00007ff7de80f800 is a thread

Top of Stack: (sp=0x000070000551c520)
0x000070000551c520:   0000000102109470 000070000551c7e8   p.........Q..p..
0x000070000551c530:   00007ff7df2ba000 00007ff7ddcaad08   ..+.............
0x000070000551c540:   00007ff7ddcaad08 000070000551c7f0   ..........Q..p..
0x000070000551c550:   0000000086b030a2 000070000551c7f0   .0........Q..p..
0x000070000551c560:   0000000086b03090 0000000086b03090   .0.......0......
0x000070000551c570:   00007ff7ddd92440 000070000551c7f0   @$........Q..p..
0x000070000551c580:   0000000000017700 0000000000000030   .w......0.......
0x000070000551c590:   00007ff7ddd91e80 00007ff7ddd923e0   .........#......
0x000070000551c5a0:   0000000600000006 000070000551c7f0   ..........Q..p..
0x000070000551c5b0:   0000000200001996 00000001615b200b   ......... [a....
0x000070000551c5c0:   000000010d6f88a0 0000000220181358   ..o.....X.. ....
0x000070000551c5d0:   40e7700000000000 00007ff7ddd91e80   .....p.@........
0x000070000551c5e0:   00007ff7ddf17558 00007ff7dde32888   Xu.......(......
0x000070000551c5f0:   00007ff7ddf17550 00007ff7ddf17548   Pu......Hu......
0x000070000551c600:   00007ff7ddd923b8 0100000000000000   .#..............
0x000070000551c610:   00007ff7ddd923b0 00007ff7de80fc28   .#......(.......
0x000070000551c620:   000070000551c8b8 000000010d707167   ..Q..p..gqp.....
0x000070000551c630:   000000180551c5e0 00007ff7ddd923a8   ..Q......#......
0x000070000551c640:   00007ff7de80fc28 000070000551c8b8   (.........Q..p..
0x000070000551c650:   000000010d70715e 0000000265636976   ^qp.....vice....
0x000070000551c660:   00007ff7ddd923a0 00007ff7de80fc28   .#......(.......
0x000070000551c670:   000070000551c8b8 000000010d707155   ..Q..p..Uqp.....
0x000070000551c680:   0000bb80dde0f6d8 00007ff7ddc7d348   ........H.......
0x000070000551c690:   00007ff7de80fc28 000070000551c8b8   (.........Q..p..
0x000070000551c6a0:   000000010d707148 00007ff7ddf17540   Hqp.....@u......
0x000070000551c6b0:   00007ff7ddf17538 00007ff7ddc7d340   8u......@.......
0x000070000551c6c0:   00007ff7de80fc28 000070000551c8b0   (.........Q..p..
0x000070000551c6d0:   000000010d7071ab 00007ff7ddf17530   .qp.....0u......
0x000070000551c6e0:   000070000551c7f0 00000000000000b6   ..Q..p..........
0x000070000551c6f0:   8874dbc000000001 00001000dde2ca50   ......t.P.......
0x000070000551c700:   00007ff7df2ba000 0000000000000001   ..+.............
0x000070000551c710:   000000010d70c5e8 0000008000000004   ..p.............

Instructions: (pc=0x000000010d6f9484)
  0x000000010d6f9384:   e8 fe ff ff 48 8d 7d d0 e8 af 05 00 00 48 8d 3d
  0x000000010d6f9394:   68 33 01 00 48 8d b5 e8 fe ff ff 48 89 85 28 fd
  0x000000010d6f93a4:   ff ff e8 91 ca 00 00 48 89 85 20 fd ff ff e9 00
  0x000000010d6f93b4:   00 00 00 48 8b bd 20 fd ff ff 48 8b b5 28 fd ff
  0x000000010d6f93c4:   ff e8 06 06 00 00 48 8b 7d f0 48 8b 75 c0 48 89
  0x000000010d6f93d4:   85 18 fd ff ff e8 96 c8 00 00 e9 00 00 00 00 48
  0x000000010d6f93e4:   8b 7d f0 48 8b 75 a8 e8 84 c8 00 00 e9 00 00 00
  0x000000010d6f93f4:   00 48 8b 7d f0 48 8b 75 a0 e8 72 c8 00 00 e9 00
  0x000000010d6f9404:   00 00 00 48 8b 7d f0 48 8b 75 80 e8 60 c8 00 00
  0x000000010d6f9414:   e9 00 00 00 00 48 8b 7d f0 48 8b b5 78 ff ff ff
  0x000000010d6f9424:   e8 4b c8 00 00 e9 00 00 00 00 48 8b 7d f0 48 8b
  0x000000010d6f9434:   b5 68 ff ff ff e8 36 c8 00 00 e9 00 00 00 00 c7
  0x000000010d6f9444:   85 d0 fe ff ff 01 00 00 00 bf 00 10 00 00 e8 89
  0x000000010d6f9454:   cb 00 00 48 89 85 10 fd ff ff e9 00 00 00 00 48
  0x000000010d6f9464:   8b 85 10 fd ff ff 48 89 85 e0 fe ff ff c7 85 dc
  0x000000010d6f9474:   fe ff ff 00 10 00 00 48 8d 7d d0 e8 1c 03 00 00
=>0x000000010d6f9484:   48 8b 38 31 c9 89 c8 4c 8d 8d d0 fe ff ff 48 89
  0x000000010d6f9494:   c6 48 89 c2 89 8d 0c fd ff ff 44 8b 85 0c fd ff
  0x000000010d6f94a4:   ff e8 70 c7 00 00 e9 00 00 00 00 48 8b bd e0 fe
  0x000000010d6f94b4:   ff ff e8 1f cb 00 00 e9 00 00 00 00 48 8b 85 e8
  0x000000010d6f94c4:   fe ff ff 48 89 45 f8 c7 85 44 ff ff ff 01 00 00
  0x000000010d6f94d4:   00 48 8d bd f0 fe ff ff e8 ff ed ff ff e9 18 00
  0x000000010d6f94e4:   00 00 48 89 45 b8 89 55 b4 48 8d bd f0 fe ff ff
  0x000000010d6f94f4:   e8 e7 ed ff ff e9 22 00 00 00 48 8d bd 48 ff ff
  0x000000010d6f9504:   ff e8 fc c8 00 00 48 8d 7d d0 e8 1d 05 00 00 48
  0x000000010d6f9514:   8b 45 f8 48 81 c4 00 03 00 00 5d c3 48 8d bd 48
  0x000000010d6f9524:   ff ff ff e8 da c8 00 00 48 8d 7d d0 e8 fb 04 00
  0x000000010d6f9534:   00 48 8b 7d b8 e8 fa c6 00 00 0f 0b 55 48 89 e5
  0x000000010d6f9544:   48 83 ec 20 48 89 f8 48 89 f9 48 89 4d f8 b9 08
  0x000000010d6f9554:   01 00 00 48 89 7d f0 48 89 cf 48 89 45 e8 e8 3d
  0x000000010d6f9564:   ca 00 00 31 f6 48 89 c1 48 89 cf ba 08 01 00 00
  0x000000010d6f9574:   48 89 45 e0 e8 75 ca 00 00 48 8b 7d e0 e8 4a 2b


Stack slot to memory mapping:

stack at sp + 0 slots: 0x0000000102109470: _ZZ10mutex_initvE36SignatureHandlerLibrary_lock_storage+0 in /Users/mac/Library/Java/JavaVirtualMachines/openjdk-25-patched/Contents/Home/lib/server/libjvm.dylib at 0x0000000101200000
stack at sp + 1 slots: 0x000070000551c7e8 is pointing into the stack for thread: 0x00007ff7de80f800
stack at sp + 2 slots: 0x00007ff7df2ba000 points into unknown readable memory: 0x0000000000000000 | 00 00 00 00 00 00 00 00
stack at sp + 3 slots: 0x00007ff7ddcaad08 points into unknown readable memory: 0x00007ff7ddd923e0 | e0 23 d9 dd f7 7f 00 00
stack at sp + 4 slots: 0x00007ff7ddcaad08 points into unknown readable memory: 0x00007ff7ddd923e0 | e0 23 d9 dd f7 7f 00 00
stack at sp + 5 slots: 0x000070000551c7f0 is pointing into the stack for thread: 0x00007ff7de80f800
stack at sp + 6 slots: 0x0000000086b030a2 is an unknown value
stack at sp + 7 slots: 0x000070000551c7f0 is pointing into the stack for thread: 0x00007ff7de80f800

Lock stack of current Java thread (top to bottom):
LockStack[0]: org.plovdev.audioengine.devices.NativeOutputAudioDevice 
{0x0000000787e4e320} - klass: 'org/plovdev/audioengine/devices/NativeOutputAudioDevice' - flags: 

 - ---- fields (total size 5 words):
 - private final 'info' 'Lorg/plovdev/audioengine/devices/AudioDeviceInfo;' @12  a 'org/plovdev/audioengine/devices/AudioDeviceInfo'{0x0000000787e36f18} (0xf0fc6de3)
 - private 'nativeHandle' 'J' @16  0 (0x0000000000000000)
 - private 'trackFormat' 'Lorg/plovdev/audioengine/tracks/format/TrackFormat;' @24  a 'org/plovdev/audioengine/tracks/format/TrackFormat'{0x0000000786c6e7d8} (0xf0d8dcfb)
 - private volatile 'status' 'Lorg/plovdev/audioengine/devices/AudioDeviceStatus;' @28  a 'org/plovdev/audioengine/devices/AudioDeviceStatus'{0x0000000787e4fa60} (0xf0fc9f4c)
 - private final 'isInited' 'Ljava/util/concurrent/atomic/AtomicBoolean;' @32  a 'java/util/concurrent/atomic/AtomicBoolean'{0x0000000787e4fca0} (0xf0fc9f94)
 - private 'onStatusChanged' 'Ljava/lang/Runnable;' @36  a 'org/plovdev/audioengine/devices/NativeOutputAudioDevice$$Lambda+0x00000001210b4450'{0x0000000787e56c30} (0xf0fcad86)


---------------  P R O C E S S  ---------------

Threads class SMR info:
_java_thread_list=0x00007ff7ddc80d20, length=12, elements={
0x00007ff7de80f800, 0x00007ff7df01ac00, 0x00007ff7df01b400, 0x00007ff7df01bc00,
0x00007ff7df850000, 0x00007ff7df01e600, 0x00007ff7de009200, 0x00007ff7de00c000,
0x00007ff7df096e00, 0x00007ff7df850800, 0x00007ff7df851000, 0x00007ff7df2b3000
}

Java Threads: ( => current thread )
=>0x00007ff7de80f800 JavaThread "main"                              [_thread_in_native, id=10243, stack(0x000070000541d000,0x000070000551d000) (1024K)]
  0x00007ff7df01ac00 JavaThread "Reference Handler"          daemon [_thread_blocked, id=39683, stack(0x0000700005d3b000,0x0000700005e3b000) (1024K)]
  0x00007ff7df01b400 JavaThread "Finalizer"                  daemon [_thread_blocked, id=39171, stack(0x0000700005e3e000,0x0000700005f3e000) (1024K)]
  0x00007ff7df01bc00 JavaThread "Signal Dispatcher"          daemon [_thread_blocked, id=23555, stack(0x0000700005f41000,0x0000700006041000) (1024K)]
  0x00007ff7df850000 JavaThread "Service Thread"             daemon [_thread_blocked, id=38403, stack(0x0000700006044000,0x0000700006144000) (1024K)]
  0x00007ff7df01e600 JavaThread "Monitor Deflation Thread"   daemon [_thread_blocked, id=38147, stack(0x0000700006147000,0x0000700006247000) (1024K)]
  0x00007ff7de009200 JavaThread "C2 CompilerThread0"         daemon [_thread_blocked, id=37635, stack(0x000070000624a000,0x000070000634a000) (1024K)]
  0x00007ff7de00c000 JavaThread "C1 CompilerThread0"         daemon [_thread_blocked, id=24067, stack(0x000070000634d000,0x000070000644d000) (1024K)]
  0x00007ff7df096e00 JavaThread "Common-Cleaner"             daemon [_thread_blocked, id=24579, stack(0x0000700006450000,0x0000700006550000) (1024K)]
  0x00007ff7df850800 JavaThread "Monitor Ctrl-Break"         daemon [_thread_in_native, id=25091, stack(0x0000700006553000,0x0000700006653000) (1024K)]
  0x00007ff7df851000 JavaThread "Notification Thread"        daemon [_thread_blocked, id=25603, stack(0x0000700006656000,0x0000700006756000) (1024K)]
  0x00007ff7df2b3000 JavaThread "Timer-0"                    daemon [_thread_blocked, id=36867, stack(0x0000700006759000,0x0000700006859000) (1024K)]
Total: 12

Other Threads:
  0x00007ff7df809e00 VMThread "VM Thread"                           [id=14851, stack(0x0000700005b32000,0x0000700005c32000) (1024K)]
  0x00007ff7dde1e540 WatcherThread "VM Periodic Task Thread"        [id=17671, stack(0x0000700005a2f000,0x0000700005b2f000) (1024K)]
  0x00007ff7df015a00 WorkerThread "GC Thread#0"                     [id=12803, stack(0x0000700005520000,0x0000700005620000) (1024K)]
  0x00007ff7de25a800 WorkerThread "GC Thread#1"                     [id=87043, stack(0x00007000069e5000,0x0000700006ae5000) (1024K)]
  0x00007ff7dea88e00 WorkerThread "GC Thread#2"                     [id=43779, stack(0x0000700006ae8000,0x0000700006be8000) (1024K)]
  0x00007ff7dea89400 WorkerThread "GC Thread#3"                     [id=44291, stack(0x0000700006beb000,0x0000700006ceb000) (1024K)]
  0x00007ff7df812a00 ConcurrentGCThread "G1 Main Marker"            [id=19715, stack(0x0000700005623000,0x0000700005723000) (1024K)]
  0x00007ff7df820c00 WorkerThread "G1 Conc#0"                       [id=18947, stack(0x0000700005726000,0x0000700005826000) (1024K)]
  0x00007ff7df016000 ConcurrentGCThread "G1 Refine#0"               [id=18435, stack(0x0000700005829000,0x0000700005929000) (1024K)]
  0x00007ff7df016600 ConcurrentGCThread "G1 Service"                [id=13571, stack(0x000070000592c000,0x0000700005a2c000) (1024K)]
Total: 10

Threads with active compile tasks:
Total: 0

VM state: not at safepoint (normal execution)

VM Mutex/Monitor currently owned by a thread: None

Heap address: 0x0000000780000000, size: 2048 MB, Compressed Oops mode: Zero based, Oop shift amount: 3

CDS archive(s) mapped at: [0x0000000120000000-0x0000000120d94000-0x0000000120d94000), size 14237696, SharedBaseAddress: 0x0000000120000000, ArchiveRelocationMode: 1.
Compressed class space mapped at: 0x0000000121000000-0x0000000161000000, reserved size: 1073741824
UseCompressedClassPointers 1, UseCompactObjectHeaders 0
Narrow klass pointer bits 32, Max shift 3
Narrow klass base: 0x0000000120000000, Narrow klass shift: 0
Encoding Range: [0x0000000120000000 - 0x0000000220000000), (4294967296 bytes)
Klass Range:    [0x0000000120004000 - 0x0000000161000000), (1090502656 bytes)
Klass ID Range:  [16384 - 1090519033) (1090502649)
Protection zone: [0x0000000120000000 - 0x0000000120004000), (16384 bytes)

GC Precious Log:
 CardTable entry size: 512
 Card Set container configuration: InlinePtr #cards 5 size 8 Array Of Cards #cards 10 size 36 Howl #buckets 4 coarsen threshold 1843 Howl Bitmap #cards 512 size 80 coarsen threshold 460 Card regions per heap region 1 cards per card region 2048
 CPUs: 4 total, 4 available
 Memory: 8192M
 Large Page Support: Disabled
 NUMA Support: Disabled
 Compressed Oops: Enabled (Zero based)
 Heap Region Size: 1M
 Heap Min Capacity: 8M
 Heap Initial Capacity: 128M
 Heap Max Capacity: 2G
 Pre-touch: Disabled
 Parallel Workers: 4
 Concurrent Workers: 1
 Concurrent Refinement Workers: 4
 Periodic GC: Disabled

Heap:
 garbage-first heap   total reserved 2097152K, committed 133120K, used 94334K [0x0000000780000000, 0x0000000800000000)
  region size 1024K, 4 young (4096K), 2 survivors (2048K)

Heap Regions: E=young(eden), S=young(survivor), O=old, HS=humongous(starts), HC=humongous(continues), CS=collection set, F=free, TAMS=top-at-mark-start, PB=parsable bottom
|   0|0x0000000780000000, 0x0000000780100000, 0x0000000780100000|100%|HS|  |TAMS 0x0000000780000000| PB 0x0000000780000000| Complete |  0
|   1|0x0000000780100000, 0x0000000780200000, 0x0000000780200000|100%|HC|  |TAMS 0x0000000780100000| PB 0x0000000780100000| Complete |  0
|   2|0x0000000780200000, 0x0000000780300000, 0x0000000780300000|100%|HC|  |TAMS 0x0000000780200000| PB 0x0000000780200000| Complete |  0
|   3|0x0000000780300000, 0x0000000780400000, 0x0000000780400000|100%|HC|  |TAMS 0x0000000780300000| PB 0x0000000780300000| Complete |  0
|   4|0x0000000780400000, 0x0000000780500000, 0x0000000780500000|100%|HC|  |TAMS 0x0000000780400000| PB 0x0000000780400000| Complete |  0
|   5|0x0000000780500000, 0x0000000780600000, 0x0000000780600000|100%|HC|  |TAMS 0x0000000780500000| PB 0x0000000780500000| Complete |  0
|   6|0x0000000780600000, 0x0000000780700000, 0x0000000780700000|100%|HC|  |TAMS 0x0000000780600000| PB 0x0000000780600000| Complete |  0
|   7|0x0000000780700000, 0x0000000780800000, 0x0000000780800000|100%|HC|  |TAMS 0x0000000780700000| PB 0x0000000780700000| Complete |  0
|   8|0x0000000780800000, 0x0000000780900000, 0x0000000780900000|100%|HC|  |TAMS 0x0000000780800000| PB 0x0000000780800000| Complete |  0
|   9|0x0000000780900000, 0x0000000780a00000, 0x0000000780a00000|100%|HC|  |TAMS 0x0000000780900000| PB 0x0000000780900000| Complete |  0
|  10|0x0000000780a00000, 0x0000000780b00000, 0x0000000780b00000|100%|HC|  |TAMS 0x0000000780a00000| PB 0x0000000780a00000| Complete |  0
|  11|0x0000000780b00000, 0x0000000780c00000, 0x0000000780c00000|100%|HC|  |TAMS 0x0000000780b00000| PB 0x0000000780b00000| Complete |  0
|  12|0x0000000780c00000, 0x0000000780d00000, 0x0000000780d00000|100%|HC|  |TAMS 0x0000000780c00000| PB 0x0000000780c00000| Complete |  0
|  13|0x0000000780d00000, 0x0000000780e00000, 0x0000000780e00000|100%|HC|  |TAMS 0x0000000780d00000| PB 0x0000000780d00000| Complete |  0
|  14|0x0000000780e00000, 0x0000000780f00000, 0x0000000780f00000|100%|HC|  |TAMS 0x0000000780e00000| PB 0x0000000780e00000| Complete |  0
|  15|0x0000000780f00000, 0x0000000781000000, 0x0000000781000000|100%|HC|  |TAMS 0x0000000780f00000| PB 0x0000000780f00000| Complete |  0
|  16|0x0000000781000000, 0x0000000781100000, 0x0000000781100000|100%|HC|  |TAMS 0x0000000781000000| PB 0x0000000781000000| Complete |  0
|  17|0x0000000781100000, 0x0000000781200000, 0x0000000781200000|100%|HC|  |TAMS 0x0000000781100000| PB 0x0000000781100000| Complete |  0
|  18|0x0000000781200000, 0x0000000781300000, 0x0000000781300000|100%|HC|  |TAMS 0x0000000781200000| PB 0x0000000781200000| Complete |  0
|  19|0x0000000781300000, 0x0000000781400000, 0x0000000781400000|100%|HC|  |TAMS 0x0000000781300000| PB 0x0000000781300000| Complete |  0
|  20|0x0000000781400000, 0x0000000781500000, 0x0000000781500000|100%|HC|  |TAMS 0x0000000781400000| PB 0x0000000781400000| Complete |  0
|  21|0x0000000781500000, 0x0000000781600000, 0x0000000781600000|100%|HC|  |TAMS 0x0000000781500000| PB 0x0000000781500000| Complete |  0
|  22|0x0000000781600000, 0x0000000781700000, 0x0000000781700000|100%|HC|  |TAMS 0x0000000781600000| PB 0x0000000781600000| Complete |  0
|  23|0x0000000781700000, 0x0000000781800000, 0x0000000781800000|100%|HC|  |TAMS 0x0000000781700000| PB 0x0000000781700000| Complete |  0
|  24|0x0000000781800000, 0x0000000781900000, 0x0000000781900000|100%|HC|  |TAMS 0x0000000781800000| PB 0x0000000781800000| Complete |  0
|  25|0x0000000781900000, 0x0000000781a00000, 0x0000000781a00000|100%|HC|  |TAMS 0x0000000781900000| PB 0x0000000781900000| Complete |  0
|  26|0x0000000781a00000, 0x0000000781b00000, 0x0000000781b00000|100%|HC|  |TAMS 0x0000000781a00000| PB 0x0000000781a00000| Complete |  0
|  27|0x0000000781b00000, 0x0000000781c00000, 0x0000000781c00000|100%|HC|  |TAMS 0x0000000781b00000| PB 0x0000000781b00000| Complete |  0
|  28|0x0000000781c00000, 0x0000000781d00000, 0x0000000781d00000|100%|HC|  |TAMS 0x0000000781c00000| PB 0x0000000781c00000| Complete |  0
|  29|0x0000000781d00000, 0x0000000781e00000, 0x0000000781e00000|100%|HC|  |TAMS 0x0000000781d00000| PB 0x0000000781d00000| Complete |  0
|  30|0x0000000781e00000, 0x0000000781f00000, 0x0000000781f00000|100%|HC|  |TAMS 0x0000000781e00000| PB 0x0000000781e00000| Complete |  0
|  31|0x0000000781f00000, 0x0000000782000000, 0x0000000782000000|100%|HC|  |TAMS 0x0000000781f00000| PB 0x0000000781f00000| Complete |  0
|  32|0x0000000782000000, 0x0000000782100000, 0x0000000782100000|100%|HC|  |TAMS 0x0000000782000000| PB 0x0000000782000000| Complete |  0
|  33|0x0000000782100000, 0x0000000782200000, 0x0000000782200000|100%|HC|  |TAMS 0x0000000782100000| PB 0x0000000782100000| Complete |  0
|  34|0x0000000782200000, 0x0000000782300000, 0x0000000782300000|100%|HC|  |TAMS 0x0000000782200000| PB 0x0000000782200000| Complete |  0
|  35|0x0000000782300000, 0x0000000782400000, 0x0000000782400000|100%|HC|  |TAMS 0x0000000782300000| PB 0x0000000782300000| Complete |  0
|  36|0x0000000782400000, 0x0000000782500000, 0x0000000782500000|100%|HC|  |TAMS 0x0000000782400000| PB 0x0000000782400000| Complete |  0
|  37|0x0000000782500000, 0x0000000782600000, 0x0000000782600000|100%|HC|  |TAMS 0x0000000782500000| PB 0x0000000782500000| Complete |  0
|  38|0x0000000782600000, 0x0000000782700000, 0x0000000782700000|100%|HC|  |TAMS 0x0000000782600000| PB 0x0000000782600000| Complete |  0
|  39|0x0000000782700000, 0x0000000782800000, 0x0000000782800000|100%|HC|  |TAMS 0x0000000782700000| PB 0x0000000782700000| Complete |  0
|  40|0x0000000782800000, 0x0000000782900000, 0x0000000782900000|100%|HC|  |TAMS 0x0000000782800000| PB 0x0000000782800000| Complete |  0
|  41|0x0000000782900000, 0x0000000782a00000, 0x0000000782a00000|100%|HC|  |TAMS 0x0000000782900000| PB 0x0000000782900000| Complete |  0
|  42|0x0000000782a00000, 0x0000000782b00000, 0x0000000782b00000|100%|HC|  |TAMS 0x0000000782a00000| PB 0x0000000782a00000| Complete |  0
|  43|0x0000000782b00000, 0x0000000782c00000, 0x0000000782c00000|100%|HC|  |TAMS 0x0000000782b00000| PB 0x0000000782b00000| Complete |  0
|  44|0x0000000782c00000, 0x0000000782d00000, 0x0000000782d00000|100%|HS|  |TAMS 0x0000000782c00000| PB 0x0000000782c00000| Complete |  0
|  45|0x0000000782d00000, 0x0000000782e00000, 0x0000000782e00000|100%|HC|  |TAMS 0x0000000782d00000| PB 0x0000000782d00000| Complete |  0
|  46|0x0000000782e00000, 0x0000000782f00000, 0x0000000782f00000|100%|HC|  |TAMS 0x0000000782e00000| PB 0x0000000782e00000| Complete |  0
|  47|0x0000000782f00000, 0x0000000783000000, 0x0000000783000000|100%|HC|  |TAMS 0x0000000782f00000| PB 0x0000000782f00000| Complete |  0
|  48|0x0000000783000000, 0x0000000783100000, 0x0000000783100000|100%|HC|  |TAMS 0x0000000783000000| PB 0x0000000783000000| Complete |  0
|  49|0x0000000783100000, 0x0000000783200000, 0x0000000783200000|100%|HC|  |TAMS 0x0000000783100000| PB 0x0000000783100000| Complete |  0
|  50|0x0000000783200000, 0x0000000783300000, 0x0000000783300000|100%|HC|  |TAMS 0x0000000783200000| PB 0x0000000783200000| Complete |  0
|  51|0x0000000783300000, 0x0000000783400000, 0x0000000783400000|100%|HC|  |TAMS 0x0000000783300000| PB 0x0000000783300000| Complete |  0
|  52|0x0000000783400000, 0x0000000783500000, 0x0000000783500000|100%|HC|  |TAMS 0x0000000783400000| PB 0x0000000783400000| Complete |  0
|  53|0x0000000783500000, 0x0000000783600000, 0x0000000783600000|100%|HC|  |TAMS 0x0000000783500000| PB 0x0000000783500000| Complete |  0
|  54|0x0000000783600000, 0x0000000783700000, 0x0000000783700000|100%|HC|  |TAMS 0x0000000783600000| PB 0x0000000783600000| Complete |  0
|  55|0x0000000783700000, 0x0000000783800000, 0x0000000783800000|100%|HC|  |TAMS 0x0000000783700000| PB 0x0000000783700000| Complete |  0
|  56|0x0000000783800000, 0x0000000783900000, 0x0000000783900000|100%|HC|  |TAMS 0x0000000783800000| PB 0x0000000783800000| Complete |  0
|  57|0x0000000783900000, 0x0000000783a00000, 0x0000000783a00000|100%|HC|  |TAMS 0x0000000783900000| PB 0x0000000783900000| Complete |  0
|  58|0x0000000783a00000, 0x0000000783b00000, 0x0000000783b00000|100%|HC|  |TAMS 0x0000000783a00000| PB 0x0000000783a00000| Complete |  0
|  59|0x0000000783b00000, 0x0000000783c00000, 0x0000000783c00000|100%|HC|  |TAMS 0x0000000783b00000| PB 0x0000000783b00000| Complete |  0
|  60|0x0000000783c00000, 0x0000000783d00000, 0x0000000783d00000|100%|HC|  |TAMS 0x0000000783c00000| PB 0x0000000783c00000| Complete |  0
|  61|0x0000000783d00000, 0x0000000783e00000, 0x0000000783e00000|100%|HC|  |TAMS 0x0000000783d00000| PB 0x0000000783d00000| Complete |  0
|  62|0x0000000783e00000, 0x0000000783f00000, 0x0000000783f00000|100%|HC|  |TAMS 0x0000000783e00000| PB 0x0000000783e00000| Complete |  0
|  63|0x0000000783f00000, 0x0000000784000000, 0x0000000784000000|100%|HC|  |TAMS 0x0000000783f00000| PB 0x0000000783f00000| Complete |  0
|  64|0x0000000784000000, 0x0000000784100000, 0x0000000784100000|100%|HC|  |TAMS 0x0000000784000000| PB 0x0000000784000000| Complete |  0
|  65|0x0000000784100000, 0x0000000784200000, 0x0000000784200000|100%|HC|  |TAMS 0x0000000784100000| PB 0x0000000784100000| Complete |  0
|  66|0x0000000784200000, 0x0000000784300000, 0x0000000784300000|100%|HC|  |TAMS 0x0000000784200000| PB 0x0000000784200000| Complete |  0
|  67|0x0000000784300000, 0x0000000784400000, 0x0000000784400000|100%|HC|  |TAMS 0x0000000784300000| PB 0x0000000784300000| Complete |  0
|  68|0x0000000784400000, 0x0000000784500000, 0x0000000784500000|100%|HC|  |TAMS 0x0000000784400000| PB 0x0000000784400000| Complete |  0
|  69|0x0000000784500000, 0x0000000784600000, 0x0000000784600000|100%|HC|  |TAMS 0x0000000784500000| PB 0x0000000784500000| Complete |  0
|  70|0x0000000784600000, 0x0000000784700000, 0x0000000784700000|100%|HC|  |TAMS 0x0000000784600000| PB 0x0000000784600000| Complete |  0
|  71|0x0000000784700000, 0x0000000784800000, 0x0000000784800000|100%|HC|  |TAMS 0x0000000784700000| PB 0x0000000784700000| Complete |  0
|  72|0x0000000784800000, 0x0000000784900000, 0x0000000784900000|100%|HC|  |TAMS 0x0000000784800000| PB 0x0000000784800000| Complete |  0
|  73|0x0000000784900000, 0x0000000784a00000, 0x0000000784a00000|100%|HC|  |TAMS 0x0000000784900000| PB 0x0000000784900000| Complete |  0
|  74|0x0000000784a00000, 0x0000000784b00000, 0x0000000784b00000|100%|HC|  |TAMS 0x0000000784a00000| PB 0x0000000784a00000| Complete |  0
|  75|0x0000000784b00000, 0x0000000784c00000, 0x0000000784c00000|100%|HC|  |TAMS 0x0000000784b00000| PB 0x0000000784b00000| Complete |  0
|  76|0x0000000784c00000, 0x0000000784d00000, 0x0000000784d00000|100%|HC|  |TAMS 0x0000000784c00000| PB 0x0000000784c00000| Complete |  0
|  77|0x0000000784d00000, 0x0000000784e00000, 0x0000000784e00000|100%|HC|  |TAMS 0x0000000784d00000| PB 0x0000000784d00000| Complete |  0
|  78|0x0000000784e00000, 0x0000000784f00000, 0x0000000784f00000|100%|HC|  |TAMS 0x0000000784e00000| PB 0x0000000784e00000| Complete |  0
|  79|0x0000000784f00000, 0x0000000785000000, 0x0000000785000000|100%|HC|  |TAMS 0x0000000784f00000| PB 0x0000000784f00000| Complete |  0
|  80|0x0000000785000000, 0x0000000785100000, 0x0000000785100000|100%|HC|  |TAMS 0x0000000785000000| PB 0x0000000785000000| Complete |  0
|  81|0x0000000785100000, 0x0000000785200000, 0x0000000785200000|100%|HC|  |TAMS 0x0000000785100000| PB 0x0000000785100000| Complete |  0
|  82|0x0000000785200000, 0x0000000785300000, 0x0000000785300000|100%|HC|  |TAMS 0x0000000785200000| PB 0x0000000785200000| Complete |  0
|  83|0x0000000785300000, 0x0000000785400000, 0x0000000785400000|100%|HC|  |TAMS 0x0000000785300000| PB 0x0000000785300000| Complete |  0
|  84|0x0000000785400000, 0x0000000785500000, 0x0000000785500000|100%|HC|  |TAMS 0x0000000785400000| PB 0x0000000785400000| Complete |  0
|  85|0x0000000785500000, 0x0000000785600000, 0x0000000785600000|100%|HC|  |TAMS 0x0000000785500000| PB 0x0000000785500000| Complete |  0
|  86|0x0000000785600000, 0x0000000785700000, 0x0000000785700000|100%|HC|  |TAMS 0x0000000785600000| PB 0x0000000785600000| Complete |  0
|  87|0x0000000785700000, 0x0000000785800000, 0x0000000785800000|100%|HC|  |TAMS 0x0000000785700000| PB 0x0000000785700000| Complete |  0
|  88|0x0000000785800000, 0x0000000785800000, 0x0000000785900000|  0%| F|  |TAMS 0x0000000785800000| PB 0x0000000785800000| Untracked |  0
|  89|0x0000000785900000, 0x0000000785900000, 0x0000000785a00000|  0%| F|  |TAMS 0x0000000785900000| PB 0x0000000785900000| Untracked |  0
|  90|0x0000000785a00000, 0x0000000785a00000, 0x0000000785b00000|  0%| F|  |TAMS 0x0000000785a00000| PB 0x0000000785a00000| Untracked |  0
|  91|0x0000000785b00000, 0x0000000785b00000, 0x0000000785c00000|  0%| F|  |TAMS 0x0000000785b00000| PB 0x0000000785b00000| Untracked |  0
|  92|0x0000000785c00000, 0x0000000785c00000, 0x0000000785d00000|  0%| F|  |TAMS 0x0000000785c00000| PB 0x0000000785c00000| Untracked |  0
|  93|0x0000000785d00000, 0x0000000785d00000, 0x0000000785e00000|  0%| F|  |TAMS 0x0000000785d00000| PB 0x0000000785d00000| Untracked |  0
|  94|0x0000000785e00000, 0x0000000785e00000, 0x0000000785f00000|  0%| F|  |TAMS 0x0000000785e00000| PB 0x0000000785e00000| Untracked |  0
|  95|0x0000000785f00000, 0x0000000785f00000, 0x0000000786000000|  0%| F|  |TAMS 0x0000000785f00000| PB 0x0000000785f00000| Untracked |  0
|  96|0x0000000786000000, 0x0000000786000000, 0x0000000786100000|  0%| F|  |TAMS 0x0000000786000000| PB 0x0000000786000000| Untracked |  0
|  97|0x0000000786100000, 0x0000000786100000, 0x0000000786200000|  0%| F|  |TAMS 0x0000000786100000| PB 0x0000000786100000| Untracked |  0
|  98|0x0000000786200000, 0x0000000786200000, 0x0000000786300000|  0%| F|  |TAMS 0x0000000786200000| PB 0x0000000786200000| Untracked |  0
|  99|0x0000000786300000, 0x0000000786300000, 0x0000000786400000|  0%| F|  |TAMS 0x0000000786300000| PB 0x0000000786300000| Untracked |  0
| 100|0x0000000786400000, 0x0000000786400000, 0x0000000786500000|  0%| F|  |TAMS 0x0000000786400000| PB 0x0000000786400000| Untracked |  0
| 101|0x0000000786500000, 0x0000000786500000, 0x0000000786600000|  0%| F|  |TAMS 0x0000000786500000| PB 0x0000000786500000| Untracked |  0
| 102|0x0000000786600000, 0x0000000786600000, 0x0000000786700000|  0%| F|  |TAMS 0x0000000786600000| PB 0x0000000786600000| Untracked |  0
| 103|0x0000000786700000, 0x0000000786700000, 0x0000000786800000|  0%| F|  |TAMS 0x0000000786700000| PB 0x0000000786700000| Untracked |  0
| 104|0x0000000786800000, 0x0000000786800000, 0x0000000786900000|  0%| F|  |TAMS 0x0000000786800000| PB 0x0000000786800000| Untracked |  0
| 105|0x0000000786900000, 0x0000000786900000, 0x0000000786a00000|  0%| F|  |TAMS 0x0000000786900000| PB 0x0000000786900000| Untracked |  0
| 106|0x0000000786a00000, 0x0000000786a00000, 0x0000000786b00000|  0%| F|  |TAMS 0x0000000786a00000| PB 0x0000000786a00000| Untracked |  0
| 107|0x0000000786b00000, 0x0000000786b00000, 0x0000000786c00000|  0%| F|  |TAMS 0x0000000786b00000| PB 0x0000000786b00000| Untracked |  0
| 108|0x0000000786c00000, 0x0000000786cfffc0, 0x0000000786d00000| 99%| S|CS|TAMS 0x0000000786c00000| PB 0x0000000786c00000| Complete |  0
| 109|0x0000000786d00000, 0x0000000786e00000, 0x0000000786e00000|100%| S|CS|TAMS 0x0000000786d00000| PB 0x0000000786d00000| Complete |  0
| 110|0x0000000786e00000, 0x0000000786e00000, 0x0000000786f00000|  0%| F|  |TAMS 0x0000000786e00000| PB 0x0000000786e00000| Untracked |  0
| 111|0x0000000786f00000, 0x0000000786f00000, 0x0000000787000000|  0%| F|  |TAMS 0x0000000786f00000| PB 0x0000000786f00000| Untracked |  0
| 112|0x0000000787000000, 0x0000000787000000, 0x0000000787100000|  0%| F|  |TAMS 0x0000000787000000| PB 0x0000000787000000| Untracked |  0
| 113|0x0000000787100000, 0x0000000787100000, 0x0000000787200000|  0%| F|  |TAMS 0x0000000787100000| PB 0x0000000787100000| Untracked |  0
| 114|0x0000000787200000, 0x0000000787200000, 0x0000000787300000|  0%| F|  |TAMS 0x0000000787200000| PB 0x0000000787200000| Untracked |  0
| 115|0x0000000787300000, 0x0000000787300000, 0x0000000787400000|  0%| F|  |TAMS 0x0000000787300000| PB 0x0000000787300000| Untracked |  0
| 116|0x0000000787400000, 0x0000000787400000, 0x0000000787500000|  0%| F|  |TAMS 0x0000000787400000| PB 0x0000000787400000| Untracked |  0
| 117|0x0000000787500000, 0x0000000787500000, 0x0000000787600000|  0%| F|  |TAMS 0x0000000787500000| PB 0x0000000787500000| Untracked |  0
| 118|0x0000000787600000, 0x0000000787600000, 0x0000000787700000|  0%| F|  |TAMS 0x0000000787600000| PB 0x0000000787600000| Untracked |  0
| 119|0x0000000787700000, 0x0000000787700000, 0x0000000787800000|  0%| F|  |TAMS 0x0000000787700000| PB 0x0000000787700000| Untracked |  0
| 120|0x0000000787800000, 0x0000000787800000, 0x0000000787900000|  0%| F|  |TAMS 0x0000000787800000| PB 0x0000000787800000| Untracked |  0
| 121|0x0000000787900000, 0x0000000787900000, 0x0000000787a00000|  0%| F|  |TAMS 0x0000000787900000| PB 0x0000000787900000| Untracked |  0
| 122|0x0000000787a00000, 0x0000000787a00000, 0x0000000787b00000|  0%| F|  |TAMS 0x0000000787a00000| PB 0x0000000787a00000| Untracked |  0
| 123|0x0000000787b00000, 0x0000000787b00000, 0x0000000787c00000|  0%| F|  |TAMS 0x0000000787b00000| PB 0x0000000787b00000| Untracked |  0
| 124|0x0000000787c00000, 0x0000000787c00000, 0x0000000787d00000|  0%| F|  |TAMS 0x0000000787c00000| PB 0x0000000787c00000| Untracked |  0
| 125|0x0000000787d00000, 0x0000000787d00000, 0x0000000787e00000|  0%| F|  |TAMS 0x0000000787d00000| PB 0x0000000787d00000| Untracked |  0
| 126|0x0000000787e00000, 0x0000000787efdfe8, 0x0000000787f00000| 99%| E|  |TAMS 0x0000000787e00000| PB 0x0000000787e00000| Complete |  0
| 127|0x0000000787f00000, 0x0000000788000000, 0x0000000788000000|100%| E|CS|TAMS 0x0000000787f00000| PB 0x0000000787f00000| Complete |  0
|2046|0x00000007ffe00000, 0x00000007fff00000, 0x00000007fff00000|100%| O|  |TAMS 0x00000007ffe00000| PB 0x00000007ffe00000| Untracked |  0
|2047|0x00000007fff00000, 0x00000007fff1f8b0, 0x0000000800000000| 12%| O|  |TAMS 0x00000007fff00000| PB 0x00000007fff00000| Untracked |  0

Card table byte_map: [0x000000010b294000,0x000000010b694000] _byte_map_base: 0x0000000107694000

Marking Bits: (CMBitMap*) 0x00007ff7df822e10
 Bits: [0x000000010b694000, 0x000000010d694000)

Polling page: 0x0000000100919000

Metaspace:
Metaspace        used 6213K, committed 6400K, reserved 1114112K
 class space     used 801K, committed 896K, reserved 1048576K

Usage:
  Non-class:      5.28 MB used.
      Class:    801.55 KB used.
       Both:      6.07 MB used.

Virtual space:
  Non-class space:       64.00 MB reserved,       5.38 MB (  8%) committed,  1 nodes.
      Class space:        1.00 GB reserved,     896.00 KB ( <1%) committed,  1 nodes.
             Both:        1.06 GB reserved,       6.25 MB ( <1%) committed. 

Chunk freelists:
   Non-Class:  10.27 MB
       Class:  15.04 MB
        Both:  25.30 MB

MaxMetaspaceSize: unlimited
CompressedClassSpaceSize: 1.00 GB
Initial GC threshold: 21.00 MB
Current GC threshold: 21.00 MB
CDS: on
 - commit_granule_bytes: 65536.
 - commit_granule_words: 8192.
 - virtual_space_node_default_size: 8388608.
 - enlarge_chunks_in_place: 1.
UseCompressedClassPointers 1, UseCompactObjectHeaders 0
Narrow klass pointer bits 32, Max shift 3
Narrow klass base: 0x0000000120000000, Narrow klass shift: 0
Encoding Range: [0x0000000120000000 - 0x0000000220000000), (4294967296 bytes)
Klass Range:    [0x0000000120004000 - 0x0000000161000000), (1090502656 bytes)
Klass ID Range:  [16384 - 1090519033) (1090502649)
Protection zone: [0x0000000120000000 - 0x0000000120004000), (16384 bytes)


Internal statistics:

num_allocs_failed_limit: 0.
num_arena_births: 84.
num_arena_deaths: 0.
num_vsnodes_births: 2.
num_vsnodes_deaths: 0.
num_space_committed: 100.
num_space_uncommitted: 0.
num_chunks_returned_to_freelist: 0.
num_chunks_taken_from_freelist: 208.
num_chunk_merges: 0.
num_chunk_splits: 129.
num_chunks_enlarged: 84.
num_inconsistent_stats: 0.

CodeHeap 'non-profiled nmethods': size=120036Kb used=357Kb max_used=357Kb free=119679Kb
 bounds [0x0000000115d46000, 0x0000000115fb6000, 0x000000011d27f000]
CodeHeap 'profiled nmethods': size=120028Kb used=1907Kb max_used=1907Kb free=118120Kb
 bounds [0x000000010e27f000, 0x000000010e4ef000, 0x00000001157b6000]
CodeHeap 'non-nmethods': size=5696Kb used=1426Kb max_used=1455Kb free=4269Kb
 bounds [0x00000001157b6000, 0x0000000115a26000, 0x0000000115d46000]
CodeCache: size=245760Kb, used=3690Kb, max_used=3719Kb, free=242068Kb
 total_blobs=1810, nmethods=1312, adapters=403, full_count=0
Compilation: enabled, stopped_count=0, restarted_count=0

Compilation events (20 events):
Event: 2.750 Thread 0x00007ff7de00c000 nmethod 1299 0x000000010e457788 code [0x000000010e457880, 0x000000010e4579b0]
Event: 2.750 Thread 0x00007ff7de00c000 1303       3       java.lang.invoke.LambdaForm::parameterType (9 bytes)
Event: 2.750 Thread 0x00007ff7de00c000 nmethod 1303 0x000000010e457a88 code [0x000000010e457b80, 0x000000010e457cd8]
Event: 2.750 Thread 0x00007ff7de00c000 1304       3       java.lang.classfile.constantpool.ConstantPoolBuilder::of (8 bytes)
Event: 2.751 Thread 0x00007ff7de00c000 nmethod 1304 0x000000010e457d88 code [0x000000010e457e80, 0x000000010e458010]
Event: 2.751 Thread 0x00007ff7de00c000 1305       3       jdk.internal.classfile.impl.SplitConstantPool::<init> (54 bytes)
Event: 2.751 Thread 0x00007ff7de00c000 nmethod 1305 0x000000010e458088 code [0x000000010e458180, 0x000000010e458530]
Event: 2.751 Thread 0x00007ff7de00c000 1306       3       jdk.internal.classfile.impl.EntryMap::nextPowerOfTwo (10 bytes)
Event: 2.751 Thread 0x00007ff7de00c000 nmethod 1306 0x000000010e458588 code [0x000000010e458680, 0x000000010e458880]
Event: 2.751 Thread 0x00007ff7de00c000 1307       3       java.lang.classfile.CodeBuilder::invoke (46 bytes)
Event: 2.752 Thread 0x00007ff7de00c000 nmethod 1307 0x000000010e458888 code [0x000000010e458980, 0x000000010e458e70]
Event: 2.752 Thread 0x00007ff7de00c000 1308       3       jdk.internal.classfile.impl.DirectCodeBuilder::invoke (43 bytes)
Event: 2.752 Thread 0x00007ff7de00c000 nmethod 1308 0x000000010e458e88 code [0x000000010e458f80, 0x000000010e45a410]
Event: 2.752 Thread 0x00007ff7de009200 nmethod 1289 0x0000000115d9dc08 code [0x0000000115d9dd00, 0x0000000115d9e088]
Event: 2.753 Thread 0x00007ff7de009200 1297       4       jdk.internal.classfile.impl.SplitConstantPool::internalAdd (78 bytes)
Event: 2.754 Thread 0x00007ff7de00c000 1311       3       java.lang.invoke.InvokerBytecodeGenerator::emitImplicitConversion (166 bytes)
Event: 2.755 Thread 0x00007ff7de00c000 nmethod 1311 0x000000010e45a488 code [0x000000010e45a580, 0x000000010e45ba28]
Event: 2.755 Thread 0x00007ff7de00c000 1312       3       java.lang.invoke.MemberName$Factory::resolveOrNull (54 bytes)
Event: 2.756 Thread 0x00007ff7de00c000 nmethod 1312 0x000000010e45ba88 code [0x000000010e45bb80, 0x000000010e45be88]
Event: 2.763 Thread 0x00007ff7de009200 nmethod 1297 0x0000000115d9e708 code [0x0000000115d9e820, 0x0000000115d9f388]

GC Heap Usage History (2 events):
Event: 2.480 {heap Before GC invocations=0 (full 0):
 garbage-first heap   total reserved 2097152K, committed 133120K, used 63614K [0x0000000780000000, 0x0000000800000000)
  region size 1024K, 18 young (18432K), 0 survivors (0K)
}
Event: 2.488 {heap After GC invocations=1 (full 0):
 garbage-first heap   total reserved 2097152K, committed 133120K, used 48254K [0x0000000780000000, 0x0000000800000000)
  region size 1024K, 2 young (2048K), 2 survivors (2048K)
}

Metaspace Usage History (2 events):
Event: 2.480 {metaspace Before GC invocations=0 (full 0):
 Metaspace       used 5863K, committed 6016K, reserved 1114112K
  class space    used 773K, committed 832K, reserved 1048576K
}
Event: 2.488 {metaspace After GC invocations=1 (full 0):
 Metaspace       used 5863K, committed 6016K, reserved 1114112K
  class space    used 773K, committed 832K, reserved 1048576K
}

Dll operation events (10 events):
Event: 0.013 Loaded shared library /Users/mac/Library/Java/JavaVirtualMachines/openjdk-25-patched/Contents/Home/lib/libjava.dylib
Event: 0.203 Loaded shared library /Users/mac/Library/Java/JavaVirtualMachines/openjdk-25-patched/Contents/Home/lib/libzip.dylib
Event: 0.247 Loaded shared library /Users/mac/Library/Java/JavaVirtualMachines/openjdk-25-patched/Contents/Home/lib/libinstrument.dylib
Event: 0.270 Loaded shared library /Users/mac/Library/Java/JavaVirtualMachines/openjdk-25-patched/Contents/Home/lib/libnio.dylib
Event: 0.289 Loaded shared library /Users/mac/Library/Java/JavaVirtualMachines/openjdk-25-patched/Contents/Home/lib/libzip.dylib
Event: 0.348 Loaded shared library /Users/mac/Library/Java/JavaVirtualMachines/openjdk-25-patched/Contents/Home/lib/libnet.dylib
Event: 0.391 Loaded shared library /Users/mac/Library/Java/JavaVirtualMachines/openjdk-25-patched/Contents/Home/lib/libextnet.dylib
Event: 0.399 Loaded shared library /Users/mac/Library/Java/JavaVirtualMachines/openjdk-25-patched/Contents/Home/lib/libjimage.dylib
Event: 1.210 Loaded shared library /Users/mac/Library/Java/JavaVirtualMachines/openjdk-25-patched/Contents/Home/lib/libprefs.dylib
Event: 2.058 Loaded shared library /private/var/folders/57/xgqcb4yj1_958k83lyr82lrw0000gn/T/audiosnd_8458971136953070025audio-snd.dylib

Deoptimization events (20 events):
Event: 1.219 Thread 0x00007ff7de80f800 Uncommon trap: trap_request=0xffffff45 fr.pc=0x0000000115d83240 relative=0x0000000000000040
Event: 1.219 Thread 0x00007ff7de80f800 Uncommon trap: reason=unstable_if action=reinterpret pc=0x0000000115d83240 method=java.lang.AbstractStringBuilder.isLatin1(B)Z @ 7 c2
Event: 1.219 Thread 0x00007ff7de80f800 DEOPT PACKING pc=0x0000000115d83240 sp=0x000070000551c4e0
Event: 1.219 Thread 0x00007ff7de80f800 DEOPT UNPACKING pc=0x00000001158d37f9 sp=0x000070000551c490 mode 2
Event: 1.220 Thread 0x00007ff7de80f800 Uncommon trap: trap_request=0xffffff45 fr.pc=0x0000000115d7fdd8 relative=0x0000000000000558
Event: 1.220 Thread 0x00007ff7de80f800 Uncommon trap: reason=unstable_if action=reinterpret pc=0x0000000115d7fdd8 method=java.lang.AbstractStringBuilder.needsNewBuffer([BBIB)Z @ 8 c2
Event: 1.220 Thread 0x00007ff7de80f800 DEOPT PACKING pc=0x0000000115d7fdd8 sp=0x000070000551c310
Event: 1.220 Thread 0x00007ff7de80f800 DEOPT UNPACKING pc=0x00000001158d37f9 sp=0x000070000551c268 mode 2
Event: 1.220 Thread 0x00007ff7de80f800 Uncommon trap: trap_request=0xffffff45 fr.pc=0x0000000115d7a084 relative=0x0000000000000304
Event: 1.220 Thread 0x00007ff7de80f800 Uncommon trap: reason=unstable_if action=reinterpret pc=0x0000000115d7a084 method=java.lang.AbstractStringBuilder.ensureCapacityNewCoder([BBIIB)[B @ 84 c2
Event: 1.220 Thread 0x00007ff7de80f800 DEOPT PACKING pc=0x0000000115d7a084 sp=0x000070000551c290
Event: 1.220 Thread 0x00007ff7de80f800 DEOPT UNPACKING pc=0x00000001158d37f9 sp=0x000070000551c248 mode 2
Event: 1.238 Thread 0x00007ff7de80f800 Uncommon trap: trap_request=0xffffff45 fr.pc=0x0000000115d74a94 relative=0x0000000000000214
Event: 1.238 Thread 0x00007ff7de80f800 Uncommon trap: reason=unstable_if action=reinterpret pc=0x0000000115d74a94 method=java.lang.String.startsWith(Ljava/lang/String;I)Z @ 1 c2
Event: 1.238 Thread 0x00007ff7de80f800 DEOPT PACKING pc=0x0000000115d74a94 sp=0x000070000551b810
Event: 1.238 Thread 0x00007ff7de80f800 DEOPT UNPACKING pc=0x00000001158d37f9 sp=0x000070000551b7a0 mode 2
Event: 2.719 Thread 0x00007ff7de80f800 Uncommon trap: trap_request=0xffffff45 fr.pc=0x0000000115d986cc relative=0x0000000000000ccc
Event: 2.719 Thread 0x00007ff7de80f800 Uncommon trap: reason=unstable_if action=reinterpret pc=0x0000000115d986cc method=java.util.concurrent.ConcurrentHashMap.putVal(Ljava/lang/Object;Ljava/lang/Object;Z)Ljava/lang/Object; @ 231 c2
Event: 2.719 Thread 0x00007ff7de80f800 DEOPT PACKING pc=0x0000000115d986cc sp=0x000070000551c6f0
Event: 2.719 Thread 0x00007ff7de80f800 DEOPT UNPACKING pc=0x00000001158d37f9 sp=0x000070000551c650 mode 2

Classes loaded (20 events):
Event: 2.660 Loading class sun/nio/cs/StandardCharsets$Cache
Event: 2.660 Loading class sun/nio/cs/StandardCharsets$Cache done
Event: 2.660 Loading class sun/nio/cs/UTF_16$Decoder
Event: 2.660 Loading class sun/nio/cs/UnicodeDecoder
Event: 2.660 Loading class sun/nio/cs/UnicodeDecoder done
Event: 2.660 Loading class sun/nio/cs/UTF_16$Decoder done
Event: 2.660 Loading class sun/nio/cs/ArrayDecoder
Event: 2.660 Loading class sun/nio/cs/ArrayDecoder done
Event: 2.662 Loading class java/lang/MatchException
Event: 2.662 Loading class java/lang/MatchException done
Event: 2.672 Loading class jdk/internal/module/ModulePatcher$PatchedModuleReader
Event: 2.672 Loading class jdk/internal/module/ModulePatcher$PatchedModuleReader done
Event: 2.673 Loading class sun/net/www/protocol/jrt/Handler
Event: 2.673 Loading class sun/net/www/protocol/jrt/Handler done
Event: 2.720 Loading class java/time/ZonedDateTime
Event: 2.720 Loading class java/time/chrono/ChronoZonedDateTime
Event: 2.721 Loading class java/time/chrono/ChronoZonedDateTime done
Event: 2.721 Loading class java/time/ZonedDateTime done
Event: 2.721 Loading class java/time/ZonedDateTime$1
Event: 2.721 Loading class java/time/ZonedDateTime$1 done

Classes unloaded (0 events):
No events

Classes redefined (0 events):
No events

Internal exceptions (12 events):
Event: 0.314 Thread 0x00007ff7de80f800 Exception <a 'java/lang/NoSuchMethodError'{0x0000000787ee8a08}: 'void java.lang.invoke.DirectMethodHandle$Holder.invokeStatic(java.lang.Object, java.lang.Object, java.lang.Object)'> (0x0000000787ee8a08) 
thrown [open/src/hotspot/share/interpreter/linkResolver.cpp, line 804]
Event: 0.331 Thread 0x00007ff7de80f800 Exception <a 'java/lang/NoSuchMethodError'{0x0000000787d9e870}: 'java.lang.Object java.lang.invoke.Invokers$Holder.invokeExact_MT(java.lang.Object, java.lang.Object, java.lang.Object, java.lang.Object, java.lang.Object)'> (0x0000000787d9e870) 
thrown [open/src/hotspot/share/interpreter/linkResolver.cpp, line 804]
Event: 0.388 Thread 0x00007ff7df850800 Exception <a 'java/lang/NoSuchMethodError'{0x0000000787c0d648}: 'java.lang.Object java.lang.invoke.DirectMethodHandle$Holder.invokeStaticInit(java.lang.Object)'> (0x0000000787c0d648) 
thrown [open/src/hotspot/share/interpreter/linkResolver.cpp, line 804]
Event: 0.412 Thread 0x00007ff7df850800 Exception <a 'java/lang/NoSuchMethodError'{0x0000000787c18450}: 'void java.lang.invoke.DirectMethodHandle$Holder.invokeStatic(java.lang.Object, java.lang.Object)'> (0x0000000787c18450) 
thrown [open/src/hotspot/share/interpreter/linkResolver.cpp, line 804]
Event: 0.536 Thread 0x00007ff7de80f800 Exception <a 'java/lang/NoSuchMethodError'{0x0000000787a0f5c0}: 'java.lang.Object java.lang.invoke.DirectMethodHandle$Holder.invokeInterface(java.lang.Object, java.lang.Object)'> (0x0000000787a0f5c0) 
thrown [open/src/hotspot/share/interpreter/linkResolver.cpp, line 804]
Event: 0.682 Thread 0x00007ff7de80f800 Exception <a 'java/lang/NoSuchMethodError'{0x0000000787876670}: 'void java.lang.invoke.DirectMethodHandle$Holder.invokeSpecialIFC(java.lang.Object, java.lang.Object, java.lang.Object, java.lang.Object, java.lang.Object)'> (0x0000000787876670) 
thrown [open/src/hotspot/share/interpreter/linkResolver.cpp, line 804]
Event: 0.684 Thread 0x00007ff7de80f800 Exception <a 'java/lang/NoSuchMethodError'{0x00000007878878f8}: 'void java.lang.invoke.DirectMethodHandle$Holder.invokeStatic(java.lang.Object, java.lang.Object, java.lang.Object, java.lang.Object)'> (0x00000007878878f8) 
thrown [open/src/hotspot/share/interpreter/linkResolver.cpp, line 804]
Event: 0.734 Thread 0x00007ff7de80f800 Exception <a 'java/lang/NoSuchMethodError'{0x00000007877872d8}: 'java.lang.Object java.lang.invoke.DirectMethodHandle$Holder.invokeStaticInit(java.lang.Object, java.lang.Object, java.lang.Object)'> (0x00000007877872d8) 
thrown [open/src/hotspot/share/interpreter/linkResolver.cpp, line 804]
Event: 0.820 Thread 0x00007ff7de80f800 Exception <a 'java/lang/NoSuchMethodError'{0x000000078751e168}: 'void java.lang.invoke.DirectMethodHandle$Holder.invokeSpecial(java.lang.Object, java.lang.Object, java.lang.Object)'> (0x000000078751e168) 
thrown [open/src/hotspot/share/interpreter/linkResolver.cpp, line 804]
Event: 0.893 Thread 0x00007ff7de80f800 Exception <a 'java/lang/NoSuchMethodError'{0x00000007874805b0}: 'int java.lang.invoke.DirectMethodHandle$Holder.invokeVirtual(java.lang.Object, java.lang.Object, java.lang.Object, java.lang.Object)'> (0x00000007874805b0) 
thrown [open/src/hotspot/share/interpreter/linkResolver.cpp, line 804]
Event: 1.188 Thread 0x00007ff7de80f800 Exception <a 'java/lang/NoSuchMethodError'{0x00000007870f09a8}: 'java.lang.Object java.lang.invoke.DelegatingMethodHandle$Holder.reinvoke_L(java.lang.Object, java.lang.Object, java.lang.Object, long, java.lang.Object)'> (0x00000007870f09a8) 
thrown [open/src/hotspot/share/interpreter/linkResolver.cpp, line 804]
Event: 1.189 Thread 0x00007ff7de80f800 Exception <a 'java/lang/NoSuchMethodError'{0x0000000786f01270}: 'java.lang.Object java.lang.invoke.Invokers$Holder.linkToTargetMethod(java.lang.Object, long, java.lang.Object, java.lang.Object)'> (0x0000000786f01270) 
thrown [open/src/hotspot/share/interpreter/linkResolver.cpp, line 804]

VM Operations (16 events):
Event: 0.168 Executing non-safepoint VM operation: HandshakeAllThreads (Deoptimize)
Event: 0.168 Executing non-safepoint VM operation: HandshakeAllThreads (Deoptimize) done
Event: 0.827 Executing non-safepoint VM operation: HandshakeAllThreads (Deoptimize)
Event: 0.827 Executing non-safepoint VM operation: HandshakeAllThreads (Deoptimize) done
Event: 1.092 Executing non-safepoint VM operation: HandshakeAllThreads (Deoptimize)
Event: 1.092 Executing non-safepoint VM operation: HandshakeAllThreads (Deoptimize) done
Event: 1.102 Executing non-safepoint VM operation: HandshakeAllThreads (Deoptimize)
Event: 1.102 Executing non-safepoint VM operation: HandshakeAllThreads (Deoptimize) done
Event: 1.102 Executing non-safepoint VM operation: HandshakeAllThreads (Deoptimize)
Event: 1.102 Executing non-safepoint VM operation: HandshakeAllThreads (Deoptimize) done
Event: 1.121 Executing non-safepoint VM operation: HandshakeAllThreads (Deoptimize)
Event: 1.121 Executing non-safepoint VM operation: HandshakeAllThreads (Deoptimize) done
Event: 1.206 Executing non-safepoint VM operation: HandshakeAllThreads (Deoptimize)
Event: 1.206 Executing non-safepoint VM operation: HandshakeAllThreads (Deoptimize) done
Event: 2.480 Executing safepoint VM operation: G1TryInitiateConcMark (G1 Humongous Allocation)
Event: 2.488 Executing safepoint VM operation: G1TryInitiateConcMark (G1 Humongous Allocation) done

Memory protections (13 events):
Event: 0.012 Protecting memory [0x000070000541d000,0x0000700005421000] with protection modes 0
Event: 0.059 Protecting memory [0x0000000120000000,0x0000000120004000] with protection modes 0
Event: 0.092 Protecting memory [0x0000700005d3b000,0x0000700005d3f000] with protection modes 0
Event: 0.092 Protecting memory [0x0000700005e3e000,0x0000700005e42000] with protection modes 0
Event: 0.092 Protecting memory [0x0000700005f41000,0x0000700005f45000] with protection modes 0
Event: 0.092 Protecting memory [0x0000700006044000,0x0000700006048000] with protection modes 0
Event: 0.093 Protecting memory [0x0000700006147000,0x000070000614b000] with protection modes 0
Event: 0.093 Protecting memory [0x000070000624a000,0x000070000624e000] with protection modes 0
Event: 0.093 Protecting memory [0x000070000634d000,0x0000700006351000] with protection modes 0
Event: 0.260 Protecting memory [0x0000700006450000,0x0000700006454000] with protection modes 0
Event: 0.344 Protecting memory [0x0000700006553000,0x0000700006557000] with protection modes 0
Event: 0.345 Protecting memory [0x0000700006656000,0x000070000665a000] with protection modes 0
Event: 1.214 Protecting memory [0x0000700006759000,0x000070000675d000] with protection modes 0

Nmethod flushes (0 events):
No events

Events (12 events):
Event: 0.063 Thread 0x00007ff7de80f800 Thread added: 0x00007ff7de80f800
Event: 0.091 Thread 0x00007ff7de80f800 Thread added: 0x00007ff7df01ac00
Event: 0.092 Thread 0x00007ff7de80f800 Thread added: 0x00007ff7df01b400
Event: 0.092 Thread 0x00007ff7de80f800 Thread added: 0x00007ff7df01bc00
Event: 0.092 Thread 0x00007ff7de80f800 Thread added: 0x00007ff7df850000
Event: 0.093 Thread 0x00007ff7de80f800 Thread added: 0x00007ff7df01e600
Event: 0.093 Thread 0x00007ff7de80f800 Thread added: 0x00007ff7de009200
Event: 0.093 Thread 0x00007ff7de80f800 Thread added: 0x00007ff7de00c000
Event: 0.260 Thread 0x00007ff7de80f800 Thread added: 0x00007ff7df096e00
Event: 0.344 Thread 0x00007ff7de80f800 Thread added: 0x00007ff7df850800
Event: 0.345 Thread 0x00007ff7de80f800 Thread added: 0x00007ff7df851000
Event: 1.214 Thread 0x00007ff7de80f800 Thread added: 0x00007ff7df2b3000


Dynamic libraries:
0x00000001008e4000 	/Users/mac/Library/Java/JavaVirtualMachines/openjdk-25-patched/Contents/Home/lib/libjli.dylib
0x00007fff69a0f000 	/usr/lib/libSystem.B.dylib
0x00007fff6bfdb000 	/usr/lib/libz.1.dylib
0x00007fff30f49000 	/System/Library/Frameworks/ApplicationServices.framework/Versions/A/ApplicationServices
0x00007fff31fe3000 	/System/Library/Frameworks/Cocoa.framework/Versions/A/Cocoa
0x00007fff3f64a000 	/System/Library/Frameworks/Security.framework/Versions/A/Security
0x00007fff32e96000 	/System/Library/Frameworks/CoreFoundation.framework/Versions/A/CoreFoundation
0x00007fff3557b000 	/System/Library/Frameworks/Foundation.framework/Versions/C/Foundation
0x00007fff6b908000 	/usr/lib/libobjc.A.dylib
0x00007fff6c89c000 	/usr/lib/system/libcache.dylib
0x00007fff6c8a2000 	/usr/lib/system/libcommonCrypto.dylib
0x00007fff6c8ae000 	/usr/lib/system/libcompiler_rt.dylib
0x00007fff6c8b6000 	/usr/lib/system/libcopyfile.dylib
0x00007fff6c8c0000 	/usr/lib/system/libcorecrypto.dylib
0x00007fff6ca5f000 	/usr/lib/system/libdispatch.dylib
0x00007fff6caa0000 	/usr/lib/system/libdyld.dylib
0x00007fff6cad7000 	/usr/lib/system/libkeymgr.dylib
0x00007fff6cae5000 	/usr/lib/system/liblaunch.dylib
0x00007fff6cae6000 	/usr/lib/system/libmacho.dylib
0x00007fff6caec000 	/usr/lib/system/libquarantine.dylib
0x00007fff6caef000 	/usr/lib/system/libremovefile.dylib
0x00007fff6caf1000 	/usr/lib/system/libsystem_asl.dylib
0x00007fff6cb09000 	/usr/lib/system/libsystem_blocks.dylib
0x00007fff6cb0a000 	/usr/lib/system/libsystem_c.dylib
0x00007fff6cb92000 	/usr/lib/system/libsystem_configuration.dylib
0x00007fff6cb96000 	/usr/lib/system/libsystem_coreservices.dylib
0x00007fff6cb9a000 	/usr/lib/system/libsystem_darwin.dylib
0x00007fff6cba3000 	/usr/lib/system/libsystem_dnssd.dylib
0x00007fff6cbab000 	/usr/lib/system/libsystem_featureflags.dylib
0x00007fff6cbad000 	/usr/lib/system/libsystem_info.dylib
0x00007fff6cc28000 	/usr/lib/system/libsystem_m.dylib
0x00007fff6cc74000 	/usr/lib/system/libsystem_malloc.dylib
0x00007fff6cc9c000 	/usr/lib/system/libsystem_networkextension.dylib
0x00007fff6ccaa000 	/usr/lib/system/libsystem_notify.dylib
0x00007fff6ccc8000 	/usr/lib/system/libsystem_sandbox.dylib
0x00007fff6cccd000 	/usr/lib/system/libsystem_secinit.dylib
0x00007fff6cbfb000 	/usr/lib/system/libsystem_kernel.dylib
0x00007fff6ccb4000 	/usr/lib/system/libsystem_platform.dylib
0x00007fff6ccbd000 	/usr/lib/system/libsystem_pthread.dylib
0x00007fff6ccd0000 	/usr/lib/system/libsystem_symptoms.dylib
0x00007fff6ccd8000 	/usr/lib/system/libsystem_trace.dylib
0x00007fff6ccf0000 	/usr/lib/system/libunwind.dylib
0x00007fff6ccf6000 	/usr/lib/system/libxpc.dylib
0x00007fff69dde000 	/usr/lib/libc++abi.dylib
0x00007fff69d8b000 	/usr/lib/libc++.1.dylib
0x00007fff33318000 	/System/Library/Frameworks/CoreGraphics.framework/Versions/A/CoreGraphics
0x00007fff34d17000 	/System/Library/Frameworks/CoreText.framework/Versions/A/CoreText
0x00007fff35dea000 	/System/Library/Frameworks/ImageIO.framework/Versions/A/ImageIO
0x00007fff31ff1000 	/System/Library/Frameworks/ColorSync.framework/Versions/A/ColorSync
0x00007fff30f4a000 	/System/Library/Frameworks/ApplicationServices.framework/Versions/A/Frameworks/ATS.framework/Versions/A/ATS
0x00007fff31117000 	/System/Library/Frameworks/ApplicationServices.framework/Versions/A/Frameworks/ColorSyncLegacy.framework/Versions/A/ColorSyncLegacy
0x00007fff342a3000 	/System/Library/Frameworks/CoreServices.framework/Versions/A/CoreServices
0x00007fff311b5000 	/System/Library/Frameworks/ApplicationServices.framework/Versions/A/Frameworks/HIServices.framework/Versions/A/HIServices
0x00007fff3120d000 	/System/Library/Frameworks/ApplicationServices.framework/Versions/A/Frameworks/LangAnalysis.framework/Versions/A/LangAnalysis
0x00007fff3121c000 	/System/Library/Frameworks/ApplicationServices.framework/Versions/A/Frameworks/PrintCore.framework/Versions/A/PrintCore
0x00007fff31262000 	/System/Library/Frameworks/ApplicationServices.framework/Versions/A/Frameworks/QD.framework/Versions/A/QD
0x00007fff3126d000 	/System/Library/Frameworks/ApplicationServices.framework/Versions/A/Frameworks/SpeechSynthesis.framework/Versions/A/SpeechSynthesis
0x00007fff61e5a000 	/System/Library/PrivateFrameworks/SkyLight.framework/Versions/A/SkyLight
0x00007fff4f2e7000 	/System/Library/PrivateFrameworks/FontServices.framework/libFontParser.dylib
0x00007fff2eaaa000 	/System/Library/Frameworks/Accelerate.framework/Versions/A/Accelerate
0x00007fff35d5a000 	/System/Library/Frameworks/IOSurface.framework/Versions/A/IOSurface
0x00007fff6becc000 	/usr/lib/libxml2.2.dylib
0x00007fff316f5000 	/System/Library/Frameworks/CFNetwork.framework/Versions/A/CFNetwork
0x00007fff6594e000 	/System/Library/PrivateFrameworks/WatchdogClient.framework/Versions/A/WatchdogClient
0x00007fff69e07000 	/usr/lib/libcompression.dylib
0x00007fff69539000 	/usr/lib/libDiagnosticMessagesClient.dylib
0x00007fff406fd000 	/System/Library/Frameworks/SystemConfiguration.framework/Versions/A/SystemConfiguration
0x00007fff32d63000 	/System/Library/Frameworks/CoreDisplay.framework/Versions/A/CoreDisplay
0x00007fff578d3000 	/System/Library/PrivateFrameworks/IOAccelerator.framework/Versions/A/IOAccelerator
0x00007fff35cb4000 	/System/Library/Frameworks/IOKit.framework/Versions/A/IOKit
0x00007fff3843a000 	/System/Library/Frameworks/Metal.framework/Versions/A/Metal
0x00007fff387d5000 	/System/Library/Frameworks/MetalPerformanceShaders.framework/Versions/A/MetalPerformanceShaders
0x00007fff59cd7000 	/System/Library/PrivateFrameworks/MultitouchSupport.framework/Versions/A/MultitouchSupport
0x00007fff3e843000 	/System/Library/Frameworks/QuartzCore.framework/Versions/A/QuartzCore
0x00007fff69d6d000 	/usr/lib/libbsm.0.dylib
0x00007fff6abe5000 	/usr/lib/liblzma.5.dylib
0x00007fff69ca7000 	/usr/lib/libauto.dylib
0x00007fff6a860000 	/usr/lib/libfakelink.dylib
0x00007fff35239000 	/System/Library/Frameworks/DiskArbitration.framework/Versions/A/DiskArbitration
0x00007fff69b01000 	/usr/lib/libarchive.2.dylib
0x00007fff6a972000 	/usr/lib/libicucore.A.dylib
0x00007fff6abe3000 	/usr/lib/liblangid.dylib
0x00007fff6946c000 	/usr/lib/libCRFSuite.dylib
0x00007fff6a837000 	/usr/lib/libenergytrace.dylib
0x00007fff6cad8000 	/usr/lib/system/libkxld.dylib
0x00007fff464b7000 	/System/Library/PrivateFrameworks/AppleFSCompression.framework/Versions/A/AppleFSCompression
0x00007fff6a0f9000 	/usr/lib/libcoretls.dylib
0x00007fff6a110000 	/usr/lib/libcoretls_cfhelpers.dylib
0x00007fff6b94d000 	/usr/lib/libpam.2.dylib
0x00007fff6ba82000 	/usr/lib/libsqlite3.dylib
0x00007fff6beb9000 	/usr/lib/libxar.1.dylib
0x00007fff69d7e000 	/usr/lib/libbz2.1.0.dylib
0x00007fff6a881000 	/usr/lib/libiconv.2.dylib
0x00007fff69df4000 	/usr/lib/libcharset.1.dylib
0x00007fff6b3eb000 	/usr/lib/libnetwork.dylib
0x00007fff6b954000 	/usr/lib/libpcap.A.dylib
0x00007fff69ab6000 	/usr/lib/libapple_nghttp2.dylib
0x00007fff3465a000 	/System/Library/Frameworks/CoreServices.framework/Versions/A/Frameworks/FSEvents.framework/Versions/A/FSEvents
0x00007fff3432a000 	/System/Library/Frameworks/CoreServices.framework/Versions/A/Frameworks/CarbonCore.framework/Versions/A/CarbonCore
0x00007fff3489f000 	/System/Library/Frameworks/CoreServices.framework/Versions/A/Frameworks/Metadata.framework/Versions/A/Metadata
0x00007fff34938000 	/System/Library/Frameworks/CoreServices.framework/Versions/A/Frameworks/OSServices.framework/Versions/A/OSServices
0x00007fff34966000 	/System/Library/Frameworks/CoreServices.framework/Versions/A/Frameworks/SearchKit.framework/Versions/A/SearchKit
0x00007fff342a4000 	/System/Library/Frameworks/CoreServices.framework/Versions/A/Frameworks/AE.framework/Versions/A/AE
0x00007fff34663000 	/System/Library/Frameworks/CoreServices.framework/Versions/A/Frameworks/LaunchServices.framework/Versions/A/LaunchServices
0x00007fff3460c000 	/System/Library/Frameworks/CoreServices.framework/Versions/A/Frameworks/DictionaryServices.framework/Versions/A/DictionaryServices
0x00007fff349ce000 	/System/Library/Frameworks/CoreServices.framework/Versions/A/Frameworks/SharedFileList.framework/Versions/A/SharedFileList
0x00007fff39695000 	/System/Library/Frameworks/NetFS.framework/Versions/A/NetFS
0x00007fff5a207000 	/System/Library/PrivateFrameworks/NetAuth.framework/Versions/A/NetAuth
0x00007fff6694c000 	/System/Library/PrivateFrameworks/login.framework/Versions/A/Frameworks/loginsupport.framework/Versions/A/loginsupport
0x00007fff6349f000 	/System/Library/PrivateFrameworks/TCC.framework/Versions/A/TCC
0x00007fff4b0ed000 	/System/Library/PrivateFrameworks/CoreNLP.framework/Versions/A/CoreNLP
0x00007fff59704000 	/System/Library/PrivateFrameworks/MetadataUtilities.framework/Versions/A/MetadataUtilities
0x00007fff6acbd000 	/usr/lib/libmecabra.dylib
0x00007fff6ac15000 	/usr/lib/libmecab.dylib
0x00007fff6a871000 	/usr/lib/libgermantok.dylib
0x00007fff69a9d000 	/usr/lib/libThaiTokenizer.dylib
0x00007fff694a3000 	/usr/lib/libChineseTokenizer.dylib
0x00007fff2eac3000 	/System/Library/Frameworks/Accelerate.framework/Versions/A/Frameworks/vImage.framework/Versions/A/vImage
0x00007fff2ff91000 	/System/Library/Frameworks/Accelerate.framework/Versions/A/Frameworks/vecLib.framework/Versions/A/vecLib
0x00007fff2fe12000 	/System/Library/Frameworks/Accelerate.framework/Versions/A/Frameworks/vecLib.framework/Versions/A/libvMisc.dylib
0x00007fff2fc7f000 	/System/Library/Frameworks/Accelerate.framework/Versions/A/Frameworks/vecLib.framework/Versions/A/libvDSP.dylib
0x00007fff2f35f000 	/System/Library/Frameworks/Accelerate.framework/Versions/A/Frameworks/vecLib.framework/Versions/A/libBLAS.dylib
0x00007fff2f837000 	/System/Library/Frameworks/Accelerate.framework/Versions/A/Frameworks/vecLib.framework/Versions/A/libLAPACK.dylib
0x00007fff2fbdf000 	/System/Library/Frameworks/Accelerate.framework/Versions/A/Frameworks/vecLib.framework/Versions/A/libLinearAlgebra.dylib
0x00007fff2fc6c000 	/System/Library/Frameworks/Accelerate.framework/Versions/A/Frameworks/vecLib.framework/Versions/A/libSparseBLAS.dylib
0x00007fff2fbf5000 	/System/Library/Frameworks/Accelerate.framework/Versions/A/Frameworks/vecLib.framework/Versions/A/libQuadrature.dylib
0x00007fff2f4f5000 	/System/Library/Frameworks/Accelerate.framework/Versions/A/Frameworks/vecLib.framework/Versions/A/libBNNS.dylib
0x00007fff2fbfb000 	/System/Library/Frameworks/Accelerate.framework/Versions/A/Frameworks/vecLib.framework/Versions/A/libSparse.dylib
0x00007fff58278000 	/System/Library/PrivateFrameworks/LanguageModeling.framework/Versions/A/LanguageModeling
0x00007fff4aa9c000 	/System/Library/PrivateFrameworks/CoreEmoji.framework/Versions/A/CoreEmoji
0x00007fff58396000 	/System/Library/PrivateFrameworks/LinguisticData.framework/Versions/A/LinguisticData
0x00007fff58347000 	/System/Library/PrivateFrameworks/Lexicon.framework/Versions/A/Lexicon
0x00007fff69df5000 	/usr/lib/libcmph.dylib
0x00007fff3c284000 	/System/Library/Frameworks/OpenDirectory.framework/Versions/A/Frameworks/CFOpenDirectory.framework/Versions/A/CFOpenDirectory
0x00007fff3c2a1000 	/System/Library/Frameworks/OpenDirectory.framework/Versions/A/OpenDirectory
0x00007fff446e7000 	/System/Library/PrivateFrameworks/APFS.framework/Versions/A/APFS
0x00007fff3f996000 	/System/Library/Frameworks/SecurityFoundation.framework/Versions/A/SecurityFoundation
0x00007fff6beb5000 	/usr/lib/libutil.dylib
0x00007fff4bfe8000 	/System/Library/PrivateFrameworks/CoreServicesStore.framework/Versions/A/CoreServicesStore
0x00007fff3fa4d000 	/System/Library/Frameworks/ServiceManagement.framework/Versions/A/ServiceManagement
0x00007fff47c89000 	/System/Library/PrivateFrameworks/BackgroundTaskManagement.framework/Versions/A/BackgroundTaskManagement
0x00007fff6bfb2000 	/usr/lib/libxslt.1.dylib
0x00007fff54063000 	/System/Library/PrivateFrameworks/GPUWrangler.framework/Versions/A/GPUWrangler
0x00007fff578e8000 	/System/Library/PrivateFrameworks/IOPresentment.framework/Versions/A/IOPresentment
0x00007fff4cb68000 	/System/Library/PrivateFrameworks/DSExternalDisplay.framework/Versions/A/DSExternalDisplay
0x00007fff3cc15000 	/System/Library/Frameworks/OpenGL.framework/Versions/A/Libraries/libCoreFSCache.dylib
0x00007fff38521000 	/System/Library/Frameworks/MetalPerformanceShaders.framework/Frameworks/MPSCore.framework/Versions/A/MPSCore
0x00007fff3855f000 	/System/Library/Frameworks/MetalPerformanceShaders.framework/Frameworks/MPSImage.framework/Versions/A/MPSImage
0x00007fff38626000 	/System/Library/Frameworks/MetalPerformanceShaders.framework/Frameworks/MPSNeuralNetwork.framework/Versions/A/MPSNeuralNetwork
0x00007fff385ea000 	/System/Library/Frameworks/MetalPerformanceShaders.framework/Frameworks/MPSMatrix.framework/Versions/A/MPSMatrix
0x00007fff38785000 	/System/Library/Frameworks/MetalPerformanceShaders.framework/Frameworks/MPSRayIntersector.framework/Versions/A/MPSRayIntersector
0x00007fff38610000 	/System/Library/Frameworks/MetalPerformanceShaders.framework/Frameworks/MPSNDArray.framework/Versions/A/MPSNDArray
0x00007fff59751000 	/System/Library/PrivateFrameworks/MetalTools.framework/Versions/A/MetalTools
0x00007fff458c1000 	/System/Library/PrivateFrameworks/AggregateDictionary.framework/Versions/A/AggregateDictionary
0x00007fff4a4e3000 	/System/Library/PrivateFrameworks/CoreAnalytics.framework/Versions/A/CoreAnalytics
0x00007fff46a49000 	/System/Library/PrivateFrameworks/AppleSauce.framework/Versions/A/AppleSauce
0x00007fff6987d000 	/usr/lib/libMobileGestalt.dylib
0x00007fff46b2b000 	/System/Library/PrivateFrameworks/AppleSystemInfo.framework/Versions/A/AppleSystemInfo
0x00007fff6975f000 	/usr/lib/libIOReport.dylib
0x00007fff339be000 	/System/Library/Frameworks/CoreImage.framework/Versions/A/CoreImage
0x00007fff34ed0000 	/System/Library/Frameworks/CoreVideo.framework/Versions/A/CoreVideo
0x00007fff3d876000 	/System/Library/Frameworks/OpenGL.framework/Versions/A/OpenGL
0x00007fff554dc000 	/System/Library/PrivateFrameworks/GraphVisualizer.framework/Versions/A/GraphVisualizer
0x00007fff4e82d000 	/System/Library/PrivateFrameworks/FaceCore.framework/Versions/A/FaceCore
0x00007fff3c22b000 	/System/Library/Frameworks/OpenCL.framework/Versions/A/OpenCL
0x00007fff69581000 	/usr/lib/libFosl_dynamic.dylib
0x00007fff5ac29000 	/System/Library/PrivateFrameworks/OTSVG.framework/Versions/A/OTSVG
0x00007fff3104e000 	/System/Library/Frameworks/ApplicationServices.framework/Versions/A/Frameworks/ATS.framework/Versions/A/Resources/libFontRegistry.dylib
0x00007fff69b74000 	/usr/lib/libate.dylib
0x00007fff36009000 	/System/Library/Frameworks/ImageIO.framework/Versions/A/Resources/libJPEG.dylib
0x00007fff362c8000 	/System/Library/Frameworks/ImageIO.framework/Versions/A/Resources/libTIFF.dylib
0x00007fff362ab000 	/System/Library/Frameworks/ImageIO.framework/Versions/A/Resources/libPng.dylib
0x00007fff35f4b000 	/System/Library/Frameworks/ImageIO.framework/Versions/A/Resources/libGIF.dylib
0x00007fff35f4f000 	/System/Library/Frameworks/ImageIO.framework/Versions/A/Resources/libJP2.dylib
0x00007fff362c6000 	/System/Library/Frameworks/ImageIO.framework/Versions/A/Resources/libRadiance.dylib
0x00007fff6a838000 	/usr/lib/libexpat.1.dylib
0x00007fff46612000 	/System/Library/PrivateFrameworks/AppleJPEG.framework/Versions/A/AppleJPEG
0x00007fff4f4b7000 	/System/Library/PrivateFrameworks/FontServices.framework/libhvf.dylib
0x00007fff3cc20000 	/System/Library/Frameworks/OpenGL.framework/Versions/A/Libraries/libGFXShared.dylib
0x00007fff3cdfe000 	/System/Library/Frameworks/OpenGL.framework/Versions/A/Libraries/libGLU.dylib
0x00007fff3cc29000 	/System/Library/Frameworks/OpenGL.framework/Versions/A/Libraries/libGL.dylib
0x00007fff3cc34000 	/System/Library/Frameworks/OpenGL.framework/Versions/A/Libraries/libGLImage.dylib
0x00007fff3cc12000 	/System/Library/Frameworks/OpenGL.framework/Versions/A/Libraries/libCVMSPluginSupport.dylib
0x00007fff3cc1b000 	/System/Library/Frameworks/OpenGL.framework/Versions/A/Libraries/libCoreVMClient.dylib
0x00007fff6b28c000 	/usr/lib/libncurses.5.4.dylib
0x00007fff310e7000 	/System/Library/Frameworks/ApplicationServices.framework/Versions/A/Frameworks/ATSUI.framework/Versions/A/ATSUI
0x00007fff6a6ce000 	/usr/lib/libcups.2.dylib
0x00007fff37870000 	/System/Library/Frameworks/Kerberos.framework/Versions/A/Kerberos
0x00007fff359ad000 	/System/Library/Frameworks/GSS.framework/Versions/A/GSS
0x00007fff6ba0e000 	/usr/lib/libresolv.9.dylib
0x00007fff55689000 	/System/Library/PrivateFrameworks/Heimdal.framework/Versions/A/Heimdal
0x00007fff37883000 	/System/Library/Frameworks/Kerberos.framework/Versions/A/Libraries/libHeimdalProxy.dylib
0x00007fff6a877000 	/usr/lib/libheimdal-asn1.dylib
0x00007fff4997b000 	/System/Library/PrivateFrameworks/CommonAuth.framework/Versions/A/CommonAuth
0x00007fff323d2000 	/System/Library/Frameworks/CoreAudio.framework/Versions/A/CoreAudio
0x00007fff3127b000 	/System/Library/Frameworks/AudioToolbox.framework/Versions/A/AudioToolbox
0x00007fff46bc8000 	/System/Library/PrivateFrameworks/AssertionServices.framework/Versions/A/AssertionServices
0x00007fff4776b000 	/System/Library/PrivateFrameworks/AudioToolboxCore.framework/Versions/A/AudioToolboxCore
0x00007fff665fc000 	/System/Library/PrivateFrameworks/caulk.framework/Versions/A/caulk
0x00007fff47d35000 	/System/Library/PrivateFrameworks/BaseBoard.framework/Versions/A/BaseBoard
0x00007fff5ee8c000 	/System/Library/PrivateFrameworks/RunningBoardServices.framework/Versions/A/RunningBoardServices
0x00007fff5be9d000 	/System/Library/PrivateFrameworks/PersistentConnection.framework/Versions/A/PersistentConnection
0x00007fff5e885000 	/System/Library/PrivateFrameworks/ProtocolBuffer.framework/Versions/A/ProtocolBuffer
0x00007fff4999f000 	/System/Library/PrivateFrameworks/CommonUtilities.framework/Versions/A/CommonUtilities
0x00007fff47ec3000 	/System/Library/PrivateFrameworks/Bom.framework/Versions/A/Bom
0x00007fff69432000 	/usr/lib/libAudioToolboxUtility.dylib
0x00007fff3013b000 	/System/Library/Frameworks/AppKit.framework/Versions/C/AppKit
0x00007fff32967000 	/System/Library/Frameworks/CoreData.framework/Versions/A/CoreData
0x00007fff63c6a000 	/System/Library/PrivateFrameworks/UIFoundation.framework/Versions/A/UIFoundation
0x00007fff5ecfe000 	/System/Library/PrivateFrameworks/RemoteViewServices.framework/Versions/A/RemoteViewServices
0x00007fff6657f000 	/System/Library/PrivateFrameworks/XCTTargetBootstrap.framework/Versions/A/XCTTargetBootstrap
0x00007fff4ccfb000 	/System/Library/PrivateFrameworks/DesktopServicesPriv.framework/Versions/A/DesktopServicesPriv
0x00007fff4bf90000 	/System/Library/PrivateFrameworks/CoreSVG.framework/Versions/A/CoreSVG
0x00007fff57c87000 	/System/Library/PrivateFrameworks/IconServices.framework/Versions/A/IconServices
0x00007fff4cb55000 	/System/Library/PrivateFrameworks/DFRFoundation.framework/Versions/A/DFRFoundation
0x00007fff3135e000 	/System/Library/Frameworks/AudioUnit.framework/Versions/A/AudioUnit
0x00007fff4cbf7000 	/System/Library/PrivateFrameworks/DataDetectorsCore.framework/Versions/A/DataDetectorsCore
0x00007fff31b04000 	/System/Library/Frameworks/Carbon.framework/Versions/A/Frameworks/HIToolbox.framework/Versions/A/HIToolbox
0x00007fff31e43000 	/System/Library/Frameworks/Carbon.framework/Versions/A/Frameworks/SpeechRecognition.framework/Versions/A/SpeechRecognition
0x00007fff4c669000 	/System/Library/PrivateFrameworks/CoreUI.framework/Versions/A/CoreUI
0x00007fff5be91000 	/System/Library/PrivateFrameworks/PerformanceAnalysis.framework/Versions/A/PerformanceAnalysis
0x00007fff639d4000 	/System/Library/PrivateFrameworks/TextureIO.framework/Versions/A/TextureIO
0x00007fff57e90000 	/System/Library/PrivateFrameworks/InternationalSupport.framework/Versions/A/InternationalSupport
0x00007fff47c93000 	/System/Library/PrivateFrameworks/Backup.framework/Versions/A/Backup
0x00007fff4ca89000 	/System/Library/PrivateFrameworks/CrashReporterSupport.framework/Versions/A/CrashReporterSupport
0x00007fff6091e000 	/System/Library/PrivateFrameworks/Sharing.framework/Versions/A/Sharing
0x00007fff461d5000 	/System/Library/PrivateFrameworks/Apple80211.framework/Versions/A/Apple80211
0x00007fff479b0000 	/System/Library/PrivateFrameworks/AuthKit.framework/Versions/A/AuthKit
0x00007fff4c796000 	/System/Library/PrivateFrameworks/CoreUtils.framework/Versions/A/CoreUtils
0x00007fff34f15000 	/System/Library/Frameworks/CoreWLAN.framework/Versions/A/CoreWLAN
0x00007fff35b3a000 	/System/Library/Frameworks/IOBluetooth.framework/Versions/A/IOBluetooth
0x00007fff59a56000 	/System/Library/PrivateFrameworks/MobileKeyBag.framework/Versions/A/MobileKeyBag
0x00007fff4b585000 	/System/Library/PrivateFrameworks/CorePhoneNumbers.framework/Versions/A/CorePhoneNumbers
0x00007fff465c5000 	/System/Library/PrivateFrameworks/AppleIDAuthSupport.framework/Versions/A/AppleIDAuthSupport
0x00007fff396a2000 	/System/Library/Frameworks/Network.framework/Versions/A/Network
0x00007fff58124000 	/System/Library/PrivateFrameworks/KeychainCircle.framework/Versions/A/KeychainCircle
0x00007fff3292e000 	/System/Library/Frameworks/CoreBluetooth.framework/Versions/A/CoreBluetooth
0x00007fff6299d000 	/System/Library/PrivateFrameworks/SpeechRecognitionCore.framework/Versions/A/SpeechRecognitionCore
0x00007fff25ea5000 	/System/Library/CoreServices/Encodings/libCyrillicConverter.dylib
0x0000000101200000 	/Users/mac/Library/Java/JavaVirtualMachines/openjdk-25-patched/Contents/Home/lib/server/libjvm.dylib
0x000000010090b000 	/Users/mac/Library/Java/JavaVirtualMachines/openjdk-25-patched/Contents/Home/lib/libjimage.dylib
0x000000010091b000 	/Users/mac/Library/Java/JavaVirtualMachines/openjdk-25-patched/Contents/Home/lib/libinstrument.dylib
0x000000010092d000 	/Users/mac/Library/Java/JavaVirtualMachines/openjdk-25-patched/Contents/Home/lib/libjava.dylib
0x000000010d694000 	/Users/mac/Library/Java/JavaVirtualMachines/openjdk-25-patched/Contents/Home/lib/libzip.dylib
0x000000010d6a3000 	/Users/mac/Library/Java/JavaVirtualMachines/openjdk-25-patched/Contents/Home/lib/libnio.dylib
0x000000010d6ba000 	/Users/mac/Library/Java/JavaVirtualMachines/openjdk-25-patched/Contents/Home/lib/libnet.dylib
0x000000010d6cc000 	/Users/mac/Library/Java/JavaVirtualMachines/openjdk-25-patched/Contents/Home/lib/libextnet.dylib
0x000000010d6d7000 	/Users/mac/Library/Java/JavaVirtualMachines/openjdk-25-patched/Contents/Home/lib/libprefs.dylib
0x000000010d6e4000 	/private/var/folders/57/xgqcb4yj1_958k83lyr82lrw0000gn/T/audiosnd_8458971136953070025audio-snd.dylib
0x000000010d760000 	/System/Library/Extensions/AppleHDA.kext/Contents/PlugIns/AppleHDAHALPlugIn.bundle/Contents/MacOS/AppleHDAHALPlugIn
0x000000010d76d000 	/System/Library/Components/CoreAudio.component/Contents/MacOS/CoreAudio
0x00007fff47654000 	/System/Library/PrivateFrameworks/AudioSession.framework/Versions/A/AudioSession
0x00007fff476a6000 	/System/Library/PrivateFrameworks/AudioSession.framework/libSessionUtility.dylib
0x00007fff4bfb4000 	/System/Library/PrivateFrameworks/CoreServicesInternal.framework/Versions/A/CoreServicesInternal

JVMTI agents:
/Applications/IntelliJ IDEA.app/Contents/lib/idea_rt.jar path:none, loaded, initialized, instrumentlib options:64923


VM Arguments:
jvm_args: --enable-native-access=ALL-UNNAMED -javaagent:/Applications/IntelliJ IDEA.app/Contents/lib/idea_rt.jar=64923 -Dfile.encoding=UTF-8 -Dsun.stdout.encoding=UTF-8 -Dsun.stderr.encoding=UTF-8 
java_command: org.plovdev.audioengine.examples.PlayerExample
java_class_path (initial): /Users/mac/IdeaProjects/AudioSND/examples/target/classes:/Users/mac/IdeaProjects/AudioSND/core/target/classes:/Users/mac/IdeaProjects/AudioSND/implementation/target/classes:/Users/mac/IdeaProjects/AudioSND/loaders/target/classes:/Users/mac/IdeaProjects/AudioSND/generator/target/classes:/Users/mac/IdeaProjects/AudioSND/effects/target/classes:/Users/mac/IdeaProjects/AudioSND/profiler/target/classes:/Users/mac/.m2/repository/org/slf4j/slf4j-api/2.0.17/slf4j-api-2.0.17.jar:/Users/mac/.m2/repository/ch/qos/logback/logback-classic/1.5.26/logback-classic-1.5.26.jar:/Users/mac/.m2/repository/ch/qos/logback/logback-core/1.5.26/logback-core-1.5.26.jar:/Users/mac/.m2/repository/org/jetbrains/annotations/17.0.0/annotations-17.0.0.jar
Launcher Type: SUN_STANDARD

[Global flags]
     intx CICompilerCount                          = 3                                         {product} {ergonomic}
     uint ConcGCThreads                            = 1                                         {product} {ergonomic}
     uint G1ConcRefinementThreads                  = 4                                         {product} {ergonomic}
   size_t G1HeapRegionSize                         = 1048576                                   {product} {ergonomic}
   size_t InitialHeapSize                          = 134217728                                 {product} {ergonomic}
   size_t MarkStackSize                            = 4194304                                   {product} {ergonomic}
   size_t MarkStackSizeMax                         = 536870912                                 {product} {ergonomic}
   size_t MaxHeapSize                              = 2147483648                                {product} {ergonomic}
   size_t MaxNewSize                               = 1287651328                                {product} {ergonomic}
   size_t MinHeapDeltaBytes                        = 1048576                                   {product} {ergonomic}
   size_t MinHeapSize                              = 8388608                                   {product} {ergonomic}
    uintx NonNMethodCodeHeapSize                   = 5832704                                {pd product} {ergonomic}
    uintx NonProfiledCodeHeapSize                  = 122916864                              {pd product} {ergonomic}
    uintx ProfiledCodeHeapSize                     = 122908672                              {pd product} {ergonomic}
    uintx ReservedCodeCacheSize                    = 251658240                              {pd product} {ergonomic}
     bool SegmentedCodeCache                       = true                                      {product} {ergonomic}
   size_t SoftMaxHeapSize                          = 2147483648                             {manageable} {ergonomic}
     bool UseCompressedOops                        = true                           {product lp64_product} {ergonomic}
     bool UseG1GC                                  = true                                      {product} {ergonomic}
     bool UseNUMA                                  = false                                     {product} {ergonomic}
     bool UseNUMAInterleaving                      = false                                     {product} {ergonomic}

Logging:
Log output configuration:
 #0: stdout all=warning uptime,level,tags foldmultilines=false
 #1: stderr all=off uptime,level,tags foldmultilines=false

Release file:
IMPLEMENTOR="Oracle Corporation"
JAVA_RUNTIME_VERSION="25.0.2+10-69"
JAVA_VERSION="25.0.2"
JAVA_VERSION_DATE="2026-01-20"
LIBC="default"
MODULES="java.base java.compiler java.datatransfer java.xml java.prefs java.desktop java.instrument java.logging java.management java.security.sasl java.naming java.rmi java.management.rmi java.net.http java.scripting java.security.jgss java.transaction.xa java.sql java.sql.rowset java.xml.crypto java.se java.smartcardio jdk.accessibility jdk.internal.jvmstat jdk.attach jdk.charsets jdk.internal.opt jdk.zipfs jdk.compiler jdk.crypto.cryptoki jdk.crypto.ec jdk.dynalink jdk.internal.ed jdk.editpad jdk.internal.vm.ci jdk.graal.compiler jdk.graal.compiler.management jdk.hotspot.agent jdk.httpserver jdk.incubator.vector jdk.internal.le jdk.internal.md jdk.jartool jdk.javadoc jdk.jcmd jdk.management jdk.management.agent jdk.jconsole jdk.jdeps jdk.jdwp.agent jdk.jdi jdk.jfr jdk.jlink jdk.jpackage jdk.jshell jdk.jsobject jdk.jstatd jdk.localedata jdk.management.jfr jdk.naming.dns jdk.naming.rmi jdk.net jdk.nio.mapmode jdk.sctp jdk.security.auth jdk.security.jgss jdk.unsupported jdk.unsupported.desktop jdk.xml.dom"
OS_ARCH="x86_64"
OS_NAME="Darwin"
SOURCE=".:git:405a5699ebd0"

Environment Variables:
JAVA_HOME=/Users/mac/Library/Java/JavaVirtualMachines/openjdk-25.0.2/Contents/Home
PATH=/Users/mac/Library/Java/JavaVirtualMachines/openjdk-25.0.2/Contents/Home/bin:/Applications/CMake.app/Contents/bin:/Applications/Postgres.app/Contents/Versions/latest/bin:/usr/local/opt/postgresql@14/bin:/Users/mac/maven/bin/bin:/Users/mac/maven/bin:/Users/mac/maven/bin:/Library/Java/JavaVirtualMachines/graalvm-jdk-21.0.9+7.1/Contents/Home/bin:/usr/local/bin:/usr/bin:/bin:/usr/sbin:/sbin:/opt/X11/bin
SHELL=/bin/zsh
DISPLAY=/private/tmp/com.apple.launchd.NI9lRpErvM/org.xquartz:0
LC_CTYPE=ru_RU.UTF-8
TMPDIR=/var/folders/57/xgqcb4yj1_958k83lyr82lrw0000gn/T/

Active Locale:
LC_ALL=C/ru_RU.UTF-8/C/C/C/C
LC_COLLATE=C
LC_CTYPE=ru_RU.UTF-8
LC_MESSAGES=C
LC_MONETARY=C
LC_NUMERIC=C
LC_TIME=C

Signal Handlers:
   SIGSEGV: crash_handler in libjvm.dylib, mask=11100110000111110111111111111111, flags=SA_ONSTACK|SA_RESTART|SA_SIGINFO, unblocked
    SIGBUS: crash_handler in libjvm.dylib, mask=11100110000111110111111111111111, flags=SA_RESTART|SA_SIGINFO, unblocked
    SIGFPE: crash_handler in libjvm.dylib, mask=11100110000111110111111111111111, flags=SA_RESTART|SA_SIGINFO, unblocked
   SIGPIPE: javaSignalHandler in libjvm.dylib, mask=11100110000111110111111111111111, flags=SA_RESTART|SA_SIGINFO, blocked
   SIGXFSZ: javaSignalHandler in libjvm.dylib, mask=11100110000111110111111111111111, flags=SA_RESTART|SA_SIGINFO, blocked
    SIGILL: crash_handler in libjvm.dylib, mask=11100110000111110111111111111111, flags=SA_RESTART|SA_SIGINFO, unblocked
   SIGUSR2: SR_handler in libjvm.dylib, mask=00000000000000000000000000000000, flags=SA_RESTART|SA_SIGINFO, blocked
    SIGHUP: UserHandler in libjvm.dylib, mask=11100110000111110111111111111111, flags=SA_RESTART|SA_SIGINFO, blocked
    SIGINT: UserHandler in libjvm.dylib, mask=11100110000111110111111111111111, flags=SA_RESTART|SA_SIGINFO, blocked
   SIGTERM: UserHandler in libjvm.dylib, mask=11100110000111110111111111111111, flags=SA_RESTART|SA_SIGINFO, blocked
   SIGQUIT: UserHandler in libjvm.dylib, mask=11100110000111110111111111111111, flags=SA_RESTART|SA_SIGINFO, blocked
   SIGTRAP: crash_handler in libjvm.dylib, mask=11100110000111110111111111111111, flags=SA_RESTART|SA_SIGINFO, unblocked


Compilation memory statistics disabled.

Periodic native trim disabled

---------------  S Y S T E M  ---------------

OS:
uname: Darwin 19.6.0 Darwin Kernel Version 19.6.0: Tue Jun 21 21:18:39 PDT 2022; root:xnu-6153.141.66~1/RELEASE_X86_64 x86_64
OS uptime: 7 days 1:57 hours
rlimit (soft/hard): STACK 8192k/65532k , CORE 0k/infinity , NPROC 1392/2088 , NOFILE 10240/infinity , AS infinity/infinity , CPU infinity/infinity , DATA infinity/infinity , FSIZE infinity/infinity , MEMLOCK infinity/infinity , RSS infinity/infinity
load average: 4.75 3.24 4.96

CPU: total 4 (initial active 4) (2 cores per cpu, 2 threads per core) family 6 model 58 stepping 9 microcode 0x21, cx8, cmov, fxsr, ht, mmx, sse, sse2, sse3, ssse3, sse4.1, sse4.2, popcnt, tsc, tscinvbit, avx, aes, erms, clmul, vzeroupper, clflush, rdtscp, f16c
machdep.cpu.brand_string:Intel(R) Core(TM) i7-3667U CPU @ 2.00GHz
hw.cpufrequency:2000000000
hw.cpufrequency_min:2000000000
hw.cpufrequency_max:2000000000
hw.cachelinesize:64
hw.l1icachesize:32768
hw.l1dcachesize:32768
hw.l2cachesize:262144
hw.l3cachesize:4194304

Memory: 4k page, physical 8388608k(26456k free), swap 2097152k(1658880k free)

vm_info: OpenJDK 64-Bit Server VM (25.0.2+10-69) for bsd-amd64 JRE (25.0.2+10-69), built on 2025-12-18T11:36:35Z with clang Apple LLVM 15.0.0 (clang-1500.3.9.4)

END.
