#
# A fatal error has been detected by the Java Runtime Environment:
#
#  SIGSEGV (0xb) at pc=0x0000000108864689, pid=33624, tid=9475
#
# JRE version: OpenJDK Runtime Environment (25.0.2+10) (build 25.0.2+10-69)
# Java VM: OpenJDK 64-Bit Server VM (25.0.2+10-69, mixed mode, sharing, tiered, compressed oops, compressed class ptrs, g1 gc, bsd-amd64)
# Problematic frame:
# V  [libjvm.dylib+0x664689]  jni_ThrowNew+0x119
#
# No core dump will be written. Core dumps have been disabled. To enable core dumping, try "ulimit -c unlimited" before starting Java again
#
# If you would like to submit a bug report, please visit:
#   https://bugreport.java.com/bugreport/crash.jsp
#

---------------  S U M M A R Y ------------

Command Line: --enable-native-access=ALL-UNNAMED -javaagent:/Applications/IntelliJ IDEA.app/Contents/lib/idea_rt.jar=57526 -Dfile.encoding=UTF-8 -Dsun.stdout.encoding=UTF-8 -Dsun.stderr.encoding=UTF-8 org.plovdev.audioengine.examples.MicrophoneExample

Host: "MacBookAir5,2" x86_64 2000 MHz, 4 cores, 8G, Darwin 19.6.0, macOS 10.15.8 (19H2036)
Time: Mon Apr 20 19:13:29 2026 MSK elapsed time: 3.142338 seconds (0d 0h 0m 3s)

---------------  T H R E A D  ---------------

Current thread (0x00007ff2b9808200):  JavaThread "main"             [_thread_in_vm, id=9475, stack(0x0000700008a31000,0x0000700008b31000) (1024K)]

Stack: [0x0000700008a31000,0x0000700008b31000],  sp=0x0000700008b305a0,  free space=1021k
Native frames: (J=compiled Java code, j=interpreted, Vv=VM code, C=native code)
V  [libjvm.dylib+0x664689]  jni_ThrowNew+0x119
C  [audiosnd_6295761531281154553audio-snd.dylib+0xd9fc]  JNIEnv_::ThrowNew(_jclass*, char const*)+0x2c
C  [audiosnd_6295761531281154553audio-snd.dylib+0xd3fa]  Java_org_plovdev_audioengine_devices_NativeInputAudioDevice__1open+0x8fa
j  org.plovdev.audioengine.devices.NativeInputAudioDevice._open(Lorg/plovdev/audioengine/format/TrackFormat;Lorg/plovdev/audioengine/devices/AudioDeviceInfo;)J+0
j  org.plovdev.audioengine.devices.NativeInputAudioDevice.open(Lorg/plovdev/audioengine/format/TrackFormat;)V+68
j  org.plovdev.audioengine.api.NativeAudioRecorder.init()V+18
j  org.plovdev.audioengine.api.NativeAudioRecorder.<init>(Lorg/plovdev/audioengine/format/TrackFormat;Lorg/plovdev/audioengine/devices/AudioDeviceInfo;)V+145
j  org.plovdev.audioengine.examples.MicrophoneExample.main([Ljava/lang/String;)V+21
v  ~StubRoutines::call_stub 0x000000011e352fa6
V  [libjvm.dylib+0x5f00fe]  JavaCalls::call_helper(JavaValue*, methodHandle const&, JavaCallArguments*, JavaThread*)+0x2de
V  [libjvm.dylib+0x666483]  jni_invoke_nonstatic(JNIEnv_*, JavaValue*, _jobject*, JNICallType, _jmethodID*, JNI_ArgumentPusher*, JavaThread*)+0x3e3
V  [libjvm.dylib+0x66b25e]  jni_CallVoidMethod+0x17e
C  [libjli.dylib+0x41ec]  invokeInstanceMainWithArgs+0x8c
C  [libjli.dylib+0x4b14]  JavaMain+0x814
C  [libjli.dylib+0x7879]  ThreadJavaMain+0x9
C  [libsystem_pthread.dylib+0x6109]  _pthread_start+0x94
C  [libsystem_pthread.dylib+0x1b8b]  thread_start+0xf
Java frames: (J=compiled Java code, j=interpreted, Vv=VM code)
j  org.plovdev.audioengine.devices.NativeInputAudioDevice._open(Lorg/plovdev/audioengine/format/TrackFormat;Lorg/plovdev/audioengine/devices/AudioDeviceInfo;)J+0
j  org.plovdev.audioengine.devices.NativeInputAudioDevice.open(Lorg/plovdev/audioengine/format/TrackFormat;)V+68
j  org.plovdev.audioengine.api.NativeAudioRecorder.init()V+18
j  org.plovdev.audioengine.api.NativeAudioRecorder.<init>(Lorg/plovdev/audioengine/format/TrackFormat;Lorg/plovdev/audioengine/devices/AudioDeviceInfo;)V+145
j  org.plovdev.audioengine.examples.MicrophoneExample.main([Ljava/lang/String;)V+21
v  ~StubRoutines::call_stub 0x000000011e352fa6

siginfo: si_signo: 11 (SIGSEGV), si_code: 1 (SEGV_MAPERR), si_addr: 0x0000000000000000

Registers:
RAX=0x0000000000000000, RBX=0x00007ff2b9808200, RCX=0x00007ff2b870d958, RDX=0x00007ff2b848fc58
RSP=0x0000700008b305a0, RBP=0x0000700008b305e0, RSI=0x0000000000000000, RDI=0x00007ff2b9808628
R8 =0x0000700008b2f800, R9 =0x0000700008b30310, R10=0x0000000108ecca7e, R11=0x00000ff2b0ce2366
R12=0x00007ff2b9808628, R13=0x000000016759aed8, R14=0x00007ff2b848fc58, R15=0x0000000000000000
RIP=0x0000000108864689, EFLAGS=0x0000000000010297, ERR=0x0000000000000004
  TRAPNO=0x000000000000000e


Register to memory mapping:

RAX=0x0 is null
RBX=0x00007ff2b9808200 is a thread
RCX=0x00007ff2b870d958 points into unknown readable memory: 0x0000000787f135f8 | f8 35 f1 87 07 00 00 00
RDX=0x00007ff2b848fc58 points into unknown readable memory: 0x742064656c696146 | 46 61 69 6c 65 64 20 74
RSP=0x0000700008b305a0 is pointing into the stack for thread: 0x00007ff2b9808200
RBP=0x0000700008b305e0 is pointing into the stack for thread: 0x00007ff2b9808200
RSI=0x0 is null
RDI=0x00007ff2b9808628 points into unknown readable memory: 0x00000001090898e0 | e0 98 08 09 01 00 00 00
R8 =0x0000700008b2f800 is pointing into the stack for thread: 0x00007ff2b9808200
R9 =0x0000700008b30310 is pointing into the stack for thread: 0x00007ff2b9808200
R10=0x0000000108ecca7e: _ZZN11ClassLoader24file_name_for_class_nameEPKciE12class_suffix+0x111dd in /Users/mac/Library/Java/JavaVirtualMachines/openjdk-25-patched/Contents/Home/lib/server/libjvm.dylib at 0x0000000108200000
R11=0x00000ff2b0ce2366 is an unknown value
R12=0x00007ff2b9808628 points into unknown readable memory: 0x00000001090898e0 | e0 98 08 09 01 00 00 00
R13={method} {0x000000016759aed8} '_open' '(Lorg/plovdev/audioengine/format/TrackFormat;Lorg/plovdev/audioengine/devices/AudioDeviceInfo;)J' in 'org/plovdev/audioengine/devices/NativeInputAudioDevice'
R14=0x00007ff2b848fc58 points into unknown readable memory: 0x742064656c696146 | 46 61 69 6c 65 64 20 74
R15=0x0 is null

Top of Stack: (sp=0x0000700008b305a0)
0x0000700008b305a0:   00007ff2b9808200 00007ff2b870d950   ........P.p.....
0x0000700008b305b0:   000000000000013c 0000000108f1ca9a   <...............
0x0000700008b305c0:   000000016759aed8 0000000000000000   ..Yg............
0x0000700008b305d0:   0000700008b308f8 00007ff2b9808200   .....p..........
0x0000700008b305e0:   0000700008b30610 00000001167419fc   .....p....t.....
0x0000700008b305f0:   0000700008b30610 00007ff2b848fc58   .....p..X.H.....
0x0000700008b30600:   0000000000000000 00007ff2b9808628   ........(.......
0x0000700008b30610:   0000700008b30850 00000001167413fa   P....p....t.....
0x0000700008b30620:   0000000786d48ab8 0000000786d48b28   ........(.......
0x0000700008b30630:   0000000000000000 0000000000000000   ................
0x0000700008b30640:   00007ff2b8785940 0000000000000042   @Yx.....B.......
0x0000700008b30650:   0000000101010160 0000000000000000   `...............
0x0000700008b30660:   00007ff2b9808628 0000000000000000   (...............
0x0000700008b30670:   0000000800000004 656f696475615f00   ........._audioe
0x0000700008b30680:   0000000000000000 614e5f7365636976   ........vices_Na
0x0000700008b30690:   f4673930a3d60022 00007ff2b870d4d0   "...09g...p.....
0x0000700008b306a0:   00007ff2b9808200 000000016759aed8   ..........Yg....
0x0000700008b306b0:   00007ff2b870d518 00007ff2b8496a70   ..p.....pjI.....
0x0000700008b306c0:   ffffd58f08b307b0 00000000883580a2   ..........5.....
0x0000700008b306d0:   0000700008b30820 00000000000003d8    ....p..........
0x0000700008b306e0:   00000000b870d518 000000000000003a   ..p.....:.......
0x0000700008b306f0:   000000016759aed8 00000000b9808200   ..Yg............
0x0000700008b30700:   00000001270acce8 0000000000000000   ...'............
0x0000700008b30710:   0000000108b30770 00000000b9808200   p...............
0x0000700008b30720:   0000000088358090 00007ff2b8520760   ..5.....`.R.....
0x0000700008b30730:   0000000088358090 00007ff2b8785ac0   ..5......Zx.....
0x0000700008b30740:   0000700008b30808 0000000000000008   .....p..........
0x0000700008b30750:   0000700008b30790 00000001085755e3   .....p...UW.....
0x0000700008b30760:   0000000000000000 00007ff2b8496a70   ........pjI.....
0x0000700008b30770:   0000000000000001 00007ff2b9808200   ................
0x0000700008b30780:   f4673930a3d60022 0000700008b30818   "...09g......p..
0x0000700008b30790:   0000000000000000 000000000000003a   ........:.......

Instructions: (pc=0x0000000108864689)
  0x0000000108864589:   8d 9f d8 fb ff ff b8 53 21 ff ff 03 87 a0 00 00
  0x0000000108864599:   00 83 f8 01 77 4c 48 89 df e8 b9 e1 f9 ff 48 8d
  0x00000001088645a9:   05 4a b4 84 00 80 38 00 c7 83 b4 04 00 00 06 00
  0x00000001088645b9:   00 00 75 44 f0 83 04 24 00 48 8b 43 28 48 a9 01
  0x00000001088645c9:   00 00 00 74 3f 48 89 df be 01 00 00 00 31 d2 e8
  0x00000001088645d9:   03 67 3d 00 f7 83 b0 04 00 00 08 00 00 00 75 30
  0x00000001088645e9:   eb 36 48 8d 05 06 b4 84 00 80 38 00 c7 83 b4 04
  0x00000001088645f9:   00 00 06 00 00 00 74 bc 48 8b 43 28 48 a9 01 00
  0x0000000108864609:   00 00 75 c1 f7 83 b0 04 00 00 08 00 00 00 74 08
  0x0000000108864619:   48 89 df e8 cf f4 f9 ff c7 83 b4 04 00 00 06 00
  0x0000000108864629:   00 00 48 89 5d c0 48 c7 45 c8 00 00 00 00 48 83
  0x0000000108864639:   7b 08 00 74 09 48 8d 7d c0 e8 49 71 38 00 4c 89
  0x0000000108864649:   e7 4c 89 fe 4c 89 f2 90 0f 1f 40 00 44 89 f8 83
  0x0000000108864659:   e0 03 48 83 f8 02 74 16 83 f8 01 75 23 49 ff cf
  0x0000000108864669:   4c 89 ff ff 15 1e 15 83 00 48 89 c7 eb 15 49 83
  0x0000000108864679:   c7 fe 4c 89 ff ff 15 2c f9 81 00 48 89 c7 eb 03
=>0x0000000108864689:   49 8b 3f 48 8d 05 8d b9 84 00 8b 30 e8 c6 99 32
  0x0000000108864699:   00 4c 8b 78 18 48 8b 80 98 00 00 00 48 8b 78 08
  0x00000001088646a9:   48 85 ff 74 37 ff 15 fc f8 81 00 48 85 c0 74 2c
  0x00000001088646b9:   49 89 c4 48 8b bb 90 03 00 00 4c 8b 4f 20 48 8b
  0x00000001088646c9:   47 28 4c 29 c8 48 83 f8 08 73 16 be 08 00 00 00
  0x00000001088646d9:   31 d2 e8 a0 ab b3 ff 49 89 c1 eb 0d 45 31 c9 eb
  0x00000001088646e9:   0b 49 8d 41 08 48 89 47 20 4d 89 21 48 8d 35 23
  0x00000001088646f9:   f0 67 00 48 89 df ba 16 02 00 00 4c 89 f9 4d 89
  0x0000000108864709:   f0 e8 81 df e4 ff 31 ff 90 0f 1f 40 00 48 83 7d
  0x0000000108864719:   c8 00 74 09 48 8d 7d c0 e8 da 70 38 00 4c 8b b3
  0x0000000108864729:   a8 01 00 00 49 8b 46 10 48 83 38 00 74 0c 4c 89
  0x0000000108864739:   f7 e8 f1 40 f3 ff 49 8b 46 10 49 8b 4e 08 48 89
  0x0000000108864749:   41 18 49 8b 46 08 49 8b 4e 18 48 89 48 20 49 8b
  0x0000000108864759:   46 08 49 8b 4e 20 48 89 48 28 48 8d bb 08 04 00
  0x0000000108864769:   00 e8 e1 46 e6 ff c7 83 b4 04 00 00 04 00 00 00
  0x0000000108864779:   31 c0 48 83 c4 20 5b 41 5c 41 5e 41 5f 5d c3 0f


Stack slot to memory mapping:

stack at sp + 0 slots: 0x00007ff2b9808200 is a thread
stack at sp + 1 slots: 0x00007ff2b870d950 points into unknown readable memory: 0x0000000786d4aec8 | c8 ae d4 86 07 00 00 00
stack at sp + 2 slots: 0x000000000000013c is an unknown value
stack at sp + 3 slots: 0x0000000108f1ca9a: _ZZN11ClassLoader24file_name_for_class_nameEPKciE12class_suffix+0x611f9 in /Users/mac/Library/Java/JavaVirtualMachines/openjdk-25-patched/Contents/Home/lib/server/libjvm.dylib at 0x0000000108200000
stack at sp + 4 slots: {method} {0x000000016759aed8} '_open' '(Lorg/plovdev/audioengine/format/TrackFormat;Lorg/plovdev/audioengine/devices/AudioDeviceInfo;)J' in 'org/plovdev/audioengine/devices/NativeInputAudioDevice'
stack at sp + 5 slots: 0x0 is null
stack at sp + 6 slots: 0x0000700008b308f8 is pointing into the stack for thread: 0x00007ff2b9808200
stack at sp + 7 slots: 0x00007ff2b9808200 is a thread

Lock stack of current Java thread (top to bottom):
LockStack[1]: org.plovdev.audioengine.devices.NativeInputAudioDevice 
{0x0000000786e7e6a8} - klass: 'org/plovdev/audioengine/devices/NativeInputAudioDevice' - flags: 

 - ---- fields (total size 5 words):
 - private final 'info' 'Lorg/plovdev/audioengine/devices/AudioDeviceInfo;' @12  a 'org/plovdev/audioengine/devices/AudioDeviceInfo'{0x0000000786e62e30} (0xf0dcc5c6)
 - private 'nativeHandle' 'J' @16  0 (0x0000000000000000)
 - private volatile 'status' 'Lorg/plovdev/audioengine/devices/AudioDeviceStatus;' @24  a 'org/plovdev/audioengine/devices/AudioDeviceStatus'{0x0000000786e80030} (0xf0dd0006)
 - private final 'isInited' 'Ljava/util/concurrent/atomic/AtomicBoolean;' @28  a 'java/util/concurrent/atomic/AtomicBoolean'{0x0000000786e80240} (0xf0dd0048)
 - private 'onStatusChanged' 'Ljava/lang/Runnable;' @32  a 'org/plovdev/audioengine/devices/NativeInputAudioDevice$$Lambda+0x00000001270ad660'{0x0000000786e871c0} (0xf0dd0e38)
LockStack[0]: org.plovdev.audioengine.api.NativeAudioRecorder 
{0x0000000786e61030} - klass: 'org/plovdev/audioengine/api/NativeAudioRecorder' - flags: 

 - ---- fields (total size 8 words):
 - private final 'chunkSize' 'I' @12  1024 (0x00000400)
 - private volatile 'gain' 'F' @16  1.000000 (0x3f800000)
 - private final 'eventExecutor' 'Ljava/util/concurrent/ExecutorService;' @20  a 'java/util/concurrent/ThreadPerTaskExecutor'{0x0000000786e62ed0} (0xf0dcc5da)
 - private final 'isInited' 'Ljava/util/concurrent/atomic/AtomicBoolean;' @24  a 'java/util/concurrent/atomic/AtomicBoolean'{0x0000000786e62fc0} (0xf0dcc5f8)
 - private final 'isRecording' 'Ljava/util/concurrent/atomic/AtomicBoolean;' @28  a 'java/util/concurrent/atomic/AtomicBoolean'{0x0000000786e62fd0} (0xf0dcc5fa)
 - private final 'recordedLength' 'Ljava/util/concurrent/atomic/AtomicInteger;' @32  a 'java/util/concurrent/atomic/AtomicInteger'{0x0000000786e630b0} (0xf0dcc616)
 - private final 'recordedData' 'Ljava/util/Queue;' @36  a 'java/util/concurrent/ConcurrentLinkedQueue'{0x0000000786e63878} (0xf0dcc70f)
 - private final 'status' 'Ljava/util/concurrent/atomic/AtomicReference;' @40  a 'java/util/concurrent/atomic/AtomicReference'{0x0000000786e638a8} (0xf0dcc715)
 - private final 'gainEffect' 'Lorg/plovdev/audioengine/effects/GainEffect;' @44  a 'org/plovdev/audioengine/effects/GainEffect'{0x0000000786e69390} (0xf0dcd272)
 - private final 'audioDevice' 'Lorg/plovdev/audioengine/devices/NativeInputAudioDevice;' @48  a 'org/plovdev/audioengine/devices/NativeInputAudioDevice'{0x0000000786e7e6a8} (0xf0dcfcd5)
 - private final 'trackFormat' 'Lorg/plovdev/audioengine/format/TrackFormat;' @52  a 'org/plovdev/audioengine/format/TrackFormat'{0x0000000786e62c00} (0xf0dcc580)
 - private 'onStatusChanged' 'Ljava/lang/Runnable;' @56  a 'org/plovdev/audioengine/api/NativeAudioRecorder$$Lambda+0x00000001270ac488'{0x0000000786e705d0} (0xf0dce0ba)
 - private 'onChunkRecorded' 'Ljava/lang/Runnable;' @60  a 'org/plovdev/audioengine/api/NativeAudioRecorder$$Lambda+0x00000001270ac6b0'{0x0000000786e771a8} (0xf0dcee35)


---------------  P R O C E S S  ---------------

Threads class SMR info:
_java_thread_list=0x00007ff2b8774c40, length=12, elements={
0x00007ff2b9808200, 0x00007ff2ba00b200, 0x00007ff2b9830400, 0x00007ff2b905b600,
0x00007ff2b905e000, 0x00007ff2ba009800, 0x00007ff2b905e800, 0x00007ff2b9097200,
0x00007ff2ba00d600, 0x00007ff2ba03a600, 0x00007ff2ba00de00, 0x00007ff2b89d6000
}

Java Threads: ( => current thread )
=>0x00007ff2b9808200 JavaThread "main"                              [_thread_in_vm, id=9475, stack(0x0000700008a31000,0x0000700008b31000) (1024K)]
  0x00007ff2ba00b200 JavaThread "Reference Handler"          daemon [_thread_blocked, id=23811, stack(0x000070000934f000,0x000070000944f000) (1024K)]
  0x00007ff2b9830400 JavaThread "Finalizer"                  daemon [_thread_blocked, id=24067, stack(0x0000700009452000,0x0000700009552000) (1024K)]
  0x00007ff2b905b600 JavaThread "Signal Dispatcher"          daemon [_thread_blocked, id=24579, stack(0x0000700009555000,0x0000700009655000) (1024K)]
  0x00007ff2b905e000 JavaThread "Service Thread"             daemon [_thread_blocked, id=39683, stack(0x0000700009658000,0x0000700009758000) (1024K)]
  0x00007ff2ba009800 JavaThread "Monitor Deflation Thread"   daemon [_thread_blocked, id=39427, stack(0x000070000975b000,0x000070000985b000) (1024K)]
  0x00007ff2b905e800 JavaThread "C2 CompilerThread0"         daemon [_thread_blocked, id=25603, stack(0x000070000985e000,0x000070000995e000) (1024K)]
  0x00007ff2b9097200 JavaThread "C1 CompilerThread0"         daemon [_thread_blocked, id=25859, stack(0x0000700009961000,0x0000700009a61000) (1024K)]
  0x00007ff2ba00d600 JavaThread "Common-Cleaner"             daemon [_thread_blocked, id=38915, stack(0x0000700009a64000,0x0000700009b64000) (1024K)]
  0x00007ff2ba03a600 JavaThread "Monitor Ctrl-Break"         daemon [_thread_in_native, id=38403, stack(0x0000700009b67000,0x0000700009c67000) (1024K)]
  0x00007ff2ba00de00 JavaThread "Notification Thread"        daemon [_thread_blocked, id=37891, stack(0x0000700009c6a000,0x0000700009d6a000) (1024K)]
  0x00007ff2b89d6000 JavaThread "Timer-0"                    daemon [_thread_blocked, id=26371, stack(0x0000700009d6d000,0x0000700009e6d000) (1024K)]
Total: 12

Other Threads:
  0x00007ff2ba00ba00 VMThread "VM Thread"                           [id=15875, stack(0x0000700009146000,0x0000700009246000) (1024K)]
  0x00007ff2b8718ce0 WatcherThread "VM Periodic Task Thread"        [id=16903, stack(0x0000700009043000,0x0000700009143000) (1024K)]
  0x00007ff2b901de00 WorkerThread "GC Thread#0"                     [id=11779, stack(0x0000700008b34000,0x0000700008c34000) (1024K)]
  0x00007ff2b9036c00 ConcurrentGCThread "G1 Main Marker"            [id=18947, stack(0x0000700008c37000,0x0000700008d37000) (1024K)]
  0x00007ff2b9037200 WorkerThread "G1 Conc#0"                       [id=18435, stack(0x0000700008d3a000,0x0000700008e3a000) (1024K)]
  0x00007ff2b880c400 ConcurrentGCThread "G1 Refine#0"               [id=17923, stack(0x0000700008e3d000,0x0000700008f3d000) (1024K)]
  0x00007ff2b904f800 ConcurrentGCThread "G1 Service"                [id=17667, stack(0x0000700008f40000,0x0000700009040000) (1024K)]
Total: 7

Threads with active compile tasks:
Total: 0

VM state: not at safepoint (normal execution)

VM Mutex/Monitor currently owned by a thread: None

Heap address: 0x0000000780000000, size: 2048 MB, Compressed Oops mode: Zero based, Oop shift amount: 3

CDS archive(s) mapped at: [0x0000000126000000-0x0000000126d94000-0x0000000126d94000), size 14237696, SharedBaseAddress: 0x0000000126000000, ArchiveRelocationMode: 1.
Compressed class space mapped at: 0x0000000127000000-0x0000000167000000, reserved size: 1073741824
UseCompressedClassPointers 1, UseCompactObjectHeaders 0
Narrow klass pointer bits 32, Max shift 3
Narrow klass base: 0x0000000126000000, Narrow klass shift: 0
Encoding Range: [0x0000000126000000 - 0x0000000226000000), (4294967296 bytes)
Klass Range:    [0x0000000126004000 - 0x0000000167000000), (1090502656 bytes)
Klass ID Range:  [16384 - 1090519033) (1090502649)
Protection zone: [0x0000000126000000 - 0x0000000126004000), (16384 bytes)

GC Precious Log:
 CardTable entry size: 512
 Card Set container configuration: InlinePtr #cards 5 size 8 Array Of Cards #cards 10 size 36 Howl #buckets 4 coarsen threshold 1843 Howl Bitmap #cards 512 size 80 coarsen threshold 460 Card regions per heap region 1 cards per card region 2048
 CPUs: 4 total, 4 available
 Memory: 8192M
 Large Page Support: Disabled
 NUMA Support: Disabled
 Compressed Oops: Enabled (Zero based)
 Heap Region Size: 1M
 Heap Min Capacity: 8M
 Heap Initial Capacity: 128M
 Heap Max Capacity: 2G
 Pre-touch: Disabled
 Parallel Workers: 4
 Concurrent Workers: 1
 Concurrent Refinement Workers: 4
 Periodic GC: Disabled

Heap:
 garbage-first heap   total reserved 2097152K, committed 133120K, used 19582K [0x0000000780000000, 0x0000000800000000)
  region size 1024K, 19 young (19456K), 0 survivors (0K)

Heap Regions: E=young(eden), S=young(survivor), O=old, HS=humongous(starts), HC=humongous(continues), CS=collection set, F=free, TAMS=top-at-mark-start, PB=parsable bottom
|   0|0x0000000780000000, 0x0000000780000000, 0x0000000780100000|  0%| F|  |TAMS 0x0000000780000000| PB 0x0000000780000000| Untracked |  0
|   1|0x0000000780100000, 0x0000000780100000, 0x0000000780200000|  0%| F|  |TAMS 0x0000000780100000| PB 0x0000000780100000| Untracked |  0
|   2|0x0000000780200000, 0x0000000780200000, 0x0000000780300000|  0%| F|  |TAMS 0x0000000780200000| PB 0x0000000780200000| Untracked |  0
|   3|0x0000000780300000, 0x0000000780300000, 0x0000000780400000|  0%| F|  |TAMS 0x0000000780300000| PB 0x0000000780300000| Untracked |  0
|   4|0x0000000780400000, 0x0000000780400000, 0x0000000780500000|  0%| F|  |TAMS 0x0000000780400000| PB 0x0000000780400000| Untracked |  0
|   5|0x0000000780500000, 0x0000000780500000, 0x0000000780600000|  0%| F|  |TAMS 0x0000000780500000| PB 0x0000000780500000| Untracked |  0
|   6|0x0000000780600000, 0x0000000780600000, 0x0000000780700000|  0%| F|  |TAMS 0x0000000780600000| PB 0x0000000780600000| Untracked |  0
|   7|0x0000000780700000, 0x0000000780700000, 0x0000000780800000|  0%| F|  |TAMS 0x0000000780700000| PB 0x0000000780700000| Untracked |  0
|   8|0x0000000780800000, 0x0000000780800000, 0x0000000780900000|  0%| F|  |TAMS 0x0000000780800000| PB 0x0000000780800000| Untracked |  0
|   9|0x0000000780900000, 0x0000000780900000, 0x0000000780a00000|  0%| F|  |TAMS 0x0000000780900000| PB 0x0000000780900000| Untracked |  0
|  10|0x0000000780a00000, 0x0000000780a00000, 0x0000000780b00000|  0%| F|  |TAMS 0x0000000780a00000| PB 0x0000000780a00000| Untracked |  0
|  11|0x0000000780b00000, 0x0000000780b00000, 0x0000000780c00000|  0%| F|  |TAMS 0x0000000780b00000| PB 0x0000000780b00000| Untracked |  0
|  12|0x0000000780c00000, 0x0000000780c00000, 0x0000000780d00000|  0%| F|  |TAMS 0x0000000780c00000| PB 0x0000000780c00000| Untracked |  0
|  13|0x0000000780d00000, 0x0000000780d00000, 0x0000000780e00000|  0%| F|  |TAMS 0x0000000780d00000| PB 0x0000000780d00000| Untracked |  0
|  14|0x0000000780e00000, 0x0000000780e00000, 0x0000000780f00000|  0%| F|  |TAMS 0x0000000780e00000| PB 0x0000000780e00000| Untracked |  0
|  15|0x0000000780f00000, 0x0000000780f00000, 0x0000000781000000|  0%| F|  |TAMS 0x0000000780f00000| PB 0x0000000780f00000| Untracked |  0
|  16|0x0000000781000000, 0x0000000781000000, 0x0000000781100000|  0%| F|  |TAMS 0x0000000781000000| PB 0x0000000781000000| Untracked |  0
|  17|0x0000000781100000, 0x0000000781100000, 0x0000000781200000|  0%| F|  |TAMS 0x0000000781100000| PB 0x0000000781100000| Untracked |  0
|  18|0x0000000781200000, 0x0000000781200000, 0x0000000781300000|  0%| F|  |TAMS 0x0000000781200000| PB 0x0000000781200000| Untracked |  0
|  19|0x0000000781300000, 0x0000000781300000, 0x0000000781400000|  0%| F|  |TAMS 0x0000000781300000| PB 0x0000000781300000| Untracked |  0
|  20|0x0000000781400000, 0x0000000781400000, 0x0000000781500000|  0%| F|  |TAMS 0x0000000781400000| PB 0x0000000781400000| Untracked |  0
|  21|0x0000000781500000, 0x0000000781500000, 0x0000000781600000|  0%| F|  |TAMS 0x0000000781500000| PB 0x0000000781500000| Untracked |  0
|  22|0x0000000781600000, 0x0000000781600000, 0x0000000781700000|  0%| F|  |TAMS 0x0000000781600000| PB 0x0000000781600000| Untracked |  0
|  23|0x0000000781700000, 0x0000000781700000, 0x0000000781800000|  0%| F|  |TAMS 0x0000000781700000| PB 0x0000000781700000| Untracked |  0
|  24|0x0000000781800000, 0x0000000781800000, 0x0000000781900000|  0%| F|  |TAMS 0x0000000781800000| PB 0x0000000781800000| Untracked |  0
|  25|0x0000000781900000, 0x0000000781900000, 0x0000000781a00000|  0%| F|  |TAMS 0x0000000781900000| PB 0x0000000781900000| Untracked |  0
|  26|0x0000000781a00000, 0x0000000781a00000, 0x0000000781b00000|  0%| F|  |TAMS 0x0000000781a00000| PB 0x0000000781a00000| Untracked |  0
|  27|0x0000000781b00000, 0x0000000781b00000, 0x0000000781c00000|  0%| F|  |TAMS 0x0000000781b00000| PB 0x0000000781b00000| Untracked |  0
|  28|0x0000000781c00000, 0x0000000781c00000, 0x0000000781d00000|  0%| F|  |TAMS 0x0000000781c00000| PB 0x0000000781c00000| Untracked |  0
|  29|0x0000000781d00000, 0x0000000781d00000, 0x0000000781e00000|  0%| F|  |TAMS 0x0000000781d00000| PB 0x0000000781d00000| Untracked |  0
|  30|0x0000000781e00000, 0x0000000781e00000, 0x0000000781f00000|  0%| F|  |TAMS 0x0000000781e00000| PB 0x0000000781e00000| Untracked |  0
|  31|0x0000000781f00000, 0x0000000781f00000, 0x0000000782000000|  0%| F|  |TAMS 0x0000000781f00000| PB 0x0000000781f00000| Untracked |  0
|  32|0x0000000782000000, 0x0000000782000000, 0x0000000782100000|  0%| F|  |TAMS 0x0000000782000000| PB 0x0000000782000000| Untracked |  0
|  33|0x0000000782100000, 0x0000000782100000, 0x0000000782200000|  0%| F|  |TAMS 0x0000000782100000| PB 0x0000000782100000| Untracked |  0
|  34|0x0000000782200000, 0x0000000782200000, 0x0000000782300000|  0%| F|  |TAMS 0x0000000782200000| PB 0x0000000782200000| Untracked |  0
|  35|0x0000000782300000, 0x0000000782300000, 0x0000000782400000|  0%| F|  |TAMS 0x0000000782300000| PB 0x0000000782300000| Untracked |  0
|  36|0x0000000782400000, 0x0000000782400000, 0x0000000782500000|  0%| F|  |TAMS 0x0000000782400000| PB 0x0000000782400000| Untracked |  0
|  37|0x0000000782500000, 0x0000000782500000, 0x0000000782600000|  0%| F|  |TAMS 0x0000000782500000| PB 0x0000000782500000| Untracked |  0
|  38|0x0000000782600000, 0x0000000782600000, 0x0000000782700000|  0%| F|  |TAMS 0x0000000782600000| PB 0x0000000782600000| Untracked |  0
|  39|0x0000000782700000, 0x0000000782700000, 0x0000000782800000|  0%| F|  |TAMS 0x0000000782700000| PB 0x0000000782700000| Untracked |  0
|  40|0x0000000782800000, 0x0000000782800000, 0x0000000782900000|  0%| F|  |TAMS 0x0000000782800000| PB 0x0000000782800000| Untracked |  0
|  41|0x0000000782900000, 0x0000000782900000, 0x0000000782a00000|  0%| F|  |TAMS 0x0000000782900000| PB 0x0000000782900000| Untracked |  0
|  42|0x0000000782a00000, 0x0000000782a00000, 0x0000000782b00000|  0%| F|  |TAMS 0x0000000782a00000| PB 0x0000000782a00000| Untracked |  0
|  43|0x0000000782b00000, 0x0000000782b00000, 0x0000000782c00000|  0%| F|  |TAMS 0x0000000782b00000| PB 0x0000000782b00000| Untracked |  0
|  44|0x0000000782c00000, 0x0000000782c00000, 0x0000000782d00000|  0%| F|  |TAMS 0x0000000782c00000| PB 0x0000000782c00000| Untracked |  0
|  45|0x0000000782d00000, 0x0000000782d00000, 0x0000000782e00000|  0%| F|  |TAMS 0x0000000782d00000| PB 0x0000000782d00000| Untracked |  0
|  46|0x0000000782e00000, 0x0000000782e00000, 0x0000000782f00000|  0%| F|  |TAMS 0x0000000782e00000| PB 0x0000000782e00000| Untracked |  0
|  47|0x0000000782f00000, 0x0000000782f00000, 0x0000000783000000|  0%| F|  |TAMS 0x0000000782f00000| PB 0x0000000782f00000| Untracked |  0
|  48|0x0000000783000000, 0x0000000783000000, 0x0000000783100000|  0%| F|  |TAMS 0x0000000783000000| PB 0x0000000783000000| Untracked |  0
|  49|0x0000000783100000, 0x0000000783100000, 0x0000000783200000|  0%| F|  |TAMS 0x0000000783100000| PB 0x0000000783100000| Untracked |  0
|  50|0x0000000783200000, 0x0000000783200000, 0x0000000783300000|  0%| F|  |TAMS 0x0000000783200000| PB 0x0000000783200000| Untracked |  0
|  51|0x0000000783300000, 0x0000000783300000, 0x0000000783400000|  0%| F|  |TAMS 0x0000000783300000| PB 0x0000000783300000| Untracked |  0
|  52|0x0000000783400000, 0x0000000783400000, 0x0000000783500000|  0%| F|  |TAMS 0x0000000783400000| PB 0x0000000783400000| Untracked |  0
|  53|0x0000000783500000, 0x0000000783500000, 0x0000000783600000|  0%| F|  |TAMS 0x0000000783500000| PB 0x0000000783500000| Untracked |  0
|  54|0x0000000783600000, 0x0000000783600000, 0x0000000783700000|  0%| F|  |TAMS 0x0000000783600000| PB 0x0000000783600000| Untracked |  0
|  55|0x0000000783700000, 0x0000000783700000, 0x0000000783800000|  0%| F|  |TAMS 0x0000000783700000| PB 0x0000000783700000| Untracked |  0
|  56|0x0000000783800000, 0x0000000783800000, 0x0000000783900000|  0%| F|  |TAMS 0x0000000783800000| PB 0x0000000783800000| Untracked |  0
|  57|0x0000000783900000, 0x0000000783900000, 0x0000000783a00000|  0%| F|  |TAMS 0x0000000783900000| PB 0x0000000783900000| Untracked |  0
|  58|0x0000000783a00000, 0x0000000783a00000, 0x0000000783b00000|  0%| F|  |TAMS 0x0000000783a00000| PB 0x0000000783a00000| Untracked |  0
|  59|0x0000000783b00000, 0x0000000783b00000, 0x0000000783c00000|  0%| F|  |TAMS 0x0000000783b00000| PB 0x0000000783b00000| Untracked |  0
|  60|0x0000000783c00000, 0x0000000783c00000, 0x0000000783d00000|  0%| F|  |TAMS 0x0000000783c00000| PB 0x0000000783c00000| Untracked |  0
|  61|0x0000000783d00000, 0x0000000783d00000, 0x0000000783e00000|  0%| F|  |TAMS 0x0000000783d00000| PB 0x0000000783d00000| Untracked |  0
|  62|0x0000000783e00000, 0x0000000783e00000, 0x0000000783f00000|  0%| F|  |TAMS 0x0000000783e00000| PB 0x0000000783e00000| Untracked |  0
|  63|0x0000000783f00000, 0x0000000783f00000, 0x0000000784000000|  0%| F|  |TAMS 0x0000000783f00000| PB 0x0000000783f00000| Untracked |  0
|  64|0x0000000784000000, 0x0000000784000000, 0x0000000784100000|  0%| F|  |TAMS 0x0000000784000000| PB 0x0000000784000000| Untracked |  0
|  65|0x0000000784100000, 0x0000000784100000, 0x0000000784200000|  0%| F|  |TAMS 0x0000000784100000| PB 0x0000000784100000| Untracked |  0
|  66|0x0000000784200000, 0x0000000784200000, 0x0000000784300000|  0%| F|  |TAMS 0x0000000784200000| PB 0x0000000784200000| Untracked |  0
|  67|0x0000000784300000, 0x0000000784300000, 0x0000000784400000|  0%| F|  |TAMS 0x0000000784300000| PB 0x0000000784300000| Untracked |  0
|  68|0x0000000784400000, 0x0000000784400000, 0x0000000784500000|  0%| F|  |TAMS 0x0000000784400000| PB 0x0000000784400000| Untracked |  0
|  69|0x0000000784500000, 0x0000000784500000, 0x0000000784600000|  0%| F|  |TAMS 0x0000000784500000| PB 0x0000000784500000| Untracked |  0
|  70|0x0000000784600000, 0x0000000784600000, 0x0000000784700000|  0%| F|  |TAMS 0x0000000784600000| PB 0x0000000784600000| Untracked |  0
|  71|0x0000000784700000, 0x0000000784700000, 0x0000000784800000|  0%| F|  |TAMS 0x0000000784700000| PB 0x0000000784700000| Untracked |  0
|  72|0x0000000784800000, 0x0000000784800000, 0x0000000784900000|  0%| F|  |TAMS 0x0000000784800000| PB 0x0000000784800000| Untracked |  0
|  73|0x0000000784900000, 0x0000000784900000, 0x0000000784a00000|  0%| F|  |TAMS 0x0000000784900000| PB 0x0000000784900000| Untracked |  0
|  74|0x0000000784a00000, 0x0000000784a00000, 0x0000000784b00000|  0%| F|  |TAMS 0x0000000784a00000| PB 0x0000000784a00000| Untracked |  0
|  75|0x0000000784b00000, 0x0000000784b00000, 0x0000000784c00000|  0%| F|  |TAMS 0x0000000784b00000| PB 0x0000000784b00000| Untracked |  0
|  76|0x0000000784c00000, 0x0000000784c00000, 0x0000000784d00000|  0%| F|  |TAMS 0x0000000784c00000| PB 0x0000000784c00000| Untracked |  0
|  77|0x0000000784d00000, 0x0000000784d00000, 0x0000000784e00000|  0%| F|  |TAMS 0x0000000784d00000| PB 0x0000000784d00000| Untracked |  0
|  78|0x0000000784e00000, 0x0000000784e00000, 0x0000000784f00000|  0%| F|  |TAMS 0x0000000784e00000| PB 0x0000000784e00000| Untracked |  0
|  79|0x0000000784f00000, 0x0000000784f00000, 0x0000000785000000|  0%| F|  |TAMS 0x0000000784f00000| PB 0x0000000784f00000| Untracked |  0
|  80|0x0000000785000000, 0x0000000785000000, 0x0000000785100000|  0%| F|  |TAMS 0x0000000785000000| PB 0x0000000785000000| Untracked |  0
|  81|0x0000000785100000, 0x0000000785100000, 0x0000000785200000|  0%| F|  |TAMS 0x0000000785100000| PB 0x0000000785100000| Untracked |  0
|  82|0x0000000785200000, 0x0000000785200000, 0x0000000785300000|  0%| F|  |TAMS 0x0000000785200000| PB 0x0000000785200000| Untracked |  0
|  83|0x0000000785300000, 0x0000000785300000, 0x0000000785400000|  0%| F|  |TAMS 0x0000000785300000| PB 0x0000000785300000| Untracked |  0
|  84|0x0000000785400000, 0x0000000785400000, 0x0000000785500000|  0%| F|  |TAMS 0x0000000785400000| PB 0x0000000785400000| Untracked |  0
|  85|0x0000000785500000, 0x0000000785500000, 0x0000000785600000|  0%| F|  |TAMS 0x0000000785500000| PB 0x0000000785500000| Untracked |  0
|  86|0x0000000785600000, 0x0000000785600000, 0x0000000785700000|  0%| F|  |TAMS 0x0000000785600000| PB 0x0000000785600000| Untracked |  0
|  87|0x0000000785700000, 0x0000000785700000, 0x0000000785800000|  0%| F|  |TAMS 0x0000000785700000| PB 0x0000000785700000| Untracked |  0
|  88|0x0000000785800000, 0x0000000785800000, 0x0000000785900000|  0%| F|  |TAMS 0x0000000785800000| PB 0x0000000785800000| Untracked |  0
|  89|0x0000000785900000, 0x0000000785900000, 0x0000000785a00000|  0%| F|  |TAMS 0x0000000785900000| PB 0x0000000785900000| Untracked |  0
|  90|0x0000000785a00000, 0x0000000785a00000, 0x0000000785b00000|  0%| F|  |TAMS 0x0000000785a00000| PB 0x0000000785a00000| Untracked |  0
|  91|0x0000000785b00000, 0x0000000785b00000, 0x0000000785c00000|  0%| F|  |TAMS 0x0000000785b00000| PB 0x0000000785b00000| Untracked |  0
|  92|0x0000000785c00000, 0x0000000785c00000, 0x0000000785d00000|  0%| F|  |TAMS 0x0000000785c00000| PB 0x0000000785c00000| Untracked |  0
|  93|0x0000000785d00000, 0x0000000785d00000, 0x0000000785e00000|  0%| F|  |TAMS 0x0000000785d00000| PB 0x0000000785d00000| Untracked |  0
|  94|0x0000000785e00000, 0x0000000785e00000, 0x0000000785f00000|  0%| F|  |TAMS 0x0000000785e00000| PB 0x0000000785e00000| Untracked |  0
|  95|0x0000000785f00000, 0x0000000785f00000, 0x0000000786000000|  0%| F|  |TAMS 0x0000000785f00000| PB 0x0000000785f00000| Untracked |  0
|  96|0x0000000786000000, 0x0000000786000000, 0x0000000786100000|  0%| F|  |TAMS 0x0000000786000000| PB 0x0000000786000000| Untracked |  0
|  97|0x0000000786100000, 0x0000000786100000, 0x0000000786200000|  0%| F|  |TAMS 0x0000000786100000| PB 0x0000000786100000| Untracked |  0
|  98|0x0000000786200000, 0x0000000786200000, 0x0000000786300000|  0%| F|  |TAMS 0x0000000786200000| PB 0x0000000786200000| Untracked |  0
|  99|0x0000000786300000, 0x0000000786300000, 0x0000000786400000|  0%| F|  |TAMS 0x0000000786300000| PB 0x0000000786300000| Untracked |  0
| 100|0x0000000786400000, 0x0000000786400000, 0x0000000786500000|  0%| F|  |TAMS 0x0000000786400000| PB 0x0000000786400000| Untracked |  0
| 101|0x0000000786500000, 0x0000000786500000, 0x0000000786600000|  0%| F|  |TAMS 0x0000000786500000| PB 0x0000000786500000| Untracked |  0
| 102|0x0000000786600000, 0x0000000786600000, 0x0000000786700000|  0%| F|  |TAMS 0x0000000786600000| PB 0x0000000786600000| Untracked |  0
| 103|0x0000000786700000, 0x0000000786700000, 0x0000000786800000|  0%| F|  |TAMS 0x0000000786700000| PB 0x0000000786700000| Untracked |  0
| 104|0x0000000786800000, 0x0000000786800000, 0x0000000786900000|  0%| F|  |TAMS 0x0000000786800000| PB 0x0000000786800000| Untracked |  0
| 105|0x0000000786900000, 0x0000000786900000, 0x0000000786a00000|  0%| F|  |TAMS 0x0000000786900000| PB 0x0000000786900000| Untracked |  0
| 106|0x0000000786a00000, 0x0000000786a00000, 0x0000000786b00000|  0%| F|  |TAMS 0x0000000786a00000| PB 0x0000000786a00000| Untracked |  0
| 107|0x0000000786b00000, 0x0000000786b00000, 0x0000000786c00000|  0%| F|  |TAMS 0x0000000786b00000| PB 0x0000000786b00000| Untracked |  0
| 108|0x0000000786c00000, 0x0000000786c00000, 0x0000000786d00000|  0%| F|  |TAMS 0x0000000786c00000| PB 0x0000000786c00000| Untracked |  0
| 109|0x0000000786d00000, 0x0000000786d80000, 0x0000000786e00000| 50%| E|  |TAMS 0x0000000786d00000| PB 0x0000000786d00000| Complete |  0
| 110|0x0000000786e00000, 0x0000000786f00000, 0x0000000786f00000|100%| E|CS|TAMS 0x0000000786e00000| PB 0x0000000786e00000| Complete |  0
| 111|0x0000000786f00000, 0x0000000787000000, 0x0000000787000000|100%| E|CS|TAMS 0x0000000786f00000| PB 0x0000000786f00000| Complete |  0
| 112|0x0000000787000000, 0x0000000787100000, 0x0000000787100000|100%| E|CS|TAMS 0x0000000787000000| PB 0x0000000787000000| Complete |  0
| 113|0x0000000787100000, 0x0000000787200000, 0x0000000787200000|100%| E|CS|TAMS 0x0000000787100000| PB 0x0000000787100000| Complete |  0
| 114|0x0000000787200000, 0x0000000787300000, 0x0000000787300000|100%| E|CS|TAMS 0x0000000787200000| PB 0x0000000787200000| Complete |  0
| 115|0x0000000787300000, 0x0000000787400000, 0x0000000787400000|100%| E|CS|TAMS 0x0000000787300000| PB 0x0000000787300000| Complete |  0
| 116|0x0000000787400000, 0x0000000787500000, 0x0000000787500000|100%| E|CS|TAMS 0x0000000787400000| PB 0x0000000787400000| Complete |  0
| 117|0x0000000787500000, 0x0000000787600000, 0x0000000787600000|100%| E|CS|TAMS 0x0000000787500000| PB 0x0000000787500000| Complete |  0
| 118|0x0000000787600000, 0x0000000787700000, 0x0000000787700000|100%| E|CS|TAMS 0x0000000787600000| PB 0x0000000787600000| Complete |  0
| 119|0x0000000787700000, 0x0000000787800000, 0x0000000787800000|100%| E|CS|TAMS 0x0000000787700000| PB 0x0000000787700000| Complete |  0
| 120|0x0000000787800000, 0x0000000787900000, 0x0000000787900000|100%| E|CS|TAMS 0x0000000787800000| PB 0x0000000787800000| Complete |  0
| 121|0x0000000787900000, 0x0000000787a00000, 0x0000000787a00000|100%| E|CS|TAMS 0x0000000787900000| PB 0x0000000787900000| Complete |  0
| 122|0x0000000787a00000, 0x0000000787b00000, 0x0000000787b00000|100%| E|CS|TAMS 0x0000000787a00000| PB 0x0000000787a00000| Complete |  0
| 123|0x0000000787b00000, 0x0000000787c00000, 0x0000000787c00000|100%| E|CS|TAMS 0x0000000787b00000| PB 0x0000000787b00000| Complete |  0
| 124|0x0000000787c00000, 0x0000000787d00000, 0x0000000787d00000|100%| E|CS|TAMS 0x0000000787c00000| PB 0x0000000787c00000| Complete |  0
| 125|0x0000000787d00000, 0x0000000787e00000, 0x0000000787e00000|100%| E|CS|TAMS 0x0000000787d00000| PB 0x0000000787d00000| Complete |  0
| 126|0x0000000787e00000, 0x0000000787f00000, 0x0000000787f00000|100%| E|CS|TAMS 0x0000000787e00000| PB 0x0000000787e00000| Complete |  0
| 127|0x0000000787f00000, 0x0000000788000000, 0x0000000788000000|100%| E|CS|TAMS 0x0000000787f00000| PB 0x0000000787f00000| Complete |  0
|2046|0x00000007ffe00000, 0x00000007fff00000, 0x00000007fff00000|100%| O|  |TAMS 0x00000007ffe00000| PB 0x00000007ffe00000| Untracked |  0
|2047|0x00000007fff00000, 0x00000007fff1f8b0, 0x0000000800000000| 12%| O|  |TAMS 0x00000007fff00000| PB 0x00000007fff00000| Untracked |  0

Card table byte_map: [0x0000000112294000,0x0000000112694000] _byte_map_base: 0x000000010e694000

Marking Bits: (CMBitMap*) 0x00007ff2b901e410
 Bits: [0x0000000112694000, 0x0000000114694000)

Polling page: 0x0000000107969000

Metaspace:
Metaspace        used 6081K, committed 6272K, reserved 1114112K
 class space     used 789K, committed 896K, reserved 1048576K

Usage:
  Non-class:      5.17 MB used.
      Class:    789.20 KB used.
       Both:      5.94 MB used.

Virtual space:
  Non-class space:       64.00 MB reserved,       5.25 MB (  8%) committed,  1 nodes.
      Class space:        1.00 GB reserved,     896.00 KB ( <1%) committed,  1 nodes.
             Both:        1.06 GB reserved,       6.12 MB ( <1%) committed. 

Chunk freelists:
   Non-Class:  10.32 MB
       Class:  15.05 MB
        Both:  25.37 MB

MaxMetaspaceSize: unlimited
CompressedClassSpaceSize: 1.00 GB
Initial GC threshold: 21.00 MB
Current GC threshold: 21.00 MB
CDS: on
 - commit_granule_bytes: 65536.
 - commit_granule_words: 8192.
 - virtual_space_node_default_size: 8388608.
 - enlarge_chunks_in_place: 1.
UseCompressedClassPointers 1, UseCompactObjectHeaders 0
Narrow klass pointer bits 32, Max shift 3
Narrow klass base: 0x0000000126000000, Narrow klass shift: 0
Encoding Range: [0x0000000126000000 - 0x0000000226000000), (4294967296 bytes)
Klass Range:    [0x0000000126004000 - 0x0000000167000000), (1090502656 bytes)
Klass ID Range:  [16384 - 1090519033) (1090502649)
Protection zone: [0x0000000126000000 - 0x0000000126004000), (16384 bytes)


Internal statistics:

num_allocs_failed_limit: 0.
num_arena_births: 84.
num_arena_deaths: 0.
num_vsnodes_births: 2.
num_vsnodes_deaths: 0.
num_space_committed: 98.
num_space_uncommitted: 0.
num_chunks_returned_to_freelist: 0.
num_chunks_taken_from_freelist: 206.
num_chunk_merges: 0.
num_chunk_splits: 129.
num_chunks_enlarged: 86.
num_inconsistent_stats: 0.

CodeHeap 'non-profiled nmethods': size=120036Kb used=335Kb max_used=335Kb free=119701Kb
 bounds [0x000000011e8e2000, 0x000000011eb52000, 0x0000000125e1b000]
CodeHeap 'profiled nmethods': size=120028Kb used=1752Kb max_used=1752Kb free=118275Kb
 bounds [0x0000000116e1b000, 0x000000011708b000, 0x000000011e352000]
CodeHeap 'non-nmethods': size=5696Kb used=1423Kb max_used=1454Kb free=4272Kb
 bounds [0x000000011e352000, 0x000000011e5c2000, 0x000000011e8e2000]
CodeCache: size=245760Kb, used=3510Kb, max_used=3541Kb, free=242248Kb
 total_blobs=1719, nmethods=1223, adapters=401, full_count=0
Compilation: enabled, stopped_count=0, restarted_count=0

Compilation events (20 events):
Event: 3.045 Thread 0x00007ff2b9097200 nmethod 1214 0x0000000116fccd88 code [0x0000000116fcce80, 0x0000000116fcde58]
Event: 3.045 Thread 0x00007ff2b9097200 1215       3       java.util.regex.Pattern::isSupplementary (21 bytes)
Event: 3.045 Thread 0x00007ff2b9097200 nmethod 1215 0x0000000116fcde88 code [0x0000000116fcdf80, 0x0000000116fce1b8]
Event: 3.048 Thread 0x00007ff2b9097200 1216   !   3       java.lang.invoke.MethodHandleNatives::linkMethodHandleConstant (50 bytes)
Event: 3.049 Thread 0x00007ff2b9097200 nmethod 1216 0x0000000116fce208 code [0x0000000116fce300, 0x0000000116fce5f8]
Event: 3.049 Thread 0x00007ff2b9097200 1217       3       java.lang.invoke.MethodHandles$Lookup::linkMethodHandleConstant (227 bytes)
Event: 3.051 Thread 0x00007ff2b905e800 nmethod 1213 0x000000011e933808 code [0x000000011e933900, 0x000000011e933d90]
Event: 3.051 Thread 0x00007ff2b9097200 nmethod 1217 0x0000000116fce608 code [0x0000000116fce700, 0x0000000116fd04c8]
Event: 3.051 Thread 0x00007ff2b9097200 1218       3       java.lang.classfile.constantpool.ConstantPoolBuilder::of (8 bytes)
Event: 3.051 Thread 0x00007ff2b9097200 nmethod 1218 0x0000000116fd0508 code [0x0000000116fd0600, 0x0000000116fd0790]
Event: 3.054 Thread 0x00007ff2b905e800 1219       4       java.util.HashMap::put (13 bytes)
Event: 3.058 Thread 0x00007ff2b9097200 1222       3       java.util.LinkedHashMap::newNode (23 bytes)
Event: 3.058 Thread 0x00007ff2b9097200 nmethod 1222 0x0000000116fd0808 code [0x0000000116fd0900, 0x0000000116fd0af8]
Event: 3.059 Thread 0x00007ff2b9097200 1223       3       java.util.LinkedHashMap::afterNodeInsertion (40 bytes)
Event: 3.059 Thread 0x00007ff2b9097200 nmethod 1223 0x0000000116fd0b08 code [0x0000000116fd0c00, 0x0000000116fd10d0]
Event: 3.072 Thread 0x00007ff2b905e800 nmethod 1219 0x000000011e933e08 code [0x000000011e933f00, 0x000000011e934b48]
Event: 3.072 Thread 0x00007ff2b905e800 1220       4       java.util.HashMap::putVal (300 bytes)
Event: 3.090 Thread 0x00007ff2b905e800 nmethod 1220 0x000000011e934b88 code [0x000000011e934c80, 0x000000011e935888]
Event: 3.090 Thread 0x00007ff2b905e800 1221       4       java.lang.StringUTF16::getChar (60 bytes)
Event: 3.092 Thread 0x00007ff2b905e800 nmethod 1221 0x000000011e935908 code [0x000000011e935a00, 0x000000011e935ae0]

GC Heap Usage History (0 events):
No events

Metaspace Usage History (0 events):
No events

Dll operation events (10 events):
Event: 0.016 Loaded shared library /Users/mac/Library/Java/JavaVirtualMachines/openjdk-25-patched/Contents/Home/lib/libjava.dylib
Event: 0.267 Loaded shared library /Users/mac/Library/Java/JavaVirtualMachines/openjdk-25-patched/Contents/Home/lib/libzip.dylib
Event: 0.276 Loaded shared library /Users/mac/Library/Java/JavaVirtualMachines/openjdk-25-patched/Contents/Home/lib/libinstrument.dylib
Event: 0.292 Loaded shared library /Users/mac/Library/Java/JavaVirtualMachines/openjdk-25-patched/Contents/Home/lib/libnio.dylib
Event: 0.316 Loaded shared library /Users/mac/Library/Java/JavaVirtualMachines/openjdk-25-patched/Contents/Home/lib/libzip.dylib
Event: 0.373 Loaded shared library /Users/mac/Library/Java/JavaVirtualMachines/openjdk-25-patched/Contents/Home/lib/libnet.dylib
Event: 0.426 Loaded shared library /Users/mac/Library/Java/JavaVirtualMachines/openjdk-25-patched/Contents/Home/lib/libextnet.dylib
Event: 0.584 Loaded shared library /Users/mac/Library/Java/JavaVirtualMachines/openjdk-25-patched/Contents/Home/lib/libjimage.dylib
Event: 1.591 Loaded shared library /Users/mac/Library/Java/JavaVirtualMachines/openjdk-25-patched/Contents/Home/lib/libprefs.dylib
Event: 2.870 Loaded shared library /private/var/folders/57/xgqcb4yj1_958k83lyr82lrw0000gn/T/audiosnd_6295761531281154553audio-snd.dylib

Deoptimization events (20 events):
Event: 1.698 Thread 0x00007ff2b9808200 DEOPT PACKING pc=0x000000011e91e838 sp=0x0000700008b2ff60
Event: 1.698 Thread 0x00007ff2b9808200 DEOPT UNPACKING pc=0x000000011e3dddf9 sp=0x0000700008b2ff00 mode 2
Event: 3.023 Thread 0x00007ff2b9808200 DEOPT PACKING pc=0x0000000116f6fe04 sp=0x0000700008b2f1c0
Event: 3.023 Thread 0x00007ff2b9808200 DEOPT UNPACKING pc=0x000000011e3a2fef sp=0x0000700008b2e6d8 mode 0
Event: 3.046 Thread 0x00007ff2b9808200 Uncommon trap: trap_request=0xffffffd6 fr.pc=0x000000011e932c38 relative=0x0000000000000618
Event: 3.046 Thread 0x00007ff2b9808200 Uncommon trap: reason=array_check action=maybe_recompile pc=0x000000011e932c38 method=jdk.internal.classfile.impl.SplitConstantPool.internalAdd(Ljava/lang/classfile/constantpool/PoolEntry;I)Ljava/lang/classfile/constantpool/PoolEntry; @ 46 c2
Event: 3.046 Thread 0x00007ff2b9808200 DEOPT PACKING pc=0x000000011e932c38 sp=0x0000700008b2e040
Event: 3.046 Thread 0x00007ff2b9808200 DEOPT UNPACKING pc=0x000000011e3dddf9 sp=0x0000700008b2dff0 mode 2
Event: 3.046 Thread 0x00007ff2b9808200 Uncommon trap: trap_request=0xffffffd6 fr.pc=0x000000011e932c38 relative=0x0000000000000618
Event: 3.046 Thread 0x00007ff2b9808200 Uncommon trap: reason=array_check action=maybe_recompile pc=0x000000011e932c38 method=jdk.internal.classfile.impl.SplitConstantPool.internalAdd(Ljava/lang/classfile/constantpool/PoolEntry;I)Ljava/lang/classfile/constantpool/PoolEntry; @ 46 c2
Event: 3.046 Thread 0x00007ff2b9808200 DEOPT PACKING pc=0x000000011e932c38 sp=0x0000700008b2e040
Event: 3.046 Thread 0x00007ff2b9808200 DEOPT UNPACKING pc=0x000000011e3dddf9 sp=0x0000700008b2dff0 mode 2
Event: 3.049 Thread 0x00007ff2b9808200 Uncommon trap: trap_request=0xffffffd6 fr.pc=0x000000011e932c38 relative=0x0000000000000618
Event: 3.049 Thread 0x00007ff2b9808200 Uncommon trap: reason=array_check action=maybe_recompile pc=0x000000011e932c38 method=jdk.internal.classfile.impl.SplitConstantPool.internalAdd(Ljava/lang/classfile/constantpool/PoolEntry;I)Ljava/lang/classfile/constantpool/PoolEntry; @ 46 c2
Event: 3.049 Thread 0x00007ff2b9808200 DEOPT PACKING pc=0x000000011e932c38 sp=0x0000700008b2e9c0
Event: 3.049 Thread 0x00007ff2b9808200 DEOPT UNPACKING pc=0x000000011e3dddf9 sp=0x0000700008b2e970 mode 2
Event: 3.049 Thread 0x00007ff2b9808200 Uncommon trap: trap_request=0xffffffd6 fr.pc=0x000000011e932c38 relative=0x0000000000000618
Event: 3.049 Thread 0x00007ff2b9808200 Uncommon trap: reason=array_check action=maybe_recompile pc=0x000000011e932c38 method=jdk.internal.classfile.impl.SplitConstantPool.internalAdd(Ljava/lang/classfile/constantpool/PoolEntry;I)Ljava/lang/classfile/constantpool/PoolEntry; @ 46 c2
Event: 3.049 Thread 0x00007ff2b9808200 DEOPT PACKING pc=0x000000011e932c38 sp=0x0000700008b2e9c0
Event: 3.049 Thread 0x00007ff2b9808200 DEOPT UNPACKING pc=0x000000011e3dddf9 sp=0x0000700008b2e970 mode 2

Classes loaded (20 events):
Event: 2.878 Loading class java/util/concurrent/CountDownLatch$Sync
Event: 2.878 Loading class java/util/concurrent/CountDownLatch$Sync done
Event: 2.953 Loading class jdk/internal/foreign/MemorySessionImpl
Event: 2.953 Loading class java/lang/foreign/MemorySegment$Scope
Event: 2.953 Loading class java/lang/foreign/MemorySegment$Scope done
Event: 2.953 Loading class jdk/internal/foreign/MemorySessionImpl done
Event: 2.994 Loading class java/util/concurrent/ConcurrentLinkedQueue
Event: 2.994 Loading class java/util/concurrent/ConcurrentLinkedQueue done
Event: 2.995 Loading class java/util/concurrent/ConcurrentLinkedQueue$Node
Event: 2.995 Loading class java/util/concurrent/ConcurrentLinkedQueue$Node done
Event: 3.032 Loading class jdk/internal/module/ModulePatcher$PatchedModuleReader
Event: 3.032 Loading class jdk/internal/module/ModulePatcher$PatchedModuleReader done
Event: 3.032 Loading class sun/net/www/protocol/jrt/Handler
Event: 3.032 Loading class sun/net/www/protocol/jrt/Handler done
Event: 3.047 Loading class sun/util/resources/LocaleData$CommonResourceBundleProvider
Event: 3.048 Loading class sun/util/resources/LocaleData$LocaleDataResourceBundleProvider
Event: 3.048 Loading class java/util/spi/ResourceBundleProvider
Event: 3.048 Loading class java/util/spi/ResourceBundleProvider done
Event: 3.048 Loading class sun/util/resources/LocaleData$LocaleDataResourceBundleProvider done
Event: 3.048 Loading class sun/util/resources/LocaleData$CommonResourceBundleProvider done

Classes unloaded (0 events):
No events

Classes redefined (0 events):
No events

Internal exceptions (13 events):
Event: 0.345 Thread 0x00007ff2b9808200 Exception <a 'java/lang/NoSuchMethodError'{0x0000000787d69150}: 'void java.lang.invoke.DirectMethodHandle$Holder.invokeStatic(java.lang.Object, java.lang.Object, java.lang.Object)'> (0x0000000787d69150) 
thrown [open/src/hotspot/share/interpreter/linkResolver.cpp, line 804]
Event: 0.359 Thread 0x00007ff2b9808200 Exception <a 'java/lang/NoSuchMethodError'{0x0000000787d9e870}: 'java.lang.Object java.lang.invoke.Invokers$Holder.invokeExact_MT(java.lang.Object, java.lang.Object, java.lang.Object, java.lang.Object, java.lang.Object)'> (0x0000000787d9e870) 
thrown [open/src/hotspot/share/interpreter/linkResolver.cpp, line 804]
Event: 0.423 Thread 0x00007ff2ba03a600 Exception <a 'java/lang/NoSuchMethodError'{0x0000000787c0d648}: 'java.lang.Object java.lang.invoke.DirectMethodHandle$Holder.invokeStaticInit(java.lang.Object)'> (0x0000000787c0d648) 
thrown [open/src/hotspot/share/interpreter/linkResolver.cpp, line 804]
Event: 0.452 Thread 0x00007ff2ba03a600 Exception <a 'java/lang/NoSuchMethodError'{0x0000000787c18450}: 'void java.lang.invoke.DirectMethodHandle$Holder.invokeStatic(java.lang.Object, java.lang.Object)'> (0x0000000787c18450) 
thrown [open/src/hotspot/share/interpreter/linkResolver.cpp, line 804]
Event: 0.780 Thread 0x00007ff2b9808200 Exception <a 'java/lang/NoSuchMethodError'{0x0000000787a207c8}: 'java.lang.Object java.lang.invoke.DirectMethodHandle$Holder.invokeInterface(java.lang.Object, java.lang.Object)'> (0x0000000787a207c8) 
thrown [open/src/hotspot/share/interpreter/linkResolver.cpp, line 804]
Event: 0.967 Thread 0x00007ff2b9808200 Exception <a 'java/lang/NoSuchMethodError'{0x00000007878944f8}: 'void java.lang.invoke.DirectMethodHandle$Holder.invokeSpecialIFC(java.lang.Object, java.lang.Object, java.lang.Object, java.lang.Object, java.lang.Object)'> (0x00000007878944f8) 
thrown [open/src/hotspot/share/interpreter/linkResolver.cpp, line 804]
Event: 0.970 Thread 0x00007ff2b9808200 Exception <a 'java/lang/NoSuchMethodError'{0x00000007878a5540}: 'void java.lang.invoke.DirectMethodHandle$Holder.invokeStatic(java.lang.Object, java.lang.Object, java.lang.Object, java.lang.Object)'> (0x00000007878a5540) 
thrown [open/src/hotspot/share/interpreter/linkResolver.cpp, line 804]
Event: 1.089 Thread 0x00007ff2b9808200 Exception <a 'java/lang/NoSuchMethodError'{0x00000007877af468}: 'java.lang.Object java.lang.invoke.DirectMethodHandle$Holder.invokeStaticInit(java.lang.Object, java.lang.Object, java.lang.Object)'> (0x00000007877af468) 
thrown [open/src/hotspot/share/interpreter/linkResolver.cpp, line 804]
Event: 1.190 Thread 0x00007ff2b9808200 Exception <a 'java/lang/NoSuchMethodError'{0x000000078754e4e0}: 'void java.lang.invoke.DirectMethodHandle$Holder.invokeSpecial(java.lang.Object, java.lang.Object, java.lang.Object)'> (0x000000078754e4e0) 
thrown [open/src/hotspot/share/interpreter/linkResolver.cpp, line 804]
Event: 1.263 Thread 0x00007ff2b9808200 Exception <a 'java/lang/NoSuchMethodError'{0x00000007874bce68}: 'int java.lang.invoke.DirectMethodHandle$Holder.invokeVirtual(java.lang.Object, java.lang.Object, java.lang.Object, java.lang.Object)'> (0x00000007874bce68) 
thrown [open/src/hotspot/share/interpreter/linkResolver.cpp, line 804]
Event: 1.550 Thread 0x00007ff2b9808200 Exception <a 'java/lang/NoSuchMethodError'{0x0000000786f43240}: 'java.lang.Object java.lang.invoke.DelegatingMethodHandle$Holder.reinvoke_L(java.lang.Object, java.lang.Object, java.lang.Object, long, java.lang.Object)'> (0x0000000786f43240) 
thrown [open/src/hotspot/share/interpreter/linkResolver.cpp, line 804]
Event: 1.552 Thread 0x00007ff2b9808200 Exception <a 'java/lang/NoSuchMethodError'{0x0000000786f53898}: 'java.lang.Object java.lang.invoke.Invokers$Holder.linkToTargetMethod(java.lang.Object, long, java.lang.Object, java.lang.Object)'> (0x0000000786f53898) 
thrown [open/src/hotspot/share/interpreter/linkResolver.cpp, line 804]
Event: 3.139 Thread 0x00007ff2b9808200 Exception <a 'java/lang/NoClassDefFoundError'{0x0000000786d4aec8}: org/plovdev/audioengine/exceptions/OpenAudioDeviceException> (0x0000000786d4aec8) 
thrown [open/src/hotspot/share/classfile/systemDictionary.cpp, line 316]

VM Operations (14 events):
Event: 0.194 Executing non-safepoint VM operation: HandshakeAllThreads (Deoptimize)
Event: 0.194 Executing non-safepoint VM operation: HandshakeAllThreads (Deoptimize) done
Event: 1.199 Executing non-safepoint VM operation: HandshakeAllThreads (Deoptimize)
Event: 1.199 Executing non-safepoint VM operation: HandshakeAllThreads (Deoptimize) done
Event: 1.451 Executing non-safepoint VM operation: HandshakeAllThreads (Deoptimize)
Event: 1.451 Executing non-safepoint VM operation: HandshakeAllThreads (Deoptimize) done
Event: 1.459 Executing non-safepoint VM operation: HandshakeAllThreads (Deoptimize)
Event: 1.459 Executing non-safepoint VM operation: HandshakeAllThreads (Deoptimize) done
Event: 1.460 Executing non-safepoint VM operation: HandshakeAllThreads (Deoptimize)
Event: 1.460 Executing non-safepoint VM operation: HandshakeAllThreads (Deoptimize) done
Event: 1.586 Executing non-safepoint VM operation: HandshakeAllThreads (Deoptimize)
Event: 1.586 Executing non-safepoint VM operation: HandshakeAllThreads (Deoptimize) done
Event: 3.022 Executing non-safepoint VM operation: HandshakeAllThreads (Deoptimize)
Event: 3.022 Executing non-safepoint VM operation: HandshakeAllThreads (Deoptimize) done

Memory protections (13 events):
Event: 0.015 Protecting memory [0x0000700008a31000,0x0000700008a35000] with protection modes 0
Event: 0.066 Protecting memory [0x0000000126000000,0x0000000126004000] with protection modes 0
Event: 0.103 Protecting memory [0x000070000934f000,0x0000700009353000] with protection modes 0
Event: 0.103 Protecting memory [0x0000700009452000,0x0000700009456000] with protection modes 0
Event: 0.104 Protecting memory [0x0000700009555000,0x0000700009559000] with protection modes 0
Event: 0.104 Protecting memory [0x0000700009658000,0x000070000965c000] with protection modes 0
Event: 0.104 Protecting memory [0x000070000975b000,0x000070000975f000] with protection modes 0
Event: 0.104 Protecting memory [0x000070000985e000,0x0000700009862000] with protection modes 0
Event: 0.114 Protecting memory [0x0000700009961000,0x0000700009965000] with protection modes 0
Event: 0.287 Protecting memory [0x0000700009a64000,0x0000700009a68000] with protection modes 0
Event: 0.369 Protecting memory [0x0000700009b67000,0x0000700009b6b000] with protection modes 0
Event: 0.369 Protecting memory [0x0000700009c6a000,0x0000700009c6e000] with protection modes 0
Event: 1.596 Protecting memory [0x0000700009d6d000,0x0000700009d71000] with protection modes 0

Nmethod flushes (0 events):
No events

Events (12 events):
Event: 0.072 Thread 0x00007ff2b9808200 Thread added: 0x00007ff2b9808200
Event: 0.103 Thread 0x00007ff2b9808200 Thread added: 0x00007ff2ba00b200
Event: 0.103 Thread 0x00007ff2b9808200 Thread added: 0x00007ff2b9830400
Event: 0.104 Thread 0x00007ff2b9808200 Thread added: 0x00007ff2b905b600
Event: 0.104 Thread 0x00007ff2b9808200 Thread added: 0x00007ff2b905e000
Event: 0.104 Thread 0x00007ff2b9808200 Thread added: 0x00007ff2ba009800
Event: 0.104 Thread 0x00007ff2b9808200 Thread added: 0x00007ff2b905e800
Event: 0.114 Thread 0x00007ff2b9808200 Thread added: 0x00007ff2b9097200
Event: 0.287 Thread 0x00007ff2b9808200 Thread added: 0x00007ff2ba00d600
Event: 0.369 Thread 0x00007ff2b9808200 Thread added: 0x00007ff2ba03a600
Event: 0.369 Thread 0x00007ff2b9808200 Thread added: 0x00007ff2ba00de00
Event: 1.596 Thread 0x00007ff2b9808200 Thread added: 0x00007ff2b89d6000


Dynamic libraries:
0x0000000107935000 	/Users/mac/Library/Java/JavaVirtualMachines/openjdk-25-patched/Contents/Home/lib/libjli.dylib
0x00007fff6b571000 	/usr/lib/libSystem.B.dylib
0x00007fff6db3d000 	/usr/lib/libz.1.dylib
0x00007fff32aab000 	/System/Library/Frameworks/ApplicationServices.framework/Versions/A/ApplicationServices
0x00007fff33b45000 	/System/Library/Frameworks/Cocoa.framework/Versions/A/Cocoa
0x00007fff411ac000 	/System/Library/Frameworks/Security.framework/Versions/A/Security
0x00007fff349f8000 	/System/Library/Frameworks/CoreFoundation.framework/Versions/A/CoreFoundation
0x00007fff370dd000 	/System/Library/Frameworks/Foundation.framework/Versions/C/Foundation
0x00007fff6d46a000 	/usr/lib/libobjc.A.dylib
0x00007fff6e3fe000 	/usr/lib/system/libcache.dylib
0x00007fff6e404000 	/usr/lib/system/libcommonCrypto.dylib
0x00007fff6e410000 	/usr/lib/system/libcompiler_rt.dylib
0x00007fff6e418000 	/usr/lib/system/libcopyfile.dylib
0x00007fff6e422000 	/usr/lib/system/libcorecrypto.dylib
0x00007fff6e5c1000 	/usr/lib/system/libdispatch.dylib
0x00007fff6e602000 	/usr/lib/system/libdyld.dylib
0x00007fff6e639000 	/usr/lib/system/libkeymgr.dylib
0x00007fff6e647000 	/usr/lib/system/liblaunch.dylib
0x00007fff6e648000 	/usr/lib/system/libmacho.dylib
0x00007fff6e64e000 	/usr/lib/system/libquarantine.dylib
0x00007fff6e651000 	/usr/lib/system/libremovefile.dylib
0x00007fff6e653000 	/usr/lib/system/libsystem_asl.dylib
0x00007fff6e66b000 	/usr/lib/system/libsystem_blocks.dylib
0x00007fff6e66c000 	/usr/lib/system/libsystem_c.dylib
0x00007fff6e6f4000 	/usr/lib/system/libsystem_configuration.dylib
0x00007fff6e6f8000 	/usr/lib/system/libsystem_coreservices.dylib
0x00007fff6e6fc000 	/usr/lib/system/libsystem_darwin.dylib
0x00007fff6e705000 	/usr/lib/system/libsystem_dnssd.dylib
0x00007fff6e70d000 	/usr/lib/system/libsystem_featureflags.dylib
0x00007fff6e70f000 	/usr/lib/system/libsystem_info.dylib
0x00007fff6e78a000 	/usr/lib/system/libsystem_m.dylib
0x00007fff6e7d6000 	/usr/lib/system/libsystem_malloc.dylib
0x00007fff6e7fe000 	/usr/lib/system/libsystem_networkextension.dylib
0x00007fff6e80c000 	/usr/lib/system/libsystem_notify.dylib
0x00007fff6e82a000 	/usr/lib/system/libsystem_sandbox.dylib
0x00007fff6e82f000 	/usr/lib/system/libsystem_secinit.dylib
0x00007fff6e75d000 	/usr/lib/system/libsystem_kernel.dylib
0x00007fff6e816000 	/usr/lib/system/libsystem_platform.dylib
0x00007fff6e81f000 	/usr/lib/system/libsystem_pthread.dylib
0x00007fff6e832000 	/usr/lib/system/libsystem_symptoms.dylib
0x00007fff6e83a000 	/usr/lib/system/libsystem_trace.dylib
0x00007fff6e852000 	/usr/lib/system/libunwind.dylib
0x00007fff6e858000 	/usr/lib/system/libxpc.dylib
0x00007fff6b940000 	/usr/lib/libc++abi.dylib
0x00007fff6b8ed000 	/usr/lib/libc++.1.dylib
0x00007fff34e7a000 	/System/Library/Frameworks/CoreGraphics.framework/Versions/A/CoreGraphics
0x00007fff36879000 	/System/Library/Frameworks/CoreText.framework/Versions/A/CoreText
0x00007fff3794c000 	/System/Library/Frameworks/ImageIO.framework/Versions/A/ImageIO
0x00007fff33b53000 	/System/Library/Frameworks/ColorSync.framework/Versions/A/ColorSync
0x00007fff32aac000 	/System/Library/Frameworks/ApplicationServices.framework/Versions/A/Frameworks/ATS.framework/Versions/A/ATS
0x00007fff32c79000 	/System/Library/Frameworks/ApplicationServices.framework/Versions/A/Frameworks/ColorSyncLegacy.framework/Versions/A/ColorSyncLegacy
0x00007fff35e05000 	/System/Library/Frameworks/CoreServices.framework/Versions/A/CoreServices
0x00007fff32d17000 	/System/Library/Frameworks/ApplicationServices.framework/Versions/A/Frameworks/HIServices.framework/Versions/A/HIServices
0x00007fff32d6f000 	/System/Library/Frameworks/ApplicationServices.framework/Versions/A/Frameworks/LangAnalysis.framework/Versions/A/LangAnalysis
0x00007fff32d7e000 	/System/Library/Frameworks/ApplicationServices.framework/Versions/A/Frameworks/PrintCore.framework/Versions/A/PrintCore
0x00007fff32dc4000 	/System/Library/Frameworks/ApplicationServices.framework/Versions/A/Frameworks/QD.framework/Versions/A/QD
0x00007fff32dcf000 	/System/Library/Frameworks/ApplicationServices.framework/Versions/A/Frameworks/SpeechSynthesis.framework/Versions/A/SpeechSynthesis
0x00007fff639bc000 	/System/Library/PrivateFrameworks/SkyLight.framework/Versions/A/SkyLight
0x00007fff50e49000 	/System/Library/PrivateFrameworks/FontServices.framework/libFontParser.dylib
0x00007fff3060c000 	/System/Library/Frameworks/Accelerate.framework/Versions/A/Accelerate
0x00007fff378bc000 	/System/Library/Frameworks/IOSurface.framework/Versions/A/IOSurface
0x00007fff6da2e000 	/usr/lib/libxml2.2.dylib
0x00007fff33257000 	/System/Library/Frameworks/CFNetwork.framework/Versions/A/CFNetwork
0x00007fff674b0000 	/System/Library/PrivateFrameworks/WatchdogClient.framework/Versions/A/WatchdogClient
0x00007fff6b969000 	/usr/lib/libcompression.dylib
0x00007fff6b09b000 	/usr/lib/libDiagnosticMessagesClient.dylib
0x00007fff4225f000 	/System/Library/Frameworks/SystemConfiguration.framework/Versions/A/SystemConfiguration
0x00007fff348c5000 	/System/Library/Frameworks/CoreDisplay.framework/Versions/A/CoreDisplay
0x00007fff59435000 	/System/Library/PrivateFrameworks/IOAccelerator.framework/Versions/A/IOAccelerator
0x00007fff37816000 	/System/Library/Frameworks/IOKit.framework/Versions/A/IOKit
0x00007fff39f9c000 	/System/Library/Frameworks/Metal.framework/Versions/A/Metal
0x00007fff3a337000 	/System/Library/Frameworks/MetalPerformanceShaders.framework/Versions/A/MetalPerformanceShaders
0x00007fff5b839000 	/System/Library/PrivateFrameworks/MultitouchSupport.framework/Versions/A/MultitouchSupport
0x00007fff403a5000 	/System/Library/Frameworks/QuartzCore.framework/Versions/A/QuartzCore
0x00007fff6b8cf000 	/usr/lib/libbsm.0.dylib
0x00007fff6c747000 	/usr/lib/liblzma.5.dylib
0x00007fff6b809000 	/usr/lib/libauto.dylib
0x00007fff6c3c2000 	/usr/lib/libfakelink.dylib
0x00007fff36d9b000 	/System/Library/Frameworks/DiskArbitration.framework/Versions/A/DiskArbitration
0x00007fff6b663000 	/usr/lib/libarchive.2.dylib
0x00007fff6c4d4000 	/usr/lib/libicucore.A.dylib
0x00007fff6c745000 	/usr/lib/liblangid.dylib
0x00007fff6afce000 	/usr/lib/libCRFSuite.dylib
0x00007fff6c399000 	/usr/lib/libenergytrace.dylib
0x00007fff6e63a000 	/usr/lib/system/libkxld.dylib
0x00007fff48019000 	/System/Library/PrivateFrameworks/AppleFSCompression.framework/Versions/A/AppleFSCompression
0x00007fff6bc5b000 	/usr/lib/libcoretls.dylib
0x00007fff6bc72000 	/usr/lib/libcoretls_cfhelpers.dylib
0x00007fff6d4af000 	/usr/lib/libpam.2.dylib
0x00007fff6d5e4000 	/usr/lib/libsqlite3.dylib
0x00007fff6da1b000 	/usr/lib/libxar.1.dylib
0x00007fff6b8e0000 	/usr/lib/libbz2.1.0.dylib
0x00007fff6c3e3000 	/usr/lib/libiconv.2.dylib
0x00007fff6b956000 	/usr/lib/libcharset.1.dylib
0x00007fff6cf4d000 	/usr/lib/libnetwork.dylib
0x00007fff6d4b6000 	/usr/lib/libpcap.A.dylib
0x00007fff6b618000 	/usr/lib/libapple_nghttp2.dylib
0x00007fff361bc000 	/System/Library/Frameworks/CoreServices.framework/Versions/A/Frameworks/FSEvents.framework/Versions/A/FSEvents
0x00007fff35e8c000 	/System/Library/Frameworks/CoreServices.framework/Versions/A/Frameworks/CarbonCore.framework/Versions/A/CarbonCore
0x00007fff36401000 	/System/Library/Frameworks/CoreServices.framework/Versions/A/Frameworks/Metadata.framework/Versions/A/Metadata
0x00007fff3649a000 	/System/Library/Frameworks/CoreServices.framework/Versions/A/Frameworks/OSServices.framework/Versions/A/OSServices
0x00007fff364c8000 	/System/Library/Frameworks/CoreServices.framework/Versions/A/Frameworks/SearchKit.framework/Versions/A/SearchKit
0x00007fff35e06000 	/System/Library/Frameworks/CoreServices.framework/Versions/A/Frameworks/AE.framework/Versions/A/AE
0x00007fff361c5000 	/System/Library/Frameworks/CoreServices.framework/Versions/A/Frameworks/LaunchServices.framework/Versions/A/LaunchServices
0x00007fff3616e000 	/System/Library/Frameworks/CoreServices.framework/Versions/A/Frameworks/DictionaryServices.framework/Versions/A/DictionaryServices
0x00007fff36530000 	/System/Library/Frameworks/CoreServices.framework/Versions/A/Frameworks/SharedFileList.framework/Versions/A/SharedFileList
0x00007fff3b1f7000 	/System/Library/Frameworks/NetFS.framework/Versions/A/NetFS
0x00007fff5bd69000 	/System/Library/PrivateFrameworks/NetAuth.framework/Versions/A/NetAuth
0x00007fff684ae000 	/System/Library/PrivateFrameworks/login.framework/Versions/A/Frameworks/loginsupport.framework/Versions/A/loginsupport
0x00007fff65001000 	/System/Library/PrivateFrameworks/TCC.framework/Versions/A/TCC
0x00007fff4cc4f000 	/System/Library/PrivateFrameworks/CoreNLP.framework/Versions/A/CoreNLP
0x00007fff5b266000 	/System/Library/PrivateFrameworks/MetadataUtilities.framework/Versions/A/MetadataUtilities
0x00007fff6c81f000 	/usr/lib/libmecabra.dylib
0x00007fff6c777000 	/usr/lib/libmecab.dylib
0x00007fff6c3d3000 	/usr/lib/libgermantok.dylib
0x00007fff6b5ff000 	/usr/lib/libThaiTokenizer.dylib
0x00007fff6b005000 	/usr/lib/libChineseTokenizer.dylib
0x00007fff30625000 	/System/Library/Frameworks/Accelerate.framework/Versions/A/Frameworks/vImage.framework/Versions/A/vImage
0x00007fff31af3000 	/System/Library/Frameworks/Accelerate.framework/Versions/A/Frameworks/vecLib.framework/Versions/A/vecLib
0x00007fff31974000 	/System/Library/Frameworks/Accelerate.framework/Versions/A/Frameworks/vecLib.framework/Versions/A/libvMisc.dylib
0x00007fff317e1000 	/System/Library/Frameworks/Accelerate.framework/Versions/A/Frameworks/vecLib.framework/Versions/A/libvDSP.dylib
0x00007fff30ec1000 	/System/Library/Frameworks/Accelerate.framework/Versions/A/Frameworks/vecLib.framework/Versions/A/libBLAS.dylib
0x00007fff31399000 	/System/Library/Frameworks/Accelerate.framework/Versions/A/Frameworks/vecLib.framework/Versions/A/libLAPACK.dylib
0x00007fff31741000 	/System/Library/Frameworks/Accelerate.framework/Versions/A/Frameworks/vecLib.framework/Versions/A/libLinearAlgebra.dylib
0x00007fff317ce000 	/System/Library/Frameworks/Accelerate.framework/Versions/A/Frameworks/vecLib.framework/Versions/A/libSparseBLAS.dylib
0x00007fff31757000 	/System/Library/Frameworks/Accelerate.framework/Versions/A/Frameworks/vecLib.framework/Versions/A/libQuadrature.dylib
0x00007fff31057000 	/System/Library/Frameworks/Accelerate.framework/Versions/A/Frameworks/vecLib.framework/Versions/A/libBNNS.dylib
0x00007fff3175d000 	/System/Library/Frameworks/Accelerate.framework/Versions/A/Frameworks/vecLib.framework/Versions/A/libSparse.dylib
0x00007fff59dda000 	/System/Library/PrivateFrameworks/LanguageModeling.framework/Versions/A/LanguageModeling
0x00007fff4c5fe000 	/System/Library/PrivateFrameworks/CoreEmoji.framework/Versions/A/CoreEmoji
0x00007fff59ef8000 	/System/Library/PrivateFrameworks/LinguisticData.framework/Versions/A/LinguisticData
0x00007fff59ea9000 	/System/Library/PrivateFrameworks/Lexicon.framework/Versions/A/Lexicon
0x00007fff6b957000 	/usr/lib/libcmph.dylib
0x00007fff3dde6000 	/System/Library/Frameworks/OpenDirectory.framework/Versions/A/Frameworks/CFOpenDirectory.framework/Versions/A/CFOpenDirectory
0x00007fff3de03000 	/System/Library/Frameworks/OpenDirectory.framework/Versions/A/OpenDirectory
0x00007fff46249000 	/System/Library/PrivateFrameworks/APFS.framework/Versions/A/APFS
0x00007fff414f8000 	/System/Library/Frameworks/SecurityFoundation.framework/Versions/A/SecurityFoundation
0x00007fff6da17000 	/usr/lib/libutil.dylib
0x00007fff4db4a000 	/System/Library/PrivateFrameworks/CoreServicesStore.framework/Versions/A/CoreServicesStore
0x00007fff415af000 	/System/Library/Frameworks/ServiceManagement.framework/Versions/A/ServiceManagement
0x00007fff497eb000 	/System/Library/PrivateFrameworks/BackgroundTaskManagement.framework/Versions/A/BackgroundTaskManagement
0x00007fff6db14000 	/usr/lib/libxslt.1.dylib
0x00007fff55bc5000 	/System/Library/PrivateFrameworks/GPUWrangler.framework/Versions/A/GPUWrangler
0x00007fff5944a000 	/System/Library/PrivateFrameworks/IOPresentment.framework/Versions/A/IOPresentment
0x00007fff4e6ca000 	/System/Library/PrivateFrameworks/DSExternalDisplay.framework/Versions/A/DSExternalDisplay
0x00007fff3e777000 	/System/Library/Frameworks/OpenGL.framework/Versions/A/Libraries/libCoreFSCache.dylib
0x00007fff3a083000 	/System/Library/Frameworks/MetalPerformanceShaders.framework/Frameworks/MPSCore.framework/Versions/A/MPSCore
0x00007fff3a0c1000 	/System/Library/Frameworks/MetalPerformanceShaders.framework/Frameworks/MPSImage.framework/Versions/A/MPSImage
0x00007fff3a188000 	/System/Library/Frameworks/MetalPerformanceShaders.framework/Frameworks/MPSNeuralNetwork.framework/Versions/A/MPSNeuralNetwork
0x00007fff3a14c000 	/System/Library/Frameworks/MetalPerformanceShaders.framework/Frameworks/MPSMatrix.framework/Versions/A/MPSMatrix
0x00007fff3a2e7000 	/System/Library/Frameworks/MetalPerformanceShaders.framework/Frameworks/MPSRayIntersector.framework/Versions/A/MPSRayIntersector
0x00007fff3a172000 	/System/Library/Frameworks/MetalPerformanceShaders.framework/Frameworks/MPSNDArray.framework/Versions/A/MPSNDArray
0x00007fff5b2b3000 	/System/Library/PrivateFrameworks/MetalTools.framework/Versions/A/MetalTools
0x00007fff47423000 	/System/Library/PrivateFrameworks/AggregateDictionary.framework/Versions/A/AggregateDictionary
0x00007fff4c045000 	/System/Library/PrivateFrameworks/CoreAnalytics.framework/Versions/A/CoreAnalytics
0x00007fff485ab000 	/System/Library/PrivateFrameworks/AppleSauce.framework/Versions/A/AppleSauce
0x00007fff6b3df000 	/usr/lib/libMobileGestalt.dylib
0x00007fff4868d000 	/System/Library/PrivateFrameworks/AppleSystemInfo.framework/Versions/A/AppleSystemInfo
0x00007fff6b2c1000 	/usr/lib/libIOReport.dylib
0x00007fff35520000 	/System/Library/Frameworks/CoreImage.framework/Versions/A/CoreImage
0x00007fff36a32000 	/System/Library/Frameworks/CoreVideo.framework/Versions/A/CoreVideo
0x00007fff3f3d8000 	/System/Library/Frameworks/OpenGL.framework/Versions/A/OpenGL
0x00007fff5703e000 	/System/Library/PrivateFrameworks/GraphVisualizer.framework/Versions/A/GraphVisualizer
0x00007fff5038f000 	/System/Library/PrivateFrameworks/FaceCore.framework/Versions/A/FaceCore
0x00007fff3dd8d000 	/System/Library/Frameworks/OpenCL.framework/Versions/A/OpenCL
0x00007fff6b0e3000 	/usr/lib/libFosl_dynamic.dylib
0x00007fff5c78b000 	/System/Library/PrivateFrameworks/OTSVG.framework/Versions/A/OTSVG
0x00007fff32bb0000 	/System/Library/Frameworks/ApplicationServices.framework/Versions/A/Frameworks/ATS.framework/Versions/A/Resources/libFontRegistry.dylib
0x00007fff6b6d6000 	/usr/lib/libate.dylib
0x00007fff37b6b000 	/System/Library/Frameworks/ImageIO.framework/Versions/A/Resources/libJPEG.dylib
0x00007fff37e2a000 	/System/Library/Frameworks/ImageIO.framework/Versions/A/Resources/libTIFF.dylib
0x00007fff37e0d000 	/System/Library/Frameworks/ImageIO.framework/Versions/A/Resources/libPng.dylib
0x00007fff37aad000 	/System/Library/Frameworks/ImageIO.framework/Versions/A/Resources/libGIF.dylib
0x00007fff37ab1000 	/System/Library/Frameworks/ImageIO.framework/Versions/A/Resources/libJP2.dylib
0x00007fff37e28000 	/System/Library/Frameworks/ImageIO.framework/Versions/A/Resources/libRadiance.dylib
0x00007fff6c39a000 	/usr/lib/libexpat.1.dylib
0x00007fff48174000 	/System/Library/PrivateFrameworks/AppleJPEG.framework/Versions/A/AppleJPEG
0x00007fff51019000 	/System/Library/PrivateFrameworks/FontServices.framework/libhvf.dylib
0x00007fff3e782000 	/System/Library/Frameworks/OpenGL.framework/Versions/A/Libraries/libGFXShared.dylib
0x00007fff3e960000 	/System/Library/Frameworks/OpenGL.framework/Versions/A/Libraries/libGLU.dylib
0x00007fff3e78b000 	/System/Library/Frameworks/OpenGL.framework/Versions/A/Libraries/libGL.dylib
0x00007fff3e796000 	/System/Library/Frameworks/OpenGL.framework/Versions/A/Libraries/libGLImage.dylib
0x00007fff3e774000 	/System/Library/Frameworks/OpenGL.framework/Versions/A/Libraries/libCVMSPluginSupport.dylib
0x00007fff3e77d000 	/System/Library/Frameworks/OpenGL.framework/Versions/A/Libraries/libCoreVMClient.dylib
0x00007fff6cdee000 	/usr/lib/libncurses.5.4.dylib
0x00007fff32c49000 	/System/Library/Frameworks/ApplicationServices.framework/Versions/A/Frameworks/ATSUI.framework/Versions/A/ATSUI
0x00007fff6c230000 	/usr/lib/libcups.2.dylib
0x00007fff393d2000 	/System/Library/Frameworks/Kerberos.framework/Versions/A/Kerberos
0x00007fff3750f000 	/System/Library/Frameworks/GSS.framework/Versions/A/GSS
0x00007fff6d570000 	/usr/lib/libresolv.9.dylib
0x00007fff571eb000 	/System/Library/PrivateFrameworks/Heimdal.framework/Versions/A/Heimdal
0x00007fff393e5000 	/System/Library/Frameworks/Kerberos.framework/Versions/A/Libraries/libHeimdalProxy.dylib
0x00007fff6c3d9000 	/usr/lib/libheimdal-asn1.dylib
0x00007fff4b4dd000 	/System/Library/PrivateFrameworks/CommonAuth.framework/Versions/A/CommonAuth
0x00007fff33f34000 	/System/Library/Frameworks/CoreAudio.framework/Versions/A/CoreAudio
0x00007fff32ddd000 	/System/Library/Frameworks/AudioToolbox.framework/Versions/A/AudioToolbox
0x00007fff4872a000 	/System/Library/PrivateFrameworks/AssertionServices.framework/Versions/A/AssertionServices
0x00007fff492cd000 	/System/Library/PrivateFrameworks/AudioToolboxCore.framework/Versions/A/AudioToolboxCore
0x00007fff6815e000 	/System/Library/PrivateFrameworks/caulk.framework/Versions/A/caulk
0x00007fff49897000 	/System/Library/PrivateFrameworks/BaseBoard.framework/Versions/A/BaseBoard
0x00007fff609ee000 	/System/Library/PrivateFrameworks/RunningBoardServices.framework/Versions/A/RunningBoardServices
0x00007fff5d9ff000 	/System/Library/PrivateFrameworks/PersistentConnection.framework/Versions/A/PersistentConnection
0x00007fff603e7000 	/System/Library/PrivateFrameworks/ProtocolBuffer.framework/Versions/A/ProtocolBuffer
0x00007fff4b501000 	/System/Library/PrivateFrameworks/CommonUtilities.framework/Versions/A/CommonUtilities
0x00007fff49a25000 	/System/Library/PrivateFrameworks/Bom.framework/Versions/A/Bom
0x00007fff6af94000 	/usr/lib/libAudioToolboxUtility.dylib
0x00007fff31c9d000 	/System/Library/Frameworks/AppKit.framework/Versions/C/AppKit
0x00007fff344c9000 	/System/Library/Frameworks/CoreData.framework/Versions/A/CoreData
0x00007fff657cc000 	/System/Library/PrivateFrameworks/UIFoundation.framework/Versions/A/UIFoundation
0x00007fff60860000 	/System/Library/PrivateFrameworks/RemoteViewServices.framework/Versions/A/RemoteViewServices
0x00007fff680e1000 	/System/Library/PrivateFrameworks/XCTTargetBootstrap.framework/Versions/A/XCTTargetBootstrap
0x00007fff4e85d000 	/System/Library/PrivateFrameworks/DesktopServicesPriv.framework/Versions/A/DesktopServicesPriv
0x00007fff4daf2000 	/System/Library/PrivateFrameworks/CoreSVG.framework/Versions/A/CoreSVG
0x00007fff597e9000 	/System/Library/PrivateFrameworks/IconServices.framework/Versions/A/IconServices
0x00007fff4e6b7000 	/System/Library/PrivateFrameworks/DFRFoundation.framework/Versions/A/DFRFoundation
0x00007fff32ec0000 	/System/Library/Frameworks/AudioUnit.framework/Versions/A/AudioUnit
0x00007fff4e759000 	/System/Library/PrivateFrameworks/DataDetectorsCore.framework/Versions/A/DataDetectorsCore
0x00007fff33666000 	/System/Library/Frameworks/Carbon.framework/Versions/A/Frameworks/HIToolbox.framework/Versions/A/HIToolbox
0x00007fff339a5000 	/System/Library/Frameworks/Carbon.framework/Versions/A/Frameworks/SpeechRecognition.framework/Versions/A/SpeechRecognition
0x00007fff4e1cb000 	/System/Library/PrivateFrameworks/CoreUI.framework/Versions/A/CoreUI
0x00007fff5d9f3000 	/System/Library/PrivateFrameworks/PerformanceAnalysis.framework/Versions/A/PerformanceAnalysis
0x00007fff65536000 	/System/Library/PrivateFrameworks/TextureIO.framework/Versions/A/TextureIO
0x00007fff599f2000 	/System/Library/PrivateFrameworks/InternationalSupport.framework/Versions/A/InternationalSupport
0x00007fff497f5000 	/System/Library/PrivateFrameworks/Backup.framework/Versions/A/Backup
0x00007fff4e5eb000 	/System/Library/PrivateFrameworks/CrashReporterSupport.framework/Versions/A/CrashReporterSupport
0x00007fff62480000 	/System/Library/PrivateFrameworks/Sharing.framework/Versions/A/Sharing
0x00007fff47d37000 	/System/Library/PrivateFrameworks/Apple80211.framework/Versions/A/Apple80211
0x00007fff49512000 	/System/Library/PrivateFrameworks/AuthKit.framework/Versions/A/AuthKit
0x00007fff4e2f8000 	/System/Library/PrivateFrameworks/CoreUtils.framework/Versions/A/CoreUtils
0x00007fff36a77000 	/System/Library/Frameworks/CoreWLAN.framework/Versions/A/CoreWLAN
0x00007fff3769c000 	/System/Library/Frameworks/IOBluetooth.framework/Versions/A/IOBluetooth
0x00007fff5b5b8000 	/System/Library/PrivateFrameworks/MobileKeyBag.framework/Versions/A/MobileKeyBag
0x00007fff4d0e7000 	/System/Library/PrivateFrameworks/CorePhoneNumbers.framework/Versions/A/CorePhoneNumbers
0x00007fff48127000 	/System/Library/PrivateFrameworks/AppleIDAuthSupport.framework/Versions/A/AppleIDAuthSupport
0x00007fff3b204000 	/System/Library/Frameworks/Network.framework/Versions/A/Network
0x00007fff59c86000 	/System/Library/PrivateFrameworks/KeychainCircle.framework/Versions/A/KeychainCircle
0x00007fff34490000 	/System/Library/Frameworks/CoreBluetooth.framework/Versions/A/CoreBluetooth
0x00007fff644ff000 	/System/Library/PrivateFrameworks/SpeechRecognitionCore.framework/Versions/A/SpeechRecognitionCore
0x00007fff27a07000 	/System/Library/CoreServices/Encodings/libCyrillicConverter.dylib
0x0000000108200000 	/Users/mac/Library/Java/JavaVirtualMachines/openjdk-25-patched/Contents/Home/lib/server/libjvm.dylib
0x000000010795b000 	/Users/mac/Library/Java/JavaVirtualMachines/openjdk-25-patched/Contents/Home/lib/libjimage.dylib
0x000000010796b000 	/Users/mac/Library/Java/JavaVirtualMachines/openjdk-25-patched/Contents/Home/lib/libinstrument.dylib
0x000000010797d000 	/Users/mac/Library/Java/JavaVirtualMachines/openjdk-25-patched/Contents/Home/lib/libjava.dylib
0x00000001166e4000 	/Users/mac/Library/Java/JavaVirtualMachines/openjdk-25-patched/Contents/Home/lib/libzip.dylib
0x00000001166f3000 	/Users/mac/Library/Java/JavaVirtualMachines/openjdk-25-patched/Contents/Home/lib/libnio.dylib
0x000000011670a000 	/Users/mac/Library/Java/JavaVirtualMachines/openjdk-25-patched/Contents/Home/lib/libnet.dylib
0x000000011671c000 	/Users/mac/Library/Java/JavaVirtualMachines/openjdk-25-patched/Contents/Home/lib/libextnet.dylib
0x0000000116727000 	/Users/mac/Library/Java/JavaVirtualMachines/openjdk-25-patched/Contents/Home/lib/libprefs.dylib
0x0000000116734000 	/private/var/folders/57/xgqcb4yj1_958k83lyr82lrw0000gn/T/audiosnd_6295761531281154553audio-snd.dylib
0x00000001167b0000 	/System/Library/Extensions/AppleHDA.kext/Contents/PlugIns/AppleHDAHALPlugIn.bundle/Contents/MacOS/AppleHDAHALPlugIn
0x00000001167bd000 	/System/Library/Components/CoreAudio.component/Contents/MacOS/CoreAudio
0x00007fff491b6000 	/System/Library/PrivateFrameworks/AudioSession.framework/Versions/A/AudioSession
0x00007fff49208000 	/System/Library/PrivateFrameworks/AudioSession.framework/libSessionUtility.dylib
0x00007fff4db16000 	/System/Library/PrivateFrameworks/CoreServicesInternal.framework/Versions/A/CoreServicesInternal

JVMTI agents:
/Applications/IntelliJ IDEA.app/Contents/lib/idea_rt.jar path:none, loaded, initialized, instrumentlib options:57526


VM Arguments:
jvm_args: --enable-native-access=ALL-UNNAMED -javaagent:/Applications/IntelliJ IDEA.app/Contents/lib/idea_rt.jar=57526 -Dfile.encoding=UTF-8 -Dsun.stdout.encoding=UTF-8 -Dsun.stderr.encoding=UTF-8 
java_command: org.plovdev.audioengine.examples.MicrophoneExample
java_class_path (initial): /Users/mac/IdeaProjects/AudioSND/examples/target/classes:/Users/mac/IdeaProjects/AudioSND/core/target/classes:/Users/mac/IdeaProjects/AudioSND/implementation/target/classes:/Users/mac/IdeaProjects/AudioSND/loaders/target/classes:/Users/mac/IdeaProjects/AudioSND/generator/target/classes:/Users/mac/IdeaProjects/AudioSND/math/target/classes:/Users/mac/IdeaProjects/AudioSND/effects/target/classes:/Users/mac/IdeaProjects/AudioSND/profiler/target/classes:/Users/mac/.m2/repository/org/slf4j/slf4j-api/2.0.17/slf4j-api-2.0.17.jar:/Users/mac/.m2/repository/ch/qos/logback/logback-classic/1.5.26/logback-classic-1.5.26.jar:/Users/mac/.m2/repository/ch/qos/logback/logback-core/1.5.26/logback-core-1.5.26.jar:/Users/mac/.m2/repository/org/jetbrains/annotations/17.0.0/annotations-17.0.0.jar
Launcher Type: SUN_STANDARD

[Global flags]
     intx CICompilerCount                          = 3                                         {product} {ergonomic}
     uint ConcGCThreads                            = 1                                         {product} {ergonomic}
     uint G1ConcRefinementThreads                  = 4                                         {product} {ergonomic}
   size_t G1HeapRegionSize                         = 1048576                                   {product} {ergonomic}
   size_t InitialHeapSize                          = 134217728                                 {product} {ergonomic}
   size_t MarkStackSize                            = 4194304                                   {product} {ergonomic}
   size_t MarkStackSizeMax                         = 536870912                                 {product} {ergonomic}
   size_t MaxHeapSize                              = 2147483648                                {product} {ergonomic}
   size_t MaxNewSize                               = 1287651328                                {product} {ergonomic}
   size_t MinHeapDeltaBytes                        = 1048576                                   {product} {ergonomic}
   size_t MinHeapSize                              = 8388608                                   {product} {ergonomic}
    uintx NonNMethodCodeHeapSize                   = 5832704                                {pd product} {ergonomic}
    uintx NonProfiledCodeHeapSize                  = 122916864                              {pd product} {ergonomic}
    uintx ProfiledCodeHeapSize                     = 122908672                              {pd product} {ergonomic}
    uintx ReservedCodeCacheSize                    = 251658240                              {pd product} {ergonomic}
     bool SegmentedCodeCache                       = true                                      {product} {ergonomic}
   size_t SoftMaxHeapSize                          = 2147483648                             {manageable} {ergonomic}
     bool UseCompressedOops                        = true                           {product lp64_product} {ergonomic}
     bool UseG1GC                                  = true                                      {product} {ergonomic}
     bool UseNUMA                                  = false                                     {product} {ergonomic}
     bool UseNUMAInterleaving                      = false                                     {product} {ergonomic}

Logging:
Log output configuration:
 #0: stdout all=warning uptime,level,tags foldmultilines=false
 #1: stderr all=off uptime,level,tags foldmultilines=false

Release file:
IMPLEMENTOR="Oracle Corporation"
JAVA_RUNTIME_VERSION="25.0.2+10-69"
JAVA_VERSION="25.0.2"
JAVA_VERSION_DATE="2026-01-20"
LIBC="default"
MODULES="java.base java.compiler java.datatransfer java.xml java.prefs java.desktop java.instrument java.logging java.management java.security.sasl java.naming java.rmi java.management.rmi java.net.http java.scripting java.security.jgss java.transaction.xa java.sql java.sql.rowset java.xml.crypto java.se java.smartcardio jdk.accessibility jdk.internal.jvmstat jdk.attach jdk.charsets jdk.internal.opt jdk.zipfs jdk.compiler jdk.crypto.cryptoki jdk.crypto.ec jdk.dynalink jdk.internal.ed jdk.editpad jdk.internal.vm.ci jdk.graal.compiler jdk.graal.compiler.management jdk.hotspot.agent jdk.httpserver jdk.incubator.vector jdk.internal.le jdk.internal.md jdk.jartool jdk.javadoc jdk.jcmd jdk.management jdk.management.agent jdk.jconsole jdk.jdeps jdk.jdwp.agent jdk.jdi jdk.jfr jdk.jlink jdk.jpackage jdk.jshell jdk.jsobject jdk.jstatd jdk.localedata jdk.management.jfr jdk.naming.dns jdk.naming.rmi jdk.net jdk.nio.mapmode jdk.sctp jdk.security.auth jdk.security.jgss jdk.unsupported jdk.unsupported.desktop jdk.xml.dom"
OS_ARCH="x86_64"
OS_NAME="Darwin"
SOURCE=".:git:405a5699ebd0"

Environment Variables:
JAVA_HOME=/Library/Java/JavaVirtualMachines/jdk-25.jdk/Contents/Home
PATH=/Users/mac/bin:/Library/Java/JavaVirtualMachines/jdk-25.jdk/Contents/Home/bin:/usr/local/bin:/Applications/CMake.app/Contents/bin:/Applications/Postgres.app/Contents/Versions/latest/bin:/usr/local/opt/postgresql@14/bin:/usr/local/bin:/usr/bin:/bin:/usr/sbin:/sbin:/usr/local/go/bin:/opt/X11/bin:/Users/mac/.cargo/bin
SHELL=/bin/zsh
DISPLAY=/private/tmp/com.apple.launchd.0FtAaWLSYl/org.xquartz:0
LC_CTYPE=ru_RU.UTF-8
TMPDIR=/var/folders/57/xgqcb4yj1_958k83lyr82lrw0000gn/T/

Active Locale:
LC_ALL=C/ru_RU.UTF-8/C/C/C/C
LC_COLLATE=C
LC_CTYPE=ru_RU.UTF-8
LC_MESSAGES=C
LC_MONETARY=C
LC_NUMERIC=C
LC_TIME=C

Signal Handlers:
   SIGSEGV: crash_handler in libjvm.dylib, mask=11100110000111110111111111111111, flags=SA_ONSTACK|SA_RESTART|SA_SIGINFO, unblocked
    SIGBUS: crash_handler in libjvm.dylib, mask=11100110000111110111111111111111, flags=SA_RESTART|SA_SIGINFO, unblocked
    SIGFPE: crash_handler in libjvm.dylib, mask=11100110000111110111111111111111, flags=SA_RESTART|SA_SIGINFO, unblocked
   SIGPIPE: javaSignalHandler in libjvm.dylib, mask=11100110000111110111111111111111, flags=SA_RESTART|SA_SIGINFO, blocked
   SIGXFSZ: javaSignalHandler in libjvm.dylib, mask=11100110000111110111111111111111, flags=SA_RESTART|SA_SIGINFO, blocked
    SIGILL: crash_handler in libjvm.dylib, mask=11100110000111110111111111111111, flags=SA_RESTART|SA_SIGINFO, unblocked
   SIGUSR2: SR_handler in libjvm.dylib, mask=00000000000000000000000000000000, flags=SA_RESTART|SA_SIGINFO, blocked
    SIGHUP: UserHandler in libjvm.dylib, mask=11100110000111110111111111111111, flags=SA_RESTART|SA_SIGINFO, blocked
    SIGINT: UserHandler in libjvm.dylib, mask=11100110000111110111111111111111, flags=SA_RESTART|SA_SIGINFO, blocked
   SIGTERM: UserHandler in libjvm.dylib, mask=11100110000111110111111111111111, flags=SA_RESTART|SA_SIGINFO, blocked
   SIGQUIT: UserHandler in libjvm.dylib, mask=11100110000111110111111111111111, flags=SA_RESTART|SA_SIGINFO, blocked
   SIGTRAP: crash_handler in libjvm.dylib, mask=11100110000111110111111111111111, flags=SA_RESTART|SA_SIGINFO, unblocked


Compilation memory statistics disabled.

Periodic native trim disabled

---------------  S Y S T E M  ---------------

OS:
uname: Darwin 19.6.0 Darwin Kernel Version 19.6.0: Tue Jun 21 21:18:39 PDT 2022; root:xnu-6153.141.66~1/RELEASE_X86_64 x86_64
OS uptime: 10 days 19:43 hours
rlimit (soft/hard): STACK 8192k/65532k , CORE 0k/infinity , NPROC 1392/2088 , NOFILE 10240/infinity , AS infinity/infinity , CPU infinity/infinity , DATA infinity/infinity , FSIZE infinity/infinity , MEMLOCK infinity/infinity , RSS infinity/infinity
load average: 3.12 2.58 2.73

CPU: total 4 (initial active 4) (2 cores per cpu, 2 threads per core) family 6 model 58 stepping 9 microcode 0x21, cx8, cmov, fxsr, ht, mmx, sse, sse2, sse3, ssse3, sse4.1, sse4.2, popcnt, tsc, tscinvbit, avx, aes, erms, clmul, vzeroupper, clflush, rdtscp, f16c
machdep.cpu.brand_string:Intel(R) Core(TM) i7-3667U CPU @ 2.00GHz
hw.cpufrequency:2000000000
hw.cpufrequency_min:2000000000
hw.cpufrequency_max:2000000000
hw.cachelinesize:64
hw.l1icachesize:32768
hw.l1dcachesize:32768
hw.l2cachesize:262144
hw.l3cachesize:4194304

Memory: 4k page, physical 8388608k(44776k free), swap 2097152k(1424384k free)

vm_info: OpenJDK 64-Bit Server VM (25.0.2+10-69) for bsd-amd64 JRE (25.0.2+10-69), built on 2025-12-18T11:36:35Z with clang Apple LLVM 15.0.0 (clang-1500.3.9.4)

END.
