#
# A fatal error has been detected by the Java Runtime Environment:
#
#  SIGSEGV (0xb) at pc=0x000000012ef9648c, pid=27253, tid=6147
#
# JRE version: OpenJDK Runtime Environment (25.0.2+10) (build 25.0.2+10-69)
# Java VM: OpenJDK 64-Bit Server VM (25.0.2+10-69, mixed mode, sharing, tiered, compressed oops, compressed class ptrs, g1 gc, bsd-amd64)
# Problematic frame:
# C  [audiosnd_9449761772220094696audio-snd.dylib+0x1548c]  Java_org_plovdev_audioengine_devices_NativeOutputAudioDevice__1open+0xbac
#
# No core dump will be written. Core dumps have been disabled. To enable core dumping, try "ulimit -c unlimited" before starting Java again
#
# If you would like to submit a bug report, please visit:
#   https://bugreport.java.com/bugreport/crash.jsp
# The crash happened outside the Java Virtual Machine in native code.
# See problematic frame for where to report the bug.
#

---------------  S U M M A R Y ------------

Command Line: --enable-native-access=ALL-UNNAMED -javaagent:/Applications/IntelliJ IDEA.app/Contents/lib/idea_rt.jar=64916 -Dfile.encoding=UTF-8 -Dsun.stdout.encoding=UTF-8 -Dsun.stderr.encoding=UTF-8 org.plovdev.audioengine.examples.PlayerExample

Host: "MacBookAir5,2" x86_64 2000 MHz, 4 cores, 8G, Darwin 19.6.0, macOS 10.15.8 (19H2036)
Time: Sat Feb 28 22:33:18 2026 MSK elapsed time: 2.466494 seconds (0d 0h 0m 2s)

---------------  T H R E A D  ---------------

Current thread (0x00007fd81301ba00):  JavaThread "main"             [_thread_in_native, id=6147, stack(0x0000700004f84000,0x0000700005084000) (1024K)]

Stack: [0x0000700004f84000,0x0000700005084000],  sp=0x0000700005083540,  free space=1021k
Native frames: (J=compiled Java code, j=interpreted, Vv=VM code, C=native code)
C  [audiosnd_9449761772220094696audio-snd.dylib+0x1548c]  Java_org_plovdev_audioengine_devices_NativeOutputAudioDevice__1open+0xbac
j  org.plovdev.audioengine.devices.NativeOutputAudioDevice._open(Lorg/plovdev/audioengine/tracks/format/TrackFormat;Lorg/plovdev/audioengine/devices/AudioDeviceInfo;)J+0
j  org.plovdev.audioengine.devices.NativeOutputAudioDevice.open(Lorg/plovdev/audioengine/tracks/format/TrackFormat;)V+77
j  org.plovdev.audioengine.tracks.NativeTrackPlayer.initPlayer()V+21
j  org.plovdev.audioengine.tracks.NativeTrackPlayer.<init>(Lorg/plovdev/audioengine/tracks/Track;Lorg/plovdev/audioengine/devices/AudioDeviceInfo;)V+125
j  org.plovdev.audioengine.NativeAudioEngine.createTrackPlayer(Lorg/plovdev/audioengine/tracks/Track;)Lorg/plovdev/audioengine/player/TrackPlayer;+23
j  org.plovdev.audioengine.examples.PlayerExample.main()V+36
v  ~StubRoutines::call_stub 0x00000001234abfa6
V  [libjvm.dylib+0x5f00fe]  JavaCalls::call_helper(JavaValue*, methodHandle const&, JavaCallArguments*, JavaThread*)+0x2de
V  [libjvm.dylib+0x666483]  jni_invoke_nonstatic(JNIEnv_*, JavaValue*, _jobject*, JNICallType, _jmethodID*, JNI_ArgumentPusher*, JavaThread*)+0x3e3
V  [libjvm.dylib+0x66b25e]  jni_CallVoidMethod+0x17e
C  [libjli.dylib+0x42e2]  invokeInstanceMainWithoutArgs+0x82
C  [libjli.dylib+0x4adb]  JavaMain+0x7db
C  [libjli.dylib+0x7879]  ThreadJavaMain+0x9
C  [libsystem_pthread.dylib+0x6109]  _pthread_start+0x94
C  [libsystem_pthread.dylib+0x1b8b]  thread_start+0xf
Java frames: (J=compiled Java code, j=interpreted, Vv=VM code)
j  org.plovdev.audioengine.devices.NativeOutputAudioDevice._open(Lorg/plovdev/audioengine/tracks/format/TrackFormat;Lorg/plovdev/audioengine/devices/AudioDeviceInfo;)J+0
j  org.plovdev.audioengine.devices.NativeOutputAudioDevice.open(Lorg/plovdev/audioengine/tracks/format/TrackFormat;)V+77
j  org.plovdev.audioengine.tracks.NativeTrackPlayer.initPlayer()V+21
j  org.plovdev.audioengine.tracks.NativeTrackPlayer.<init>(Lorg/plovdev/audioengine/tracks/Track;Lorg/plovdev/audioengine/devices/AudioDeviceInfo;)V+125
j  org.plovdev.audioengine.NativeAudioEngine.createTrackPlayer(Lorg/plovdev/audioengine/tracks/Track;)Lorg/plovdev/audioengine/player/TrackPlayer;+23
j  org.plovdev.audioengine.examples.PlayerExample.main()V+36
v  ~StubRoutines::call_stub 0x00000001234abfa6

siginfo: si_signo: 11 (SIGSEGV), si_code: 1 (SEGV_MAPERR), si_addr: 0x0000000000000000

Registers:
RAX=0x0000000000000000, RBX=0x00000001705b20c8, RCX=0x00007fd810f113f0, RDX=0x0000700005083401
RSP=0x0000700005083540, RBP=0x0000700005083820, RSI=0x00007fd810f281f8, RDI=0x00007000050837f0
R8 =0x0000700005083501, R9 =0x00000000000006a6, R10=0x0000000000000001, R11=0x00007fff69dc1530
R12=0x0000000000000000, R13=0x00000001705b20c8, R14=0x00007000050838c0, R15=0x00007fd81301ba00
RIP=0x000000012ef9648c, EFLAGS=0x0000000000010206, ERR=0x0000000000000004
  TRAPNO=0x000000000000000e


Register to memory mapping:

RAX=0x0 is null
RBX={method} {0x00000001705b20c8} '_open' '(Lorg/plovdev/audioengine/tracks/format/TrackFormat;Lorg/plovdev/audioengine/devices/AudioDeviceInfo;)J' in 'org/plovdev/audioengine/devices/NativeOutputAudioDevice'
RCX=0x00007fd810f113f0 points into unknown readable memory: 0x0000000170407378 | 78 73 40 70 01 00 00 00
RDX=0x0000700005083401 is pointing into the stack for thread: 0x00007fd81301ba00
RSP=0x0000700005083540 is pointing into the stack for thread: 0x00007fd81301ba00
RBP=0x0000700005083820 is pointing into the stack for thread: 0x00007fd81301ba00
RSI=0x00007fd810f281f8 points into unknown readable memory: 0x0000000000000000 | 00 00 00 00 00 00 00 00
RDI=0x00007000050837f0 is pointing into the stack for thread: 0x00007fd81301ba00
R8 =0x0000700005083501 is pointing into the stack for thread: 0x00007fd81301ba00
R9 =0x00000000000006a6 is an unknown value
R10=0x0000000000000001 is an unknown value
R11=0x00007fff69dc1530: _ZNSt3__15mutex4lockEv+0 in /usr/lib/libc++.1.dylib at 0x00007fff69d8b000
R12=0x0 is null
R13={method} {0x00000001705b20c8} '_open' '(Lorg/plovdev/audioengine/tracks/format/TrackFormat;Lorg/plovdev/audioengine/devices/AudioDeviceInfo;)J' in 'org/plovdev/audioengine/devices/NativeOutputAudioDevice'
R14=0x00007000050838c0 is pointing into the stack for thread: 0x00007fd81301ba00
R15=0x00007fd81301ba00 is a thread

Top of Stack: (sp=0x0000700005083540)
0x0000700005083540:   0000000000000000 0000000000000000   ................
0x0000700005083550:   00007fd810e0aad8 00007fd810e0aad8   ................
0x0000700005083560:   00007000050837f0 0000000086a750a2   .7...p...P......
0x0000700005083570:   00007000050837f0 0000000086a75090   .7...p...P......
0x0000700005083580:   0000000086a75090 00007fd810f9c2f0   .P..............
0x0000700005083590:   00007000050837f0 0000000000017700   .7...p...w......
0x00007000050835a0:   0000000000000030 00007fd810f9bb80   0...............
0x00007000050835b0:   00007fd810f9c290 0000000600000006   ................
0x00007000050835c0:   00007000050837f0 000000022f181358   .7...p..X../....
0x00007000050835d0:   00000001705b20c8 0000000110a6f560   . [p....`.......
0x00007000050835e0:   0000000286d16b80 40e7700000000000   .k...........p.@
0x00007000050835f0:   00007fd810f9bb80 00007fd810f281f8   ................
0x0000700005083600:   00007fd810e4b2c8 00007fd810f281f0   ................
0x0000700005083610:   00007fd810f281e8 00007fd810f9c248   ........H.......
0x0000700005083620:   0100000101010160 00007fd810f9c240   `.......@.......
0x0000700005083630:   00007fd81301be28 00007000050838b8   (........8...p..
0x0000700005083640:   000000012efa4167 0000001875615f00   gA......._au....
0x0000700005083650:   00007fd810f9c238 00007fd81301be28   8.......(.......
0x0000700005083660:   00007000050838b8 000000012efa415e   .8...p..^A......
0x0000700005083670:   000000021301ba00 00007fd810f9c230   ........0.......
0x0000700005083680:   00007fd81301be28 00007000050838b8   (........8...p..
0x0000700005083690:   000000012efa4155 0000bb8010567ae4   UA.......zV.....
0x00007000050836a0:   00007fd810e6ae68 00007fd81301be28   h.......(.......
0x00007000050836b0:   00007000050838b8 000000012efa4148   .8...p..HA......
0x00007000050836c0:   00007fd810f281e0 00007fd810f281d8   ................
0x00007000050836d0:   00007fd810e6ae60 00007fd81301be28   `.......(.......
0x00007000050836e0:   00007000050838b0 000000012efa41ab   .8...p...A......
0x00007000050836f0:   00007fd810f281d0 00007000050837f0   .........7...p..
0x0000700005083700:   0000000000000001 0000000000000001   ................
0x0000700005083710:   000000012efa95e8 0000008000000004   ................
0x0000700005083720:   000000012ef953f0 00007fd810f9c290   .S..............
0x0000700005083730:   0000000000000000 0000000086a75090   .........P......

Instructions: (pc=0x000000012ef9648c)
  0x000000012ef9638c:   00 00 c6 80 00 01 00 00 01 48 8d 35 4c 32 01 00
  0x000000012ef9639c:   48 8d bd f0 fe ff ff e8 58 ee ff ff e9 00 00 00
  0x000000012ef963ac:   00 48 8b 05 74 32 01 00 48 89 c1 48 ff c1 48 89
  0x000000012ef963bc:   0d 67 32 01 00 48 89 85 e8 fe ff ff 48 8d 7d d0
  0x000000012ef963cc:   e8 6f 05 00 00 48 8d 3d 28 33 01 00 48 8d b5 e8
  0x000000012ef963dc:   fe ff ff 48 89 85 40 fd ff ff e8 51 ca 00 00 48
  0x000000012ef963ec:   89 85 38 fd ff ff e9 00 00 00 00 48 8b bd 38 fd
  0x000000012ef963fc:   ff ff 48 8b b5 40 fd ff ff e8 c6 05 00 00 48 8b
  0x000000012ef9640c:   7d f0 48 8b 75 c0 48 89 85 30 fd ff ff e8 56 c8
  0x000000012ef9641c:   00 00 e9 00 00 00 00 48 8b 7d f0 48 8b 75 a8 e8
  0x000000012ef9642c:   44 c8 00 00 e9 00 00 00 00 48 8b 7d f0 48 8b 75
  0x000000012ef9643c:   a0 e8 32 c8 00 00 e9 00 00 00 00 48 8b 7d f0 48
  0x000000012ef9644c:   8b 75 80 e8 20 c8 00 00 e9 00 00 00 00 48 8b 7d
  0x000000012ef9645c:   f0 48 8b b5 78 ff ff ff e8 0b c8 00 00 e9 00 00
  0x000000012ef9646c:   00 00 48 8b 7d f0 48 8b b5 68 ff ff ff e8 f6 c7
  0x000000012ef9647c:   00 00 e9 00 00 00 00 48 8d 7d d0 e8 14 03 00 00
=>0x000000012ef9648c:   48 8b 38 31 c9 89 c8 48 89 c6 48 89 c2 89 8d 2c
  0x000000012ef9649c:   fd ff ff 44 8b 85 2c fd ff ff 49 89 c1 e8 6c c7
  0x000000012ef964ac:   00 00 e9 00 00 00 00 48 8b 85 e8 fe ff ff 48 89
  0x000000012ef964bc:   45 f8 c7 85 44 ff ff ff 01 00 00 00 48 8d bd f0
  0x000000012ef964cc:   fe ff ff e8 4c ee ff ff e9 18 00 00 00 48 89 45
  0x000000012ef964dc:   b8 89 55 b4 48 8d bd f0 fe ff ff e8 34 ee ff ff
  0x000000012ef964ec:   e9 22 00 00 00 48 8d bd 48 ff ff ff e8 09 c9 00
  0x000000012ef964fc:   00 48 8d 7d d0 e8 2a 05 00 00 48 8b 45 f8 48 81
  0x000000012ef9650c:   c4 e0 02 00 00 5d c3 48 8d bd 48 ff ff ff e8 e7
  0x000000012ef9651c:   c8 00 00 48 8d 7d d0 e8 08 05 00 00 48 8b 7d b8
  0x000000012ef9652c:   e8 07 c7 00 00 0f 0b 66 2e 0f 1f 84 00 00 00 00
  0x000000012ef9653c:   00 0f 1f 00 55 48 89 e5 48 83 ec 20 48 89 f8 48
  0x000000012ef9654c:   89 f9 48 89 4d f8 b9 08 01 00 00 48 89 7d f0 48
  0x000000012ef9655c:   89 cf 48 89 45 e8 e8 3d ca 00 00 31 f6 48 89 c1
  0x000000012ef9656c:   48 89 cf ba 08 01 00 00 48 89 45 e0 e8 75 ca 00
  0x000000012ef9657c:   00 48 8b 7d e0 e8 4a 2b 00 00 48 8b 7d f0 48 8b


Stack slot to memory mapping:

stack at sp + 0 slots: 0x0 is null
stack at sp + 1 slots: 0x0 is null
stack at sp + 2 slots: 0x00007fd810e0aad8 points into unknown readable memory: 0x00007fd810f9c290 | 90 c2 f9 10 d8 7f 00 00
stack at sp + 3 slots: 0x00007fd810e0aad8 points into unknown readable memory: 0x00007fd810f9c290 | 90 c2 f9 10 d8 7f 00 00
stack at sp + 4 slots: 0x00007000050837f0 is pointing into the stack for thread: 0x00007fd81301ba00
stack at sp + 5 slots: 0x0000000086a750a2 is an unknown value
stack at sp + 6 slots: 0x00007000050837f0 is pointing into the stack for thread: 0x00007fd81301ba00
stack at sp + 7 slots: 0x0000000086a75090 is an unknown value

Lock stack of current Java thread (top to bottom):
LockStack[0]: org.plovdev.audioengine.devices.NativeOutputAudioDevice 
{0x0000000787e4e4c0} - klass: 'org/plovdev/audioengine/devices/NativeOutputAudioDevice' - flags: 

 - ---- fields (total size 5 words):
 - private final 'info' 'Lorg/plovdev/audioengine/devices/AudioDeviceInfo;' @12  a 'org/plovdev/audioengine/devices/AudioDeviceInfo'{0x0000000787e370b8} (0xf0fc6e17)
 - private 'nativeHandle' 'J' @16  0 (0x0000000000000000)
 - private 'trackFormat' 'Lorg/plovdev/audioengine/tracks/format/TrackFormat;' @24  a 'org/plovdev/audioengine/tracks/format/TrackFormat'{0x0000000786c92118} (0xf0d92423)
 - private volatile 'status' 'Lorg/plovdev/audioengine/devices/AudioDeviceStatus;' @28  a 'org/plovdev/audioengine/devices/AudioDeviceStatus'{0x0000000787e4fc00} (0xf0fc9f80)
 - private final 'isInited' 'Ljava/util/concurrent/atomic/AtomicBoolean;' @32  a 'java/util/concurrent/atomic/AtomicBoolean'{0x0000000787e4fe40} (0xf0fc9fc8)
 - private 'onStatusChanged' 'Ljava/lang/Runnable;' @36  a 'org/plovdev/audioengine/devices/NativeOutputAudioDevice$$Lambda+0x00000001300b4450'{0x0000000787e56dd0} (0xf0fcadba)


---------------  P R O C E S S  ---------------

Threads class SMR info:
_java_thread_list=0x00007fd810c6d2f0, length=12, elements={
0x00007fd81301ba00, 0x00007fd81181e400, 0x00007fd811008200, 0x00007fd81181f600,
0x00007fd811818e00, 0x00007fd812036800, 0x00007fd81101c400, 0x00007fd811819600,
0x00007fd81181a000, 0x00007fd81101e400, 0x00007fd81101ec00, 0x00007fd81333b200
}

Java Threads: ( => current thread )
=>0x00007fd81301ba00 JavaThread "main"                              [_thread_in_native, id=6147, stack(0x0000700004f84000,0x0000700005084000) (1024K)]
  0x00007fd81181e400 JavaThread "Reference Handler"          daemon [_thread_blocked, id=23043, stack(0x00007000058a2000,0x00007000059a2000) (1024K)]
  0x00007fd811008200 JavaThread "Finalizer"                  daemon [_thread_blocked, id=23299, stack(0x00007000059a5000,0x0000700005aa5000) (1024K)]
  0x00007fd81181f600 JavaThread "Signal Dispatcher"          daemon [_thread_blocked, id=23555, stack(0x0000700005aa8000,0x0000700005ba8000) (1024K)]
  0x00007fd811818e00 JavaThread "Service Thread"             daemon [_thread_blocked, id=38659, stack(0x0000700005bab000,0x0000700005cab000) (1024K)]
  0x00007fd812036800 JavaThread "Monitor Deflation Thread"   daemon [_thread_blocked, id=38403, stack(0x0000700005cae000,0x0000700005dae000) (1024K)]
  0x00007fd81101c400 JavaThread "C2 CompilerThread0"         daemon [_thread_blocked, id=38147, stack(0x0000700005db1000,0x0000700005eb1000) (1024K)]
  0x00007fd811819600 JavaThread "C1 CompilerThread0"         daemon [_thread_blocked, id=24579, stack(0x0000700005eb4000,0x0000700005fb4000) (1024K)]
  0x00007fd81181a000 JavaThread "Common-Cleaner"             daemon [_thread_blocked, id=24835, stack(0x0000700005fb7000,0x00007000060b7000) (1024K)]
  0x00007fd81101e400 JavaThread "Monitor Ctrl-Break"         daemon [_thread_in_native, id=25091, stack(0x00007000060ba000,0x00007000061ba000) (1024K)]
  0x00007fd81101ec00 JavaThread "Notification Thread"        daemon [_thread_blocked, id=25347, stack(0x00007000061bd000,0x00007000062bd000) (1024K)]
  0x00007fd81333b200 JavaThread "Timer-0"                    daemon [_thread_blocked, id=36867, stack(0x00007000062c0000,0x00007000063c0000) (1024K)]
Total: 12

Other Threads:
  0x00007fd81303f200 VMThread "VM Thread"                           [id=15363, stack(0x0000700005699000,0x0000700005799000) (1024K)]
  0x00007fd810e0e930 WatcherThread "VM Periodic Task Thread"        [id=18439, stack(0x0000700005596000,0x0000700005696000) (1024K)]
  0x00007fd81303bc00 WorkerThread "GC Thread#0"                     [id=19715, stack(0x0000700005087000,0x0000700005187000) (1024K)]
  0x00007fd813340a00 WorkerThread "GC Thread#1"                     [id=43779, stack(0x000070000654c000,0x000070000664c000) (1024K)]
  0x00007fd813341000 WorkerThread "GC Thread#2"                     [id=87043, stack(0x000070000664f000,0x000070000674f000) (1024K)]
  0x00007fd811966a00 WorkerThread "GC Thread#3"                     [id=44291, stack(0x0000700006752000,0x0000700006852000) (1024K)]
  0x00007fd812023c00 ConcurrentGCThread "G1 Main Marker"            [id=12547, stack(0x000070000518a000,0x000070000528a000) (1024K)]
  0x00007fd812024200 WorkerThread "G1 Conc#0"                       [id=18691, stack(0x000070000528d000,0x000070000538d000) (1024K)]
  0x00007fd812030800 ConcurrentGCThread "G1 Refine#0"               [id=13315, stack(0x0000700005390000,0x0000700005490000) (1024K)]
  0x00007fd812030e00 ConcurrentGCThread "G1 Service"                [id=13827, stack(0x0000700005493000,0x0000700005593000) (1024K)]
Total: 10

Threads with active compile tasks:
Total: 0

VM state: not at safepoint (normal execution)

VM Mutex/Monitor currently owned by a thread: None

Heap address: 0x0000000780000000, size: 2048 MB, Compressed Oops mode: Zero based, Oop shift amount: 3

CDS archive(s) mapped at: [0x000000012f000000-0x000000012fd94000-0x000000012fd94000), size 14237696, SharedBaseAddress: 0x000000012f000000, ArchiveRelocationMode: 1.
Compressed class space mapped at: 0x0000000130000000-0x0000000170000000, reserved size: 1073741824
UseCompressedClassPointers 1, UseCompactObjectHeaders 0
Narrow klass pointer bits 32, Max shift 3
Narrow klass base: 0x000000012f000000, Narrow klass shift: 0
Encoding Range: [0x000000012f000000 - 0x000000022f000000), (4294967296 bytes)
Klass Range:    [0x000000012f004000 - 0x0000000170000000), (1090502656 bytes)
Klass ID Range:  [16384 - 1090519033) (1090502649)
Protection zone: [0x000000012f000000 - 0x000000012f004000), (16384 bytes)

GC Precious Log:
 CardTable entry size: 512
 Card Set container configuration: InlinePtr #cards 5 size 8 Array Of Cards #cards 10 size 36 Howl #buckets 4 coarsen threshold 1843 Howl Bitmap #cards 512 size 80 coarsen threshold 460 Card regions per heap region 1 cards per card region 2048
 CPUs: 4 total, 4 available
 Memory: 8192M
 Large Page Support: Disabled
 NUMA Support: Disabled
 Compressed Oops: Enabled (Zero based)
 Heap Region Size: 1M
 Heap Min Capacity: 8M
 Heap Initial Capacity: 128M
 Heap Max Capacity: 2G
 Pre-touch: Disabled
 Parallel Workers: 4
 Concurrent Workers: 1
 Concurrent Refinement Workers: 4
 Periodic GC: Disabled

Heap:
 garbage-first heap   total reserved 2097152K, committed 133120K, used 94419K [0x0000000780000000, 0x0000000800000000)
  region size 1024K, 5 young (5120K), 3 survivors (3072K)

Heap Regions: E=young(eden), S=young(survivor), O=old, HS=humongous(starts), HC=humongous(continues), CS=collection set, F=free, TAMS=top-at-mark-start, PB=parsable bottom
|   0|0x0000000780000000, 0x0000000780100000, 0x0000000780100000|100%|HS|  |TAMS 0x0000000780000000| PB 0x0000000780000000| Complete |  0
|   1|0x0000000780100000, 0x0000000780200000, 0x0000000780200000|100%|HC|  |TAMS 0x0000000780100000| PB 0x0000000780100000| Complete |  0
|   2|0x0000000780200000, 0x0000000780300000, 0x0000000780300000|100%|HC|  |TAMS 0x0000000780200000| PB 0x0000000780200000| Complete |  0
|   3|0x0000000780300000, 0x0000000780400000, 0x0000000780400000|100%|HC|  |TAMS 0x0000000780300000| PB 0x0000000780300000| Complete |  0
|   4|0x0000000780400000, 0x0000000780500000, 0x0000000780500000|100%|HC|  |TAMS 0x0000000780400000| PB 0x0000000780400000| Complete |  0
|   5|0x0000000780500000, 0x0000000780600000, 0x0000000780600000|100%|HC|  |TAMS 0x0000000780500000| PB 0x0000000780500000| Complete |  0
|   6|0x0000000780600000, 0x0000000780700000, 0x0000000780700000|100%|HC|  |TAMS 0x0000000780600000| PB 0x0000000780600000| Complete |  0
|   7|0x0000000780700000, 0x0000000780800000, 0x0000000780800000|100%|HC|  |TAMS 0x0000000780700000| PB 0x0000000780700000| Complete |  0
|   8|0x0000000780800000, 0x0000000780900000, 0x0000000780900000|100%|HC|  |TAMS 0x0000000780800000| PB 0x0000000780800000| Complete |  0
|   9|0x0000000780900000, 0x0000000780a00000, 0x0000000780a00000|100%|HC|  |TAMS 0x0000000780900000| PB 0x0000000780900000| Complete |  0
|  10|0x0000000780a00000, 0x0000000780b00000, 0x0000000780b00000|100%|HC|  |TAMS 0x0000000780a00000| PB 0x0000000780a00000| Complete |  0
|  11|0x0000000780b00000, 0x0000000780c00000, 0x0000000780c00000|100%|HC|  |TAMS 0x0000000780b00000| PB 0x0000000780b00000| Complete |  0
|  12|0x0000000780c00000, 0x0000000780d00000, 0x0000000780d00000|100%|HC|  |TAMS 0x0000000780c00000| PB 0x0000000780c00000| Complete |  0
|  13|0x0000000780d00000, 0x0000000780e00000, 0x0000000780e00000|100%|HC|  |TAMS 0x0000000780d00000| PB 0x0000000780d00000| Complete |  0
|  14|0x0000000780e00000, 0x0000000780f00000, 0x0000000780f00000|100%|HC|  |TAMS 0x0000000780e00000| PB 0x0000000780e00000| Complete |  0
|  15|0x0000000780f00000, 0x0000000781000000, 0x0000000781000000|100%|HC|  |TAMS 0x0000000780f00000| PB 0x0000000780f00000| Complete |  0
|  16|0x0000000781000000, 0x0000000781100000, 0x0000000781100000|100%|HC|  |TAMS 0x0000000781000000| PB 0x0000000781000000| Complete |  0
|  17|0x0000000781100000, 0x0000000781200000, 0x0000000781200000|100%|HC|  |TAMS 0x0000000781100000| PB 0x0000000781100000| Complete |  0
|  18|0x0000000781200000, 0x0000000781300000, 0x0000000781300000|100%|HC|  |TAMS 0x0000000781200000| PB 0x0000000781200000| Complete |  0
|  19|0x0000000781300000, 0x0000000781400000, 0x0000000781400000|100%|HC|  |TAMS 0x0000000781300000| PB 0x0000000781300000| Complete |  0
|  20|0x0000000781400000, 0x0000000781500000, 0x0000000781500000|100%|HC|  |TAMS 0x0000000781400000| PB 0x0000000781400000| Complete |  0
|  21|0x0000000781500000, 0x0000000781600000, 0x0000000781600000|100%|HC|  |TAMS 0x0000000781500000| PB 0x0000000781500000| Complete |  0
|  22|0x0000000781600000, 0x0000000781700000, 0x0000000781700000|100%|HC|  |TAMS 0x0000000781600000| PB 0x0000000781600000| Complete |  0
|  23|0x0000000781700000, 0x0000000781800000, 0x0000000781800000|100%|HC|  |TAMS 0x0000000781700000| PB 0x0000000781700000| Complete |  0
|  24|0x0000000781800000, 0x0000000781900000, 0x0000000781900000|100%|HC|  |TAMS 0x0000000781800000| PB 0x0000000781800000| Complete |  0
|  25|0x0000000781900000, 0x0000000781a00000, 0x0000000781a00000|100%|HC|  |TAMS 0x0000000781900000| PB 0x0000000781900000| Complete |  0
|  26|0x0000000781a00000, 0x0000000781b00000, 0x0000000781b00000|100%|HC|  |TAMS 0x0000000781a00000| PB 0x0000000781a00000| Complete |  0
|  27|0x0000000781b00000, 0x0000000781c00000, 0x0000000781c00000|100%|HC|  |TAMS 0x0000000781b00000| PB 0x0000000781b00000| Complete |  0
|  28|0x0000000781c00000, 0x0000000781d00000, 0x0000000781d00000|100%|HC|  |TAMS 0x0000000781c00000| PB 0x0000000781c00000| Complete |  0
|  29|0x0000000781d00000, 0x0000000781e00000, 0x0000000781e00000|100%|HC|  |TAMS 0x0000000781d00000| PB 0x0000000781d00000| Complete |  0
|  30|0x0000000781e00000, 0x0000000781f00000, 0x0000000781f00000|100%|HC|  |TAMS 0x0000000781e00000| PB 0x0000000781e00000| Complete |  0
|  31|0x0000000781f00000, 0x0000000782000000, 0x0000000782000000|100%|HC|  |TAMS 0x0000000781f00000| PB 0x0000000781f00000| Complete |  0
|  32|0x0000000782000000, 0x0000000782100000, 0x0000000782100000|100%|HC|  |TAMS 0x0000000782000000| PB 0x0000000782000000| Complete |  0
|  33|0x0000000782100000, 0x0000000782200000, 0x0000000782200000|100%|HC|  |TAMS 0x0000000782100000| PB 0x0000000782100000| Complete |  0
|  34|0x0000000782200000, 0x0000000782300000, 0x0000000782300000|100%|HC|  |TAMS 0x0000000782200000| PB 0x0000000782200000| Complete |  0
|  35|0x0000000782300000, 0x0000000782400000, 0x0000000782400000|100%|HC|  |TAMS 0x0000000782300000| PB 0x0000000782300000| Complete |  0
|  36|0x0000000782400000, 0x0000000782500000, 0x0000000782500000|100%|HC|  |TAMS 0x0000000782400000| PB 0x0000000782400000| Complete |  0
|  37|0x0000000782500000, 0x0000000782600000, 0x0000000782600000|100%|HC|  |TAMS 0x0000000782500000| PB 0x0000000782500000| Complete |  0
|  38|0x0000000782600000, 0x0000000782700000, 0x0000000782700000|100%|HC|  |TAMS 0x0000000782600000| PB 0x0000000782600000| Complete |  0
|  39|0x0000000782700000, 0x0000000782800000, 0x0000000782800000|100%|HC|  |TAMS 0x0000000782700000| PB 0x0000000782700000| Complete |  0
|  40|0x0000000782800000, 0x0000000782900000, 0x0000000782900000|100%|HC|  |TAMS 0x0000000782800000| PB 0x0000000782800000| Complete |  0
|  41|0x0000000782900000, 0x0000000782a00000, 0x0000000782a00000|100%|HC|  |TAMS 0x0000000782900000| PB 0x0000000782900000| Complete |  0
|  42|0x0000000782a00000, 0x0000000782b00000, 0x0000000782b00000|100%|HC|  |TAMS 0x0000000782a00000| PB 0x0000000782a00000| Complete |  0
|  43|0x0000000782b00000, 0x0000000782c00000, 0x0000000782c00000|100%|HC|  |TAMS 0x0000000782b00000| PB 0x0000000782b00000| Complete |  0
|  44|0x0000000782c00000, 0x0000000782d00000, 0x0000000782d00000|100%|HS|  |TAMS 0x0000000782c00000| PB 0x0000000782c00000| Complete |  0
|  45|0x0000000782d00000, 0x0000000782e00000, 0x0000000782e00000|100%|HC|  |TAMS 0x0000000782d00000| PB 0x0000000782d00000| Complete |  0
|  46|0x0000000782e00000, 0x0000000782f00000, 0x0000000782f00000|100%|HC|  |TAMS 0x0000000782e00000| PB 0x0000000782e00000| Complete |  0
|  47|0x0000000782f00000, 0x0000000783000000, 0x0000000783000000|100%|HC|  |TAMS 0x0000000782f00000| PB 0x0000000782f00000| Complete |  0
|  48|0x0000000783000000, 0x0000000783100000, 0x0000000783100000|100%|HC|  |TAMS 0x0000000783000000| PB 0x0000000783000000| Complete |  0
|  49|0x0000000783100000, 0x0000000783200000, 0x0000000783200000|100%|HC|  |TAMS 0x0000000783100000| PB 0x0000000783100000| Complete |  0
|  50|0x0000000783200000, 0x0000000783300000, 0x0000000783300000|100%|HC|  |TAMS 0x0000000783200000| PB 0x0000000783200000| Complete |  0
|  51|0x0000000783300000, 0x0000000783400000, 0x0000000783400000|100%|HC|  |TAMS 0x0000000783300000| PB 0x0000000783300000| Complete |  0
|  52|0x0000000783400000, 0x0000000783500000, 0x0000000783500000|100%|HC|  |TAMS 0x0000000783400000| PB 0x0000000783400000| Complete |  0
|  53|0x0000000783500000, 0x0000000783600000, 0x0000000783600000|100%|HC|  |TAMS 0x0000000783500000| PB 0x0000000783500000| Complete |  0
|  54|0x0000000783600000, 0x0000000783700000, 0x0000000783700000|100%|HC|  |TAMS 0x0000000783600000| PB 0x0000000783600000| Complete |  0
|  55|0x0000000783700000, 0x0000000783800000, 0x0000000783800000|100%|HC|  |TAMS 0x0000000783700000| PB 0x0000000783700000| Complete |  0
|  56|0x0000000783800000, 0x0000000783900000, 0x0000000783900000|100%|HC|  |TAMS 0x0000000783800000| PB 0x0000000783800000| Complete |  0
|  57|0x0000000783900000, 0x0000000783a00000, 0x0000000783a00000|100%|HC|  |TAMS 0x0000000783900000| PB 0x0000000783900000| Complete |  0
|  58|0x0000000783a00000, 0x0000000783b00000, 0x0000000783b00000|100%|HC|  |TAMS 0x0000000783a00000| PB 0x0000000783a00000| Complete |  0
|  59|0x0000000783b00000, 0x0000000783c00000, 0x0000000783c00000|100%|HC|  |TAMS 0x0000000783b00000| PB 0x0000000783b00000| Complete |  0
|  60|0x0000000783c00000, 0x0000000783d00000, 0x0000000783d00000|100%|HC|  |TAMS 0x0000000783c00000| PB 0x0000000783c00000| Complete |  0
|  61|0x0000000783d00000, 0x0000000783e00000, 0x0000000783e00000|100%|HC|  |TAMS 0x0000000783d00000| PB 0x0000000783d00000| Complete |  0
|  62|0x0000000783e00000, 0x0000000783f00000, 0x0000000783f00000|100%|HC|  |TAMS 0x0000000783e00000| PB 0x0000000783e00000| Complete |  0
|  63|0x0000000783f00000, 0x0000000784000000, 0x0000000784000000|100%|HC|  |TAMS 0x0000000783f00000| PB 0x0000000783f00000| Complete |  0
|  64|0x0000000784000000, 0x0000000784100000, 0x0000000784100000|100%|HC|  |TAMS 0x0000000784000000| PB 0x0000000784000000| Complete |  0
|  65|0x0000000784100000, 0x0000000784200000, 0x0000000784200000|100%|HC|  |TAMS 0x0000000784100000| PB 0x0000000784100000| Complete |  0
|  66|0x0000000784200000, 0x0000000784300000, 0x0000000784300000|100%|HC|  |TAMS 0x0000000784200000| PB 0x0000000784200000| Complete |  0
|  67|0x0000000784300000, 0x0000000784400000, 0x0000000784400000|100%|HC|  |TAMS 0x0000000784300000| PB 0x0000000784300000| Complete |  0
|  68|0x0000000784400000, 0x0000000784500000, 0x0000000784500000|100%|HC|  |TAMS 0x0000000784400000| PB 0x0000000784400000| Complete |  0
|  69|0x0000000784500000, 0x0000000784600000, 0x0000000784600000|100%|HC|  |TAMS 0x0000000784500000| PB 0x0000000784500000| Complete |  0
|  70|0x0000000784600000, 0x0000000784700000, 0x0000000784700000|100%|HC|  |TAMS 0x0000000784600000| PB 0x0000000784600000| Complete |  0
|  71|0x0000000784700000, 0x0000000784800000, 0x0000000784800000|100%|HC|  |TAMS 0x0000000784700000| PB 0x0000000784700000| Complete |  0
|  72|0x0000000784800000, 0x0000000784900000, 0x0000000784900000|100%|HC|  |TAMS 0x0000000784800000| PB 0x0000000784800000| Complete |  0
|  73|0x0000000784900000, 0x0000000784a00000, 0x0000000784a00000|100%|HC|  |TAMS 0x0000000784900000| PB 0x0000000784900000| Complete |  0
|  74|0x0000000784a00000, 0x0000000784b00000, 0x0000000784b00000|100%|HC|  |TAMS 0x0000000784a00000| PB 0x0000000784a00000| Complete |  0
|  75|0x0000000784b00000, 0x0000000784c00000, 0x0000000784c00000|100%|HC|  |TAMS 0x0000000784b00000| PB 0x0000000784b00000| Complete |  0
|  76|0x0000000784c00000, 0x0000000784d00000, 0x0000000784d00000|100%|HC|  |TAMS 0x0000000784c00000| PB 0x0000000784c00000| Complete |  0
|  77|0x0000000784d00000, 0x0000000784e00000, 0x0000000784e00000|100%|HC|  |TAMS 0x0000000784d00000| PB 0x0000000784d00000| Complete |  0
|  78|0x0000000784e00000, 0x0000000784f00000, 0x0000000784f00000|100%|HC|  |TAMS 0x0000000784e00000| PB 0x0000000784e00000| Complete |  0
|  79|0x0000000784f00000, 0x0000000785000000, 0x0000000785000000|100%|HC|  |TAMS 0x0000000784f00000| PB 0x0000000784f00000| Complete |  0
|  80|0x0000000785000000, 0x0000000785100000, 0x0000000785100000|100%|HC|  |TAMS 0x0000000785000000| PB 0x0000000785000000| Complete |  0
|  81|0x0000000785100000, 0x0000000785200000, 0x0000000785200000|100%|HC|  |TAMS 0x0000000785100000| PB 0x0000000785100000| Complete |  0
|  82|0x0000000785200000, 0x0000000785300000, 0x0000000785300000|100%|HC|  |TAMS 0x0000000785200000| PB 0x0000000785200000| Complete |  0
|  83|0x0000000785300000, 0x0000000785400000, 0x0000000785400000|100%|HC|  |TAMS 0x0000000785300000| PB 0x0000000785300000| Complete |  0
|  84|0x0000000785400000, 0x0000000785500000, 0x0000000785500000|100%|HC|  |TAMS 0x0000000785400000| PB 0x0000000785400000| Complete |  0
|  85|0x0000000785500000, 0x0000000785600000, 0x0000000785600000|100%|HC|  |TAMS 0x0000000785500000| PB 0x0000000785500000| Complete |  0
|  86|0x0000000785600000, 0x0000000785700000, 0x0000000785700000|100%|HC|  |TAMS 0x0000000785600000| PB 0x0000000785600000| Complete |  0
|  87|0x0000000785700000, 0x0000000785800000, 0x0000000785800000|100%|HC|  |TAMS 0x0000000785700000| PB 0x0000000785700000| Complete |  0
|  88|0x0000000785800000, 0x0000000785800000, 0x0000000785900000|  0%| F|  |TAMS 0x0000000785800000| PB 0x0000000785800000| Untracked |  0
|  89|0x0000000785900000, 0x0000000785900000, 0x0000000785a00000|  0%| F|  |TAMS 0x0000000785900000| PB 0x0000000785900000| Untracked |  0
|  90|0x0000000785a00000, 0x0000000785a00000, 0x0000000785b00000|  0%| F|  |TAMS 0x0000000785a00000| PB 0x0000000785a00000| Untracked |  0
|  91|0x0000000785b00000, 0x0000000785b00000, 0x0000000785c00000|  0%| F|  |TAMS 0x0000000785b00000| PB 0x0000000785b00000| Untracked |  0
|  92|0x0000000785c00000, 0x0000000785c00000, 0x0000000785d00000|  0%| F|  |TAMS 0x0000000785c00000| PB 0x0000000785c00000| Untracked |  0
|  93|0x0000000785d00000, 0x0000000785d00000, 0x0000000785e00000|  0%| F|  |TAMS 0x0000000785d00000| PB 0x0000000785d00000| Untracked |  0
|  94|0x0000000785e00000, 0x0000000785e00000, 0x0000000785f00000|  0%| F|  |TAMS 0x0000000785e00000| PB 0x0000000785e00000| Untracked |  0
|  95|0x0000000785f00000, 0x0000000785f00000, 0x0000000786000000|  0%| F|  |TAMS 0x0000000785f00000| PB 0x0000000785f00000| Untracked |  0
|  96|0x0000000786000000, 0x0000000786000000, 0x0000000786100000|  0%| F|  |TAMS 0x0000000786000000| PB 0x0000000786000000| Untracked |  0
|  97|0x0000000786100000, 0x0000000786100000, 0x0000000786200000|  0%| F|  |TAMS 0x0000000786100000| PB 0x0000000786100000| Untracked |  0
|  98|0x0000000786200000, 0x0000000786200000, 0x0000000786300000|  0%| F|  |TAMS 0x0000000786200000| PB 0x0000000786200000| Untracked |  0
|  99|0x0000000786300000, 0x0000000786300000, 0x0000000786400000|  0%| F|  |TAMS 0x0000000786300000| PB 0x0000000786300000| Untracked |  0
| 100|0x0000000786400000, 0x0000000786400000, 0x0000000786500000|  0%| F|  |TAMS 0x0000000786400000| PB 0x0000000786400000| Untracked |  0
| 101|0x0000000786500000, 0x0000000786500000, 0x0000000786600000|  0%| F|  |TAMS 0x0000000786500000| PB 0x0000000786500000| Untracked |  0
| 102|0x0000000786600000, 0x0000000786600000, 0x0000000786700000|  0%| F|  |TAMS 0x0000000786600000| PB 0x0000000786600000| Untracked |  0
| 103|0x0000000786700000, 0x0000000786700000, 0x0000000786800000|  0%| F|  |TAMS 0x0000000786700000| PB 0x0000000786700000| Untracked |  0
| 104|0x0000000786800000, 0x0000000786800000, 0x0000000786900000|  0%| F|  |TAMS 0x0000000786800000| PB 0x0000000786800000| Untracked |  0
| 105|0x0000000786900000, 0x0000000786900000, 0x0000000786a00000|  0%| F|  |TAMS 0x0000000786900000| PB 0x0000000786900000| Untracked |  0
| 106|0x0000000786a00000, 0x0000000786a00000, 0x0000000786b00000|  0%| F|  |TAMS 0x0000000786a00000| PB 0x0000000786a00000| Untracked |  0
| 107|0x0000000786b00000, 0x0000000786b15550, 0x0000000786c00000|  8%| S|CS|TAMS 0x0000000786b00000| PB 0x0000000786b00000| Complete |  0
| 108|0x0000000786c00000, 0x0000000786d00000, 0x0000000786d00000|100%| S|CS|TAMS 0x0000000786c00000| PB 0x0000000786c00000| Complete |  0
| 109|0x0000000786d00000, 0x0000000786e00000, 0x0000000786e00000|100%| S|CS|TAMS 0x0000000786d00000| PB 0x0000000786d00000| Complete |  0
| 110|0x0000000786e00000, 0x0000000786e00000, 0x0000000786f00000|  0%| F|  |TAMS 0x0000000786e00000| PB 0x0000000786e00000| Untracked |  0
| 111|0x0000000786f00000, 0x0000000786f00000, 0x0000000787000000|  0%| F|  |TAMS 0x0000000786f00000| PB 0x0000000786f00000| Untracked |  0
| 112|0x0000000787000000, 0x0000000787000000, 0x0000000787100000|  0%| F|  |TAMS 0x0000000787000000| PB 0x0000000787000000| Untracked |  0
| 113|0x0000000787100000, 0x0000000787100000, 0x0000000787200000|  0%| F|  |TAMS 0x0000000787100000| PB 0x0000000787100000| Untracked |  0
| 114|0x0000000787200000, 0x0000000787200000, 0x0000000787300000|  0%| F|  |TAMS 0x0000000787200000| PB 0x0000000787200000| Untracked |  0
| 115|0x0000000787300000, 0x0000000787300000, 0x0000000787400000|  0%| F|  |TAMS 0x0000000787300000| PB 0x0000000787300000| Untracked |  0
| 116|0x0000000787400000, 0x0000000787400000, 0x0000000787500000|  0%| F|  |TAMS 0x0000000787400000| PB 0x0000000787400000| Untracked |  0
| 117|0x0000000787500000, 0x0000000787500000, 0x0000000787600000|  0%| F|  |TAMS 0x0000000787500000| PB 0x0000000787500000| Untracked |  0
| 118|0x0000000787600000, 0x0000000787600000, 0x0000000787700000|  0%| F|  |TAMS 0x0000000787600000| PB 0x0000000787600000| Untracked |  0
| 119|0x0000000787700000, 0x0000000787700000, 0x0000000787800000|  0%| F|  |TAMS 0x0000000787700000| PB 0x0000000787700000| Untracked |  0
| 120|0x0000000787800000, 0x0000000787800000, 0x0000000787900000|  0%| F|  |TAMS 0x0000000787800000| PB 0x0000000787800000| Untracked |  0
| 121|0x0000000787900000, 0x0000000787900000, 0x0000000787a00000|  0%| F|  |TAMS 0x0000000787900000| PB 0x0000000787900000| Untracked |  0
| 122|0x0000000787a00000, 0x0000000787a00000, 0x0000000787b00000|  0%| F|  |TAMS 0x0000000787a00000| PB 0x0000000787a00000| Untracked |  0
| 123|0x0000000787b00000, 0x0000000787b00000, 0x0000000787c00000|  0%| F|  |TAMS 0x0000000787b00000| PB 0x0000000787b00000| Untracked |  0
| 124|0x0000000787c00000, 0x0000000787c00000, 0x0000000787d00000|  0%| F|  |TAMS 0x0000000787c00000| PB 0x0000000787c00000| Untracked |  0
| 125|0x0000000787d00000, 0x0000000787d00000, 0x0000000787e00000|  0%| F|  |TAMS 0x0000000787d00000| PB 0x0000000787d00000| Untracked |  0
| 126|0x0000000787e00000, 0x0000000787ef24d0, 0x0000000787f00000| 94%| E|  |TAMS 0x0000000787e00000| PB 0x0000000787e00000| Complete |  0
| 127|0x0000000787f00000, 0x0000000788000000, 0x0000000788000000|100%| E|CS|TAMS 0x0000000787f00000| PB 0x0000000787f00000| Complete |  0
|2046|0x00000007ffe00000, 0x00000007fff00000, 0x00000007fff00000|100%| O|  |TAMS 0x00000007ffe00000| PB 0x00000007ffe00000| Untracked |  0
|2047|0x00000007fff00000, 0x00000007fff1f8b0, 0x0000000800000000| 12%| O|  |TAMS 0x00000007fff00000| PB 0x00000007fff00000| Untracked |  0

Card table byte_map: [0x000000011155d000,0x000000011195d000] _byte_map_base: 0x000000010d95d000

Marking Bits: (CMBitMap*) 0x00007fd81200b410
 Bits: [0x000000012af74000, 0x000000012cf74000)

Polling page: 0x000000010f362000

Metaspace:
Metaspace        used 6178K, committed 6336K, reserved 1114112K
 class space     used 801K, committed 896K, reserved 1048576K

Usage:
  Non-class:      5.25 MB used.
      Class:    801.55 KB used.
       Both:      6.03 MB used.

Virtual space:
  Non-class space:       64.00 MB reserved,       5.31 MB (  8%) committed,  1 nodes.
      Class space:        1.00 GB reserved,     896.00 KB ( <1%) committed,  1 nodes.
             Both:        1.06 GB reserved,       6.19 MB ( <1%) committed. 

Chunk freelists:
   Non-Class:  10.27 MB
       Class:  15.04 MB
        Both:  25.30 MB

MaxMetaspaceSize: unlimited
CompressedClassSpaceSize: 1.00 GB
Initial GC threshold: 21.00 MB
Current GC threshold: 21.00 MB
CDS: on
 - commit_granule_bytes: 65536.
 - commit_granule_words: 8192.
 - virtual_space_node_default_size: 8388608.
 - enlarge_chunks_in_place: 1.
UseCompressedClassPointers 1, UseCompactObjectHeaders 0
Narrow klass pointer bits 32, Max shift 3
Narrow klass base: 0x000000012f000000, Narrow klass shift: 0
Encoding Range: [0x000000012f000000 - 0x000000022f000000), (4294967296 bytes)
Klass Range:    [0x000000012f004000 - 0x0000000170000000), (1090502656 bytes)
Klass ID Range:  [16384 - 1090519033) (1090502649)
Protection zone: [0x000000012f000000 - 0x000000012f004000), (16384 bytes)


Internal statistics:

num_allocs_failed_limit: 0.
num_arena_births: 84.
num_arena_deaths: 0.
num_vsnodes_births: 2.
num_vsnodes_deaths: 0.
num_space_committed: 99.
num_space_uncommitted: 0.
num_chunks_returned_to_freelist: 0.
num_chunks_taken_from_freelist: 212.
num_chunk_merges: 0.
num_chunk_splits: 130.
num_chunks_enlarged: 83.
num_inconsistent_stats: 0.

CodeHeap 'non-profiled nmethods': size=120036Kb used=352Kb max_used=352Kb free=119683Kb
 bounds [0x0000000123a3b000, 0x0000000123cab000, 0x000000012af74000]
CodeHeap 'profiled nmethods': size=120028Kb used=1840Kb max_used=1840Kb free=118187Kb
 bounds [0x000000011bf74000, 0x000000011c1e4000, 0x00000001234ab000]
CodeHeap 'non-nmethods': size=5696Kb used=1431Kb max_used=1451Kb free=4264Kb
 bounds [0x00000001234ab000, 0x000000012371b000, 0x0000000123a3b000]
CodeCache: size=245760Kb, used=3623Kb, max_used=3643Kb, free=242134Kb
 total_blobs=1771, nmethods=1272, adapters=403, full_count=0
Compilation: enabled, stopped_count=0, restarted_count=0

Compilation events (20 events):
Event: 2.435 Thread 0x00007fd811819600 nmethod 1258 0x000000011c13bb88 code [0x000000011c13bc80, 0x000000011c13c1a8]
Event: 2.435 Thread 0x00007fd811819600 1259       3       sun.invoke.util.Wrapper::isIntegral (23 bytes)
Event: 2.435 Thread 0x00007fd811819600 nmethod 1259 0x000000011c13c208 code [0x000000011c13c300, 0x000000011c13c5b0]
Event: 2.435 Thread 0x00007fd811819600 1264       3       java.lang.invoke.LambdaForm::parameter (38 bytes)
Event: 2.436 Thread 0x00007fd811819600 nmethod 1264 0x000000011c13c608 code [0x000000011c13c700, 0x000000011c13c840]
Event: 2.436 Thread 0x00007fd811819600 1265       3       java.lang.classfile.constantpool.ConstantPoolBuilder::of (8 bytes)
Event: 2.436 Thread 0x00007fd811819600 nmethod 1265 0x000000011c13c908 code [0x000000011c13ca00, 0x000000011c13cb90]
Event: 2.436 Thread 0x00007fd811819600 1266       3       java.lang.classfile.CodeBuilder::invoke (46 bytes)
Event: 2.437 Thread 0x00007fd811819600 nmethod 1266 0x000000011c13cc08 code [0x000000011c13cd00, 0x000000011c13d1f0]
Event: 2.437 Thread 0x00007fd811819600 1267       3       jdk.internal.classfile.impl.DirectCodeBuilder::invoke (43 bytes)
Event: 2.438 Thread 0x00007fd811819600 nmethod 1267 0x000000011c13d208 code [0x000000011c13d300, 0x000000011c13e790]
Event: 2.438 Thread 0x00007fd811819600 1268       3       jdk.internal.classfile.impl.StackMapGenerator$Frame::getLocalRawInternal (13 bytes)
Event: 2.439 Thread 0x00007fd811819600 nmethod 1268 0x000000011c13e808 code [0x000000011c13e900, 0x000000011c13eb08]
Event: 2.440 Thread 0x00007fd81101c400 nmethod 1231 0x0000000123a92588 code [0x0000000123a92680, 0x0000000123a92c98]
Event: 2.440 Thread 0x00007fd81101c400 1233       4       sun.util.locale.LocaleUtils::toLower (17 bytes)
Event: 2.441 Thread 0x00007fd81101c400 nmethod 1233 0x0000000123a92d08 code [0x0000000123a92e00, 0x0000000123a92e78]
Event: 2.441 Thread 0x00007fd81101c400 1271       4       java.lang.invoke.MemberName::isInvocable (8 bytes)
Event: 2.441 Thread 0x00007fd81101c400 nmethod 1271 0x0000000123a93008 code [0x0000000123a93100, 0x0000000123a93188]
Event: 2.441 Thread 0x00007fd811819600 1272       3       java.lang.invoke.InvokerBytecodeGenerator::emitImplicitConversion (166 bytes)
Event: 2.442 Thread 0x00007fd811819600 nmethod 1272 0x000000011c13eb88 code [0x000000011c13ec80, 0x000000011c140128]

GC Heap Usage History (2 events):
Event: 2.287 {heap Before GC invocations=0 (full 0):
 garbage-first heap   total reserved 2097152K, committed 133120K, used 63614K [0x0000000780000000, 0x0000000800000000)
  region size 1024K, 18 young (18432K), 0 survivors (0K)
}
Event: 2.292 {heap After GC invocations=1 (full 0):
 garbage-first heap   total reserved 2097152K, committed 133120K, used 48339K [0x0000000780000000, 0x0000000800000000)
  region size 1024K, 3 young (3072K), 3 survivors (3072K)
}

Metaspace Usage History (2 events):
Event: 2.287 {metaspace Before GC invocations=0 (full 0):
 Metaspace       used 5841K, committed 5952K, reserved 1114112K
  class space    used 773K, committed 832K, reserved 1048576K
}
Event: 2.292 {metaspace After GC invocations=1 (full 0):
 Metaspace       used 5841K, committed 5952K, reserved 1114112K
  class space    used 773K, committed 832K, reserved 1048576K
}

Dll operation events (10 events):
Event: 0.015 Loaded shared library /Users/mac/Library/Java/JavaVirtualMachines/openjdk-25-patched/Contents/Home/lib/libjava.dylib
Event: 0.225 Loaded shared library /Users/mac/Library/Java/JavaVirtualMachines/openjdk-25-patched/Contents/Home/lib/libzip.dylib
Event: 0.229 Loaded shared library /Users/mac/Library/Java/JavaVirtualMachines/openjdk-25-patched/Contents/Home/lib/libinstrument.dylib
Event: 0.240 Loaded shared library /Users/mac/Library/Java/JavaVirtualMachines/openjdk-25-patched/Contents/Home/lib/libnio.dylib
Event: 0.252 Loaded shared library /Users/mac/Library/Java/JavaVirtualMachines/openjdk-25-patched/Contents/Home/lib/libzip.dylib
Event: 0.297 Loaded shared library /Users/mac/Library/Java/JavaVirtualMachines/openjdk-25-patched/Contents/Home/lib/libnet.dylib
Event: 0.332 Loaded shared library /Users/mac/Library/Java/JavaVirtualMachines/openjdk-25-patched/Contents/Home/lib/libextnet.dylib
Event: 0.343 Loaded shared library /Users/mac/Library/Java/JavaVirtualMachines/openjdk-25-patched/Contents/Home/lib/libjimage.dylib
Event: 1.169 Loaded shared library /Users/mac/Library/Java/JavaVirtualMachines/openjdk-25-patched/Contents/Home/lib/libprefs.dylib
Event: 2.111 Loaded shared library /private/var/folders/57/xgqcb4yj1_958k83lyr82lrw0000gn/T/audiosnd_9449761772220094696audio-snd.dylib

Deoptimization events (20 events):
Event: 1.201 Thread 0x00007fd81301ba00 Uncommon trap: trap_request=0xffffff45 fr.pc=0x0000000123a69e14 relative=0x0000000000000214
Event: 1.201 Thread 0x00007fd81301ba00 Uncommon trap: reason=unstable_if action=reinterpret pc=0x0000000123a69e14 method=java.lang.String.startsWith(Ljava/lang/String;I)Z @ 1 c2
Event: 1.202 Thread 0x00007fd81301ba00 DEOPT PACKING pc=0x0000000123a69e14 sp=0x0000700005082810
Event: 1.202 Thread 0x00007fd81301ba00 DEOPT UNPACKING pc=0x0000000123536df9 sp=0x00007000050827a0 mode 2
Event: 2.341 Thread 0x00007fd81301ba00 Uncommon trap: trap_request=0xffffff45 fr.pc=0x0000000123a7eafc relative=0x000000000000007c
Event: 2.341 Thread 0x00007fd81301ba00 Uncommon trap: reason=unstable_if action=reinterpret pc=0x0000000123a7eafc method=java.lang.CharacterDataLatin1.equalsIgnoreCase(BB)Z @ 54 c2
Event: 2.341 Thread 0x00007fd81301ba00 DEOPT PACKING pc=0x0000000123a7eafc sp=0x00007000050834f0
Event: 2.341 Thread 0x00007fd81301ba00 DEOPT UNPACKING pc=0x0000000123536df9 sp=0x0000700005083490 mode 2
Event: 2.350 Thread 0x00007fd81301ba00 Uncommon trap: trap_request=0xffffff45 fr.pc=0x0000000123a85e58 relative=0x0000000000000058
Event: 2.350 Thread 0x00007fd81301ba00 Uncommon trap: reason=unstable_if action=reinterpret pc=0x0000000123a85e58 method=java.lang.ref.ReferenceQueue.poll()Ljava/lang/ref/Reference; @ 4 c2
Event: 2.350 Thread 0x00007fd81301ba00 DEOPT PACKING pc=0x0000000123a85e58 sp=0x0000700005082330
Event: 2.350 Thread 0x00007fd81301ba00 DEOPT UNPACKING pc=0x0000000123536df9 sp=0x00007000050822c8 mode 2
Event: 2.409 Thread 0x00007fd81301ba00 Uncommon trap: trap_request=0xffffff45 fr.pc=0x0000000123a842c4 relative=0x0000000000000cc4
Event: 2.409 Thread 0x00007fd81301ba00 Uncommon trap: reason=unstable_if action=reinterpret pc=0x0000000123a842c4 method=java.util.concurrent.ConcurrentHashMap.putVal(Ljava/lang/Object;Ljava/lang/Object;Z)Ljava/lang/Object; @ 231 c2
Event: 2.409 Thread 0x00007fd81301ba00 DEOPT PACKING pc=0x0000000123a842c4 sp=0x00007000050836f0
Event: 2.409 Thread 0x00007fd81301ba00 DEOPT UNPACKING pc=0x0000000123536df9 sp=0x0000700005083650 mode 2
Event: 2.413 Thread 0x00007fd81301ba00 Uncommon trap: trap_request=0xffffffc6 fr.pc=0x0000000123a7e588 relative=0x0000000000000988
Event: 2.413 Thread 0x00007fd81301ba00 Uncommon trap: reason=bimorphic_or_optimized_type_check action=maybe_recompile pc=0x0000000123a7e588 method=java.util.HashMap.putVal(ILjava/lang/Object;Ljava/lang/Object;ZZ)Ljava/lang/Object; @ 56 c2
Event: 2.413 Thread 0x00007fd81301ba00 DEOPT PACKING pc=0x0000000123a7e588 sp=0x0000700005083090
Event: 2.413 Thread 0x00007fd81301ba00 DEOPT UNPACKING pc=0x0000000123536df9 sp=0x0000700005082fb0 mode 2

Classes loaded (20 events):
Event: 2.344 Loading class sun/nio/cs/StandardCharsets$Cache
Event: 2.344 Loading class sun/nio/cs/StandardCharsets$Cache done
Event: 2.344 Loading class sun/nio/cs/UTF_16$Decoder
Event: 2.344 Loading class sun/nio/cs/UnicodeDecoder
Event: 2.344 Loading class sun/nio/cs/UnicodeDecoder done
Event: 2.344 Loading class sun/nio/cs/UTF_16$Decoder done
Event: 2.344 Loading class sun/nio/cs/ArrayDecoder
Event: 2.344 Loading class sun/nio/cs/ArrayDecoder done
Event: 2.345 Loading class java/lang/MatchException
Event: 2.345 Loading class java/lang/MatchException done
Event: 2.354 Loading class jdk/internal/module/ModulePatcher$PatchedModuleReader
Event: 2.354 Loading class jdk/internal/module/ModulePatcher$PatchedModuleReader done
Event: 2.354 Loading class sun/net/www/protocol/jrt/Handler
Event: 2.354 Loading class sun/net/www/protocol/jrt/Handler done
Event: 2.410 Loading class java/time/ZonedDateTime
Event: 2.410 Loading class java/time/chrono/ChronoZonedDateTime
Event: 2.411 Loading class java/time/chrono/ChronoZonedDateTime done
Event: 2.411 Loading class java/time/ZonedDateTime done
Event: 2.411 Loading class java/time/ZonedDateTime$1
Event: 2.411 Loading class java/time/ZonedDateTime$1 done

Classes unloaded (0 events):
No events

Classes redefined (0 events):
No events

Internal exceptions (12 events):
Event: 0.272 Thread 0x00007fd81301ba00 Exception <a 'java/lang/NoSuchMethodError'{0x0000000787d68a10}: 'void java.lang.invoke.DirectMethodHandle$Holder.invokeStatic(java.lang.Object, java.lang.Object, java.lang.Object)'> (0x0000000787d68a10) 
thrown [open/src/hotspot/share/interpreter/linkResolver.cpp, line 804]
Event: 0.286 Thread 0x00007fd81301ba00 Exception <a 'java/lang/NoSuchMethodError'{0x0000000787d9e870}: 'java.lang.Object java.lang.invoke.Invokers$Holder.invokeExact_MT(java.lang.Object, java.lang.Object, java.lang.Object, java.lang.Object, java.lang.Object)'> (0x0000000787d9e870) 
thrown [open/src/hotspot/share/interpreter/linkResolver.cpp, line 804]
Event: 0.329 Thread 0x00007fd81101e400 Exception <a 'java/lang/NoSuchMethodError'{0x0000000787c0d648}: 'java.lang.Object java.lang.invoke.DirectMethodHandle$Holder.invokeStaticInit(java.lang.Object)'> (0x0000000787c0d648) 
thrown [open/src/hotspot/share/interpreter/linkResolver.cpp, line 804]
Event: 0.352 Thread 0x00007fd81101e400 Exception <a 'java/lang/NoSuchMethodError'{0x0000000787c18450}: 'void java.lang.invoke.DirectMethodHandle$Holder.invokeStatic(java.lang.Object, java.lang.Object)'> (0x0000000787c18450) 
thrown [open/src/hotspot/share/interpreter/linkResolver.cpp, line 804]
Event: 0.509 Thread 0x00007fd81301ba00 Exception <a 'java/lang/NoSuchMethodError'{0x0000000787a0f5c0}: 'java.lang.Object java.lang.invoke.DirectMethodHandle$Holder.invokeInterface(java.lang.Object, java.lang.Object)'> (0x0000000787a0f5c0) 
thrown [open/src/hotspot/share/interpreter/linkResolver.cpp, line 804]
Event: 0.688 Thread 0x00007fd81301ba00 Exception <a 'java/lang/NoSuchMethodError'{0x0000000787876670}: 'void java.lang.invoke.DirectMethodHandle$Holder.invokeSpecialIFC(java.lang.Object, java.lang.Object, java.lang.Object, java.lang.Object, java.lang.Object)'> (0x0000000787876670) 
thrown [open/src/hotspot/share/interpreter/linkResolver.cpp, line 804]
Event: 0.693 Thread 0x00007fd81301ba00 Exception <a 'java/lang/NoSuchMethodError'{0x00000007878878f8}: 'void java.lang.invoke.DirectMethodHandle$Holder.invokeStatic(java.lang.Object, java.lang.Object, java.lang.Object, java.lang.Object)'> (0x00000007878878f8) 
thrown [open/src/hotspot/share/interpreter/linkResolver.cpp, line 804]
Event: 0.732 Thread 0x00007fd81301ba00 Exception <a 'java/lang/NoSuchMethodError'{0x00000007877872d8}: 'java.lang.Object java.lang.invoke.DirectMethodHandle$Holder.invokeStaticInit(java.lang.Object, java.lang.Object, java.lang.Object)'> (0x00000007877872d8) 
thrown [open/src/hotspot/share/interpreter/linkResolver.cpp, line 804]
Event: 0.815 Thread 0x00007fd81301ba00 Exception <a 'java/lang/NoSuchMethodError'{0x000000078751e188}: 'void java.lang.invoke.DirectMethodHandle$Holder.invokeSpecial(java.lang.Object, java.lang.Object, java.lang.Object)'> (0x000000078751e188) 
thrown [open/src/hotspot/share/interpreter/linkResolver.cpp, line 804]
Event: 0.874 Thread 0x00007fd81301ba00 Exception <a 'java/lang/NoSuchMethodError'{0x00000007874805b0}: 'int java.lang.invoke.DirectMethodHandle$Holder.invokeVirtual(java.lang.Object, java.lang.Object, java.lang.Object, java.lang.Object)'> (0x00000007874805b0) 
thrown [open/src/hotspot/share/interpreter/linkResolver.cpp, line 804]
Event: 1.146 Thread 0x00007fd81301ba00 Exception <a 'java/lang/NoSuchMethodError'{0x00000007870f09a8}: 'java.lang.Object java.lang.invoke.DelegatingMethodHandle$Holder.reinvoke_L(java.lang.Object, java.lang.Object, java.lang.Object, long, java.lang.Object)'> (0x00000007870f09a8) 
thrown [open/src/hotspot/share/interpreter/linkResolver.cpp, line 804]
Event: 1.150 Thread 0x00007fd81301ba00 Exception <a 'java/lang/NoSuchMethodError'{0x0000000786f01270}: 'java.lang.Object java.lang.invoke.Invokers$Holder.linkToTargetMethod(java.lang.Object, long, java.lang.Object, java.lang.Object)'> (0x0000000786f01270) 
thrown [open/src/hotspot/share/interpreter/linkResolver.cpp, line 804]

VM Operations (14 events):
Event: 0.162 Executing non-safepoint VM operation: HandshakeAllThreads (Deoptimize)
Event: 0.162 Executing non-safepoint VM operation: HandshakeAllThreads (Deoptimize) done
Event: 0.822 Executing non-safepoint VM operation: HandshakeAllThreads (Deoptimize)
Event: 0.822 Executing non-safepoint VM operation: HandshakeAllThreads (Deoptimize) done
Event: 1.071 Executing non-safepoint VM operation: HandshakeAllThreads (Deoptimize)
Event: 1.071 Executing non-safepoint VM operation: HandshakeAllThreads (Deoptimize) done
Event: 1.078 Executing non-safepoint VM operation: HandshakeAllThreads (Deoptimize)
Event: 1.078 Executing non-safepoint VM operation: HandshakeAllThreads (Deoptimize) done
Event: 1.078 Executing non-safepoint VM operation: HandshakeAllThreads (Deoptimize)
Event: 1.078 Executing non-safepoint VM operation: HandshakeAllThreads (Deoptimize) done
Event: 1.164 Executing non-safepoint VM operation: HandshakeAllThreads (Deoptimize)
Event: 1.165 Executing non-safepoint VM operation: HandshakeAllThreads (Deoptimize) done
Event: 2.287 Executing safepoint VM operation: G1TryInitiateConcMark (G1 Humongous Allocation)
Event: 2.293 Executing safepoint VM operation: G1TryInitiateConcMark (G1 Humongous Allocation) done

Memory protections (13 events):
Event: 0.014 Protecting memory [0x0000700004f84000,0x0000700004f88000] with protection modes 0
Event: 0.027 Protecting memory [0x000000012f000000,0x000000012f004000] with protection modes 0
Event: 0.064 Protecting memory [0x00007000058a2000,0x00007000058a6000] with protection modes 0
Event: 0.065 Protecting memory [0x00007000059a5000,0x00007000059a9000] with protection modes 0
Event: 0.065 Protecting memory [0x0000700005aa8000,0x0000700005aac000] with protection modes 0
Event: 0.065 Protecting memory [0x0000700005bab000,0x0000700005baf000] with protection modes 0
Event: 0.066 Protecting memory [0x0000700005cae000,0x0000700005cb2000] with protection modes 0
Event: 0.066 Protecting memory [0x0000700005db1000,0x0000700005db5000] with protection modes 0
Event: 0.077 Protecting memory [0x0000700005eb4000,0x0000700005eb8000] with protection modes 0
Event: 0.236 Protecting memory [0x0000700005fb7000,0x0000700005fbb000] with protection modes 0
Event: 0.293 Protecting memory [0x00007000060ba000,0x00007000060be000] with protection modes 0
Event: 0.294 Protecting memory [0x00007000061bd000,0x00007000061c1000] with protection modes 0
Event: 1.173 Protecting memory [0x00007000062c0000,0x00007000062c4000] with protection modes 0

Nmethod flushes (0 events):
No events

Events (12 events):
Event: 0.029 Thread 0x00007fd81301ba00 Thread added: 0x00007fd81301ba00
Event: 0.064 Thread 0x00007fd81301ba00 Thread added: 0x00007fd81181e400
Event: 0.065 Thread 0x00007fd81301ba00 Thread added: 0x00007fd811008200
Event: 0.065 Thread 0x00007fd81301ba00 Thread added: 0x00007fd81181f600
Event: 0.065 Thread 0x00007fd81301ba00 Thread added: 0x00007fd811818e00
Event: 0.066 Thread 0x00007fd81301ba00 Thread added: 0x00007fd812036800
Event: 0.066 Thread 0x00007fd81301ba00 Thread added: 0x00007fd81101c400
Event: 0.077 Thread 0x00007fd81301ba00 Thread added: 0x00007fd811819600
Event: 0.236 Thread 0x00007fd81301ba00 Thread added: 0x00007fd81181a000
Event: 0.293 Thread 0x00007fd81301ba00 Thread added: 0x00007fd81101e400
Event: 0.294 Thread 0x00007fd81301ba00 Thread added: 0x00007fd81101ec00
Event: 1.173 Thread 0x00007fd81301ba00 Thread added: 0x00007fd81333b200


Dynamic libraries:
0x000000010f332000 	/Users/mac/Library/Java/JavaVirtualMachines/openjdk-25-patched/Contents/Home/lib/libjli.dylib
0x00007fff69a0f000 	/usr/lib/libSystem.B.dylib
0x00007fff6bfdb000 	/usr/lib/libz.1.dylib
0x00007fff30f49000 	/System/Library/Frameworks/ApplicationServices.framework/Versions/A/ApplicationServices
0x00007fff31fe3000 	/System/Library/Frameworks/Cocoa.framework/Versions/A/Cocoa
0x00007fff3f64a000 	/System/Library/Frameworks/Security.framework/Versions/A/Security
0x00007fff32e96000 	/System/Library/Frameworks/CoreFoundation.framework/Versions/A/CoreFoundation
0x00007fff3557b000 	/System/Library/Frameworks/Foundation.framework/Versions/C/Foundation
0x00007fff6b908000 	/usr/lib/libobjc.A.dylib
0x00007fff6c89c000 	/usr/lib/system/libcache.dylib
0x00007fff6c8a2000 	/usr/lib/system/libcommonCrypto.dylib
0x00007fff6c8ae000 	/usr/lib/system/libcompiler_rt.dylib
0x00007fff6c8b6000 	/usr/lib/system/libcopyfile.dylib
0x00007fff6c8c0000 	/usr/lib/system/libcorecrypto.dylib
0x00007fff6ca5f000 	/usr/lib/system/libdispatch.dylib
0x00007fff6caa0000 	/usr/lib/system/libdyld.dylib
0x00007fff6cad7000 	/usr/lib/system/libkeymgr.dylib
0x00007fff6cae5000 	/usr/lib/system/liblaunch.dylib
0x00007fff6cae6000 	/usr/lib/system/libmacho.dylib
0x00007fff6caec000 	/usr/lib/system/libquarantine.dylib
0x00007fff6caef000 	/usr/lib/system/libremovefile.dylib
0x00007fff6caf1000 	/usr/lib/system/libsystem_asl.dylib
0x00007fff6cb09000 	/usr/lib/system/libsystem_blocks.dylib
0x00007fff6cb0a000 	/usr/lib/system/libsystem_c.dylib
0x00007fff6cb92000 	/usr/lib/system/libsystem_configuration.dylib
0x00007fff6cb96000 	/usr/lib/system/libsystem_coreservices.dylib
0x00007fff6cb9a000 	/usr/lib/system/libsystem_darwin.dylib
0x00007fff6cba3000 	/usr/lib/system/libsystem_dnssd.dylib
0x00007fff6cbab000 	/usr/lib/system/libsystem_featureflags.dylib
0x00007fff6cbad000 	/usr/lib/system/libsystem_info.dylib
0x00007fff6cc28000 	/usr/lib/system/libsystem_m.dylib
0x00007fff6cc74000 	/usr/lib/system/libsystem_malloc.dylib
0x00007fff6cc9c000 	/usr/lib/system/libsystem_networkextension.dylib
0x00007fff6ccaa000 	/usr/lib/system/libsystem_notify.dylib
0x00007fff6ccc8000 	/usr/lib/system/libsystem_sandbox.dylib
0x00007fff6cccd000 	/usr/lib/system/libsystem_secinit.dylib
0x00007fff6cbfb000 	/usr/lib/system/libsystem_kernel.dylib
0x00007fff6ccb4000 	/usr/lib/system/libsystem_platform.dylib
0x00007fff6ccbd000 	/usr/lib/system/libsystem_pthread.dylib
0x00007fff6ccd0000 	/usr/lib/system/libsystem_symptoms.dylib
0x00007fff6ccd8000 	/usr/lib/system/libsystem_trace.dylib
0x00007fff6ccf0000 	/usr/lib/system/libunwind.dylib
0x00007fff6ccf6000 	/usr/lib/system/libxpc.dylib
0x00007fff69dde000 	/usr/lib/libc++abi.dylib
0x00007fff69d8b000 	/usr/lib/libc++.1.dylib
0x00007fff33318000 	/System/Library/Frameworks/CoreGraphics.framework/Versions/A/CoreGraphics
0x00007fff34d17000 	/System/Library/Frameworks/CoreText.framework/Versions/A/CoreText
0x00007fff35dea000 	/System/Library/Frameworks/ImageIO.framework/Versions/A/ImageIO
0x00007fff31ff1000 	/System/Library/Frameworks/ColorSync.framework/Versions/A/ColorSync
0x00007fff30f4a000 	/System/Library/Frameworks/ApplicationServices.framework/Versions/A/Frameworks/ATS.framework/Versions/A/ATS
0x00007fff31117000 	/System/Library/Frameworks/ApplicationServices.framework/Versions/A/Frameworks/ColorSyncLegacy.framework/Versions/A/ColorSyncLegacy
0x00007fff342a3000 	/System/Library/Frameworks/CoreServices.framework/Versions/A/CoreServices
0x00007fff311b5000 	/System/Library/Frameworks/ApplicationServices.framework/Versions/A/Frameworks/HIServices.framework/Versions/A/HIServices
0x00007fff3120d000 	/System/Library/Frameworks/ApplicationServices.framework/Versions/A/Frameworks/LangAnalysis.framework/Versions/A/LangAnalysis
0x00007fff3121c000 	/System/Library/Frameworks/ApplicationServices.framework/Versions/A/Frameworks/PrintCore.framework/Versions/A/PrintCore
0x00007fff31262000 	/System/Library/Frameworks/ApplicationServices.framework/Versions/A/Frameworks/QD.framework/Versions/A/QD
0x00007fff3126d000 	/System/Library/Frameworks/ApplicationServices.framework/Versions/A/Frameworks/SpeechSynthesis.framework/Versions/A/SpeechSynthesis
0x00007fff61e5a000 	/System/Library/PrivateFrameworks/SkyLight.framework/Versions/A/SkyLight
0x00007fff4f2e7000 	/System/Library/PrivateFrameworks/FontServices.framework/libFontParser.dylib
0x00007fff2eaaa000 	/System/Library/Frameworks/Accelerate.framework/Versions/A/Accelerate
0x00007fff35d5a000 	/System/Library/Frameworks/IOSurface.framework/Versions/A/IOSurface
0x00007fff6becc000 	/usr/lib/libxml2.2.dylib
0x00007fff316f5000 	/System/Library/Frameworks/CFNetwork.framework/Versions/A/CFNetwork
0x00007fff6594e000 	/System/Library/PrivateFrameworks/WatchdogClient.framework/Versions/A/WatchdogClient
0x00007fff69e07000 	/usr/lib/libcompression.dylib
0x00007fff69539000 	/usr/lib/libDiagnosticMessagesClient.dylib
0x00007fff406fd000 	/System/Library/Frameworks/SystemConfiguration.framework/Versions/A/SystemConfiguration
0x00007fff32d63000 	/System/Library/Frameworks/CoreDisplay.framework/Versions/A/CoreDisplay
0x00007fff578d3000 	/System/Library/PrivateFrameworks/IOAccelerator.framework/Versions/A/IOAccelerator
0x00007fff35cb4000 	/System/Library/Frameworks/IOKit.framework/Versions/A/IOKit
0x00007fff3843a000 	/System/Library/Frameworks/Metal.framework/Versions/A/Metal
0x00007fff387d5000 	/System/Library/Frameworks/MetalPerformanceShaders.framework/Versions/A/MetalPerformanceShaders
0x00007fff59cd7000 	/System/Library/PrivateFrameworks/MultitouchSupport.framework/Versions/A/MultitouchSupport
0x00007fff3e843000 	/System/Library/Frameworks/QuartzCore.framework/Versions/A/QuartzCore
0x00007fff69d6d000 	/usr/lib/libbsm.0.dylib
0x00007fff6abe5000 	/usr/lib/liblzma.5.dylib
0x00007fff69ca7000 	/usr/lib/libauto.dylib
0x00007fff6a860000 	/usr/lib/libfakelink.dylib
0x00007fff35239000 	/System/Library/Frameworks/DiskArbitration.framework/Versions/A/DiskArbitration
0x00007fff69b01000 	/usr/lib/libarchive.2.dylib
0x00007fff6a972000 	/usr/lib/libicucore.A.dylib
0x00007fff6abe3000 	/usr/lib/liblangid.dylib
0x00007fff6946c000 	/usr/lib/libCRFSuite.dylib
0x00007fff6a837000 	/usr/lib/libenergytrace.dylib
0x00007fff6cad8000 	/usr/lib/system/libkxld.dylib
0x00007fff464b7000 	/System/Library/PrivateFrameworks/AppleFSCompression.framework/Versions/A/AppleFSCompression
0x00007fff6a0f9000 	/usr/lib/libcoretls.dylib
0x00007fff6a110000 	/usr/lib/libcoretls_cfhelpers.dylib
0x00007fff6b94d000 	/usr/lib/libpam.2.dylib
0x00007fff6ba82000 	/usr/lib/libsqlite3.dylib
0x00007fff6beb9000 	/usr/lib/libxar.1.dylib
0x00007fff69d7e000 	/usr/lib/libbz2.1.0.dylib
0x00007fff6a881000 	/usr/lib/libiconv.2.dylib
0x00007fff69df4000 	/usr/lib/libcharset.1.dylib
0x00007fff6b3eb000 	/usr/lib/libnetwork.dylib
0x00007fff6b954000 	/usr/lib/libpcap.A.dylib
0x00007fff69ab6000 	/usr/lib/libapple_nghttp2.dylib
0x00007fff3465a000 	/System/Library/Frameworks/CoreServices.framework/Versions/A/Frameworks/FSEvents.framework/Versions/A/FSEvents
0x00007fff3432a000 	/System/Library/Frameworks/CoreServices.framework/Versions/A/Frameworks/CarbonCore.framework/Versions/A/CarbonCore
0x00007fff3489f000 	/System/Library/Frameworks/CoreServices.framework/Versions/A/Frameworks/Metadata.framework/Versions/A/Metadata
0x00007fff34938000 	/System/Library/Frameworks/CoreServices.framework/Versions/A/Frameworks/OSServices.framework/Versions/A/OSServices
0x00007fff34966000 	/System/Library/Frameworks/CoreServices.framework/Versions/A/Frameworks/SearchKit.framework/Versions/A/SearchKit
0x00007fff342a4000 	/System/Library/Frameworks/CoreServices.framework/Versions/A/Frameworks/AE.framework/Versions/A/AE
0x00007fff34663000 	/System/Library/Frameworks/CoreServices.framework/Versions/A/Frameworks/LaunchServices.framework/Versions/A/LaunchServices
0x00007fff3460c000 	/System/Library/Frameworks/CoreServices.framework/Versions/A/Frameworks/DictionaryServices.framework/Versions/A/DictionaryServices
0x00007fff349ce000 	/System/Library/Frameworks/CoreServices.framework/Versions/A/Frameworks/SharedFileList.framework/Versions/A/SharedFileList
0x00007fff39695000 	/System/Library/Frameworks/NetFS.framework/Versions/A/NetFS
0x00007fff5a207000 	/System/Library/PrivateFrameworks/NetAuth.framework/Versions/A/NetAuth
0x00007fff6694c000 	/System/Library/PrivateFrameworks/login.framework/Versions/A/Frameworks/loginsupport.framework/Versions/A/loginsupport
0x00007fff6349f000 	/System/Library/PrivateFrameworks/TCC.framework/Versions/A/TCC
0x00007fff4b0ed000 	/System/Library/PrivateFrameworks/CoreNLP.framework/Versions/A/CoreNLP
0x00007fff59704000 	/System/Library/PrivateFrameworks/MetadataUtilities.framework/Versions/A/MetadataUtilities
0x00007fff6acbd000 	/usr/lib/libmecabra.dylib
0x00007fff6ac15000 	/usr/lib/libmecab.dylib
0x00007fff6a871000 	/usr/lib/libgermantok.dylib
0x00007fff69a9d000 	/usr/lib/libThaiTokenizer.dylib
0x00007fff694a3000 	/usr/lib/libChineseTokenizer.dylib
0x00007fff2eac3000 	/System/Library/Frameworks/Accelerate.framework/Versions/A/Frameworks/vImage.framework/Versions/A/vImage
0x00007fff2ff91000 	/System/Library/Frameworks/Accelerate.framework/Versions/A/Frameworks/vecLib.framework/Versions/A/vecLib
0x00007fff2fe12000 	/System/Library/Frameworks/Accelerate.framework/Versions/A/Frameworks/vecLib.framework/Versions/A/libvMisc.dylib
0x00007fff2fc7f000 	/System/Library/Frameworks/Accelerate.framework/Versions/A/Frameworks/vecLib.framework/Versions/A/libvDSP.dylib
0x00007fff2f35f000 	/System/Library/Frameworks/Accelerate.framework/Versions/A/Frameworks/vecLib.framework/Versions/A/libBLAS.dylib
0x00007fff2f837000 	/System/Library/Frameworks/Accelerate.framework/Versions/A/Frameworks/vecLib.framework/Versions/A/libLAPACK.dylib
0x00007fff2fbdf000 	/System/Library/Frameworks/Accelerate.framework/Versions/A/Frameworks/vecLib.framework/Versions/A/libLinearAlgebra.dylib
0x00007fff2fc6c000 	/System/Library/Frameworks/Accelerate.framework/Versions/A/Frameworks/vecLib.framework/Versions/A/libSparseBLAS.dylib
0x00007fff2fbf5000 	/System/Library/Frameworks/Accelerate.framework/Versions/A/Frameworks/vecLib.framework/Versions/A/libQuadrature.dylib
0x00007fff2f4f5000 	/System/Library/Frameworks/Accelerate.framework/Versions/A/Frameworks/vecLib.framework/Versions/A/libBNNS.dylib
0x00007fff2fbfb000 	/System/Library/Frameworks/Accelerate.framework/Versions/A/Frameworks/vecLib.framework/Versions/A/libSparse.dylib
0x00007fff58278000 	/System/Library/PrivateFrameworks/LanguageModeling.framework/Versions/A/LanguageModeling
0x00007fff4aa9c000 	/System/Library/PrivateFrameworks/CoreEmoji.framework/Versions/A/CoreEmoji
0x00007fff58396000 	/System/Library/PrivateFrameworks/LinguisticData.framework/Versions/A/LinguisticData
0x00007fff58347000 	/System/Library/PrivateFrameworks/Lexicon.framework/Versions/A/Lexicon
0x00007fff69df5000 	/usr/lib/libcmph.dylib
0x00007fff3c284000 	/System/Library/Frameworks/OpenDirectory.framework/Versions/A/Frameworks/CFOpenDirectory.framework/Versions/A/CFOpenDirectory
0x00007fff3c2a1000 	/System/Library/Frameworks/OpenDirectory.framework/Versions/A/OpenDirectory
0x00007fff446e7000 	/System/Library/PrivateFrameworks/APFS.framework/Versions/A/APFS
0x00007fff3f996000 	/System/Library/Frameworks/SecurityFoundation.framework/Versions/A/SecurityFoundation
0x00007fff6beb5000 	/usr/lib/libutil.dylib
0x00007fff4bfe8000 	/System/Library/PrivateFrameworks/CoreServicesStore.framework/Versions/A/CoreServicesStore
0x00007fff3fa4d000 	/System/Library/Frameworks/ServiceManagement.framework/Versions/A/ServiceManagement
0x00007fff47c89000 	/System/Library/PrivateFrameworks/BackgroundTaskManagement.framework/Versions/A/BackgroundTaskManagement
0x00007fff6bfb2000 	/usr/lib/libxslt.1.dylib
0x00007fff54063000 	/System/Library/PrivateFrameworks/GPUWrangler.framework/Versions/A/GPUWrangler
0x00007fff578e8000 	/System/Library/PrivateFrameworks/IOPresentment.framework/Versions/A/IOPresentment
0x00007fff4cb68000 	/System/Library/PrivateFrameworks/DSExternalDisplay.framework/Versions/A/DSExternalDisplay
0x00007fff3cc15000 	/System/Library/Frameworks/OpenGL.framework/Versions/A/Libraries/libCoreFSCache.dylib
0x00007fff38521000 	/System/Library/Frameworks/MetalPerformanceShaders.framework/Frameworks/MPSCore.framework/Versions/A/MPSCore
0x00007fff3855f000 	/System/Library/Frameworks/MetalPerformanceShaders.framework/Frameworks/MPSImage.framework/Versions/A/MPSImage
0x00007fff38626000 	/System/Library/Frameworks/MetalPerformanceShaders.framework/Frameworks/MPSNeuralNetwork.framework/Versions/A/MPSNeuralNetwork
0x00007fff385ea000 	/System/Library/Frameworks/MetalPerformanceShaders.framework/Frameworks/MPSMatrix.framework/Versions/A/MPSMatrix
0x00007fff38785000 	/System/Library/Frameworks/MetalPerformanceShaders.framework/Frameworks/MPSRayIntersector.framework/Versions/A/MPSRayIntersector
0x00007fff38610000 	/System/Library/Frameworks/MetalPerformanceShaders.framework/Frameworks/MPSNDArray.framework/Versions/A/MPSNDArray
0x00007fff59751000 	/System/Library/PrivateFrameworks/MetalTools.framework/Versions/A/MetalTools
0x00007fff458c1000 	/System/Library/PrivateFrameworks/AggregateDictionary.framework/Versions/A/AggregateDictionary
0x00007fff4a4e3000 	/System/Library/PrivateFrameworks/CoreAnalytics.framework/Versions/A/CoreAnalytics
0x00007fff46a49000 	/System/Library/PrivateFrameworks/AppleSauce.framework/Versions/A/AppleSauce
0x00007fff6987d000 	/usr/lib/libMobileGestalt.dylib
0x00007fff46b2b000 	/System/Library/PrivateFrameworks/AppleSystemInfo.framework/Versions/A/AppleSystemInfo
0x00007fff6975f000 	/usr/lib/libIOReport.dylib
0x00007fff339be000 	/System/Library/Frameworks/CoreImage.framework/Versions/A/CoreImage
0x00007fff34ed0000 	/System/Library/Frameworks/CoreVideo.framework/Versions/A/CoreVideo
0x00007fff3d876000 	/System/Library/Frameworks/OpenGL.framework/Versions/A/OpenGL
0x00007fff554dc000 	/System/Library/PrivateFrameworks/GraphVisualizer.framework/Versions/A/GraphVisualizer
0x00007fff4e82d000 	/System/Library/PrivateFrameworks/FaceCore.framework/Versions/A/FaceCore
0x00007fff3c22b000 	/System/Library/Frameworks/OpenCL.framework/Versions/A/OpenCL
0x00007fff69581000 	/usr/lib/libFosl_dynamic.dylib
0x00007fff5ac29000 	/System/Library/PrivateFrameworks/OTSVG.framework/Versions/A/OTSVG
0x00007fff3104e000 	/System/Library/Frameworks/ApplicationServices.framework/Versions/A/Frameworks/ATS.framework/Versions/A/Resources/libFontRegistry.dylib
0x00007fff69b74000 	/usr/lib/libate.dylib
0x00007fff36009000 	/System/Library/Frameworks/ImageIO.framework/Versions/A/Resources/libJPEG.dylib
0x00007fff362c8000 	/System/Library/Frameworks/ImageIO.framework/Versions/A/Resources/libTIFF.dylib
0x00007fff362ab000 	/System/Library/Frameworks/ImageIO.framework/Versions/A/Resources/libPng.dylib
0x00007fff35f4b000 	/System/Library/Frameworks/ImageIO.framework/Versions/A/Resources/libGIF.dylib
0x00007fff35f4f000 	/System/Library/Frameworks/ImageIO.framework/Versions/A/Resources/libJP2.dylib
0x00007fff362c6000 	/System/Library/Frameworks/ImageIO.framework/Versions/A/Resources/libRadiance.dylib
0x00007fff6a838000 	/usr/lib/libexpat.1.dylib
0x00007fff46612000 	/System/Library/PrivateFrameworks/AppleJPEG.framework/Versions/A/AppleJPEG
0x00007fff4f4b7000 	/System/Library/PrivateFrameworks/FontServices.framework/libhvf.dylib
0x00007fff3cc20000 	/System/Library/Frameworks/OpenGL.framework/Versions/A/Libraries/libGFXShared.dylib
0x00007fff3cdfe000 	/System/Library/Frameworks/OpenGL.framework/Versions/A/Libraries/libGLU.dylib
0x00007fff3cc29000 	/System/Library/Frameworks/OpenGL.framework/Versions/A/Libraries/libGL.dylib
0x00007fff3cc34000 	/System/Library/Frameworks/OpenGL.framework/Versions/A/Libraries/libGLImage.dylib
0x00007fff3cc12000 	/System/Library/Frameworks/OpenGL.framework/Versions/A/Libraries/libCVMSPluginSupport.dylib
0x00007fff3cc1b000 	/System/Library/Frameworks/OpenGL.framework/Versions/A/Libraries/libCoreVMClient.dylib
0x00007fff6b28c000 	/usr/lib/libncurses.5.4.dylib
0x00007fff310e7000 	/System/Library/Frameworks/ApplicationServices.framework/Versions/A/Frameworks/ATSUI.framework/Versions/A/ATSUI
0x00007fff6a6ce000 	/usr/lib/libcups.2.dylib
0x00007fff37870000 	/System/Library/Frameworks/Kerberos.framework/Versions/A/Kerberos
0x00007fff359ad000 	/System/Library/Frameworks/GSS.framework/Versions/A/GSS
0x00007fff6ba0e000 	/usr/lib/libresolv.9.dylib
0x00007fff55689000 	/System/Library/PrivateFrameworks/Heimdal.framework/Versions/A/Heimdal
0x00007fff37883000 	/System/Library/Frameworks/Kerberos.framework/Versions/A/Libraries/libHeimdalProxy.dylib
0x00007fff6a877000 	/usr/lib/libheimdal-asn1.dylib
0x00007fff4997b000 	/System/Library/PrivateFrameworks/CommonAuth.framework/Versions/A/CommonAuth
0x00007fff323d2000 	/System/Library/Frameworks/CoreAudio.framework/Versions/A/CoreAudio
0x00007fff3127b000 	/System/Library/Frameworks/AudioToolbox.framework/Versions/A/AudioToolbox
0x00007fff46bc8000 	/System/Library/PrivateFrameworks/AssertionServices.framework/Versions/A/AssertionServices
0x00007fff4776b000 	/System/Library/PrivateFrameworks/AudioToolboxCore.framework/Versions/A/AudioToolboxCore
0x00007fff665fc000 	/System/Library/PrivateFrameworks/caulk.framework/Versions/A/caulk
0x00007fff47d35000 	/System/Library/PrivateFrameworks/BaseBoard.framework/Versions/A/BaseBoard
0x00007fff5ee8c000 	/System/Library/PrivateFrameworks/RunningBoardServices.framework/Versions/A/RunningBoardServices
0x00007fff5be9d000 	/System/Library/PrivateFrameworks/PersistentConnection.framework/Versions/A/PersistentConnection
0x00007fff5e885000 	/System/Library/PrivateFrameworks/ProtocolBuffer.framework/Versions/A/ProtocolBuffer
0x00007fff4999f000 	/System/Library/PrivateFrameworks/CommonUtilities.framework/Versions/A/CommonUtilities
0x00007fff47ec3000 	/System/Library/PrivateFrameworks/Bom.framework/Versions/A/Bom
0x00007fff69432000 	/usr/lib/libAudioToolboxUtility.dylib
0x00007fff3013b000 	/System/Library/Frameworks/AppKit.framework/Versions/C/AppKit
0x00007fff32967000 	/System/Library/Frameworks/CoreData.framework/Versions/A/CoreData
0x00007fff63c6a000 	/System/Library/PrivateFrameworks/UIFoundation.framework/Versions/A/UIFoundation
0x00007fff5ecfe000 	/System/Library/PrivateFrameworks/RemoteViewServices.framework/Versions/A/RemoteViewServices
0x00007fff6657f000 	/System/Library/PrivateFrameworks/XCTTargetBootstrap.framework/Versions/A/XCTTargetBootstrap
0x00007fff4ccfb000 	/System/Library/PrivateFrameworks/DesktopServicesPriv.framework/Versions/A/DesktopServicesPriv
0x00007fff4bf90000 	/System/Library/PrivateFrameworks/CoreSVG.framework/Versions/A/CoreSVG
0x00007fff57c87000 	/System/Library/PrivateFrameworks/IconServices.framework/Versions/A/IconServices
0x00007fff4cb55000 	/System/Library/PrivateFrameworks/DFRFoundation.framework/Versions/A/DFRFoundation
0x00007fff3135e000 	/System/Library/Frameworks/AudioUnit.framework/Versions/A/AudioUnit
0x00007fff4cbf7000 	/System/Library/PrivateFrameworks/DataDetectorsCore.framework/Versions/A/DataDetectorsCore
0x00007fff31b04000 	/System/Library/Frameworks/Carbon.framework/Versions/A/Frameworks/HIToolbox.framework/Versions/A/HIToolbox
0x00007fff31e43000 	/System/Library/Frameworks/Carbon.framework/Versions/A/Frameworks/SpeechRecognition.framework/Versions/A/SpeechRecognition
0x00007fff4c669000 	/System/Library/PrivateFrameworks/CoreUI.framework/Versions/A/CoreUI
0x00007fff5be91000 	/System/Library/PrivateFrameworks/PerformanceAnalysis.framework/Versions/A/PerformanceAnalysis
0x00007fff639d4000 	/System/Library/PrivateFrameworks/TextureIO.framework/Versions/A/TextureIO
0x00007fff57e90000 	/System/Library/PrivateFrameworks/InternationalSupport.framework/Versions/A/InternationalSupport
0x00007fff47c93000 	/System/Library/PrivateFrameworks/Backup.framework/Versions/A/Backup
0x00007fff4ca89000 	/System/Library/PrivateFrameworks/CrashReporterSupport.framework/Versions/A/CrashReporterSupport
0x00007fff6091e000 	/System/Library/PrivateFrameworks/Sharing.framework/Versions/A/Sharing
0x00007fff461d5000 	/System/Library/PrivateFrameworks/Apple80211.framework/Versions/A/Apple80211
0x00007fff479b0000 	/System/Library/PrivateFrameworks/AuthKit.framework/Versions/A/AuthKit
0x00007fff4c796000 	/System/Library/PrivateFrameworks/CoreUtils.framework/Versions/A/CoreUtils
0x00007fff34f15000 	/System/Library/Frameworks/CoreWLAN.framework/Versions/A/CoreWLAN
0x00007fff35b3a000 	/System/Library/Frameworks/IOBluetooth.framework/Versions/A/IOBluetooth
0x00007fff59a56000 	/System/Library/PrivateFrameworks/MobileKeyBag.framework/Versions/A/MobileKeyBag
0x00007fff4b585000 	/System/Library/PrivateFrameworks/CorePhoneNumbers.framework/Versions/A/CorePhoneNumbers
0x00007fff465c5000 	/System/Library/PrivateFrameworks/AppleIDAuthSupport.framework/Versions/A/AppleIDAuthSupport
0x00007fff396a2000 	/System/Library/Frameworks/Network.framework/Versions/A/Network
0x00007fff58124000 	/System/Library/PrivateFrameworks/KeychainCircle.framework/Versions/A/KeychainCircle
0x00007fff3292e000 	/System/Library/Frameworks/CoreBluetooth.framework/Versions/A/CoreBluetooth
0x00007fff6299d000 	/System/Library/PrivateFrameworks/SpeechRecognitionCore.framework/Versions/A/SpeechRecognitionCore
0x00007fff25ea5000 	/System/Library/CoreServices/Encodings/libCyrillicConverter.dylib
0x000000010fc00000 	/Users/mac/Library/Java/JavaVirtualMachines/openjdk-25-patched/Contents/Home/lib/server/libjvm.dylib
0x000000010f354000 	/Users/mac/Library/Java/JavaVirtualMachines/openjdk-25-patched/Contents/Home/lib/libjimage.dylib
0x000000010f364000 	/Users/mac/Library/Java/JavaVirtualMachines/openjdk-25-patched/Contents/Home/lib/libinstrument.dylib
0x000000010f376000 	/Users/mac/Library/Java/JavaVirtualMachines/openjdk-25-patched/Contents/Home/lib/libjava.dylib
0x00000001136ea000 	/Users/mac/Library/Java/JavaVirtualMachines/openjdk-25-patched/Contents/Home/lib/libzip.dylib
0x00000001136f9000 	/Users/mac/Library/Java/JavaVirtualMachines/openjdk-25-patched/Contents/Home/lib/libnio.dylib
0x0000000113710000 	/Users/mac/Library/Java/JavaVirtualMachines/openjdk-25-patched/Contents/Home/lib/libnet.dylib
0x0000000113722000 	/Users/mac/Library/Java/JavaVirtualMachines/openjdk-25-patched/Contents/Home/lib/libextnet.dylib
0x000000012ef74000 	/Users/mac/Library/Java/JavaVirtualMachines/openjdk-25-patched/Contents/Home/lib/libprefs.dylib
0x000000012ef81000 	/private/var/folders/57/xgqcb4yj1_958k83lyr82lrw0000gn/T/audiosnd_9449761772220094696audio-snd.dylib
0x0000000174000000 	/System/Library/Extensions/AppleHDA.kext/Contents/PlugIns/AppleHDAHALPlugIn.bundle/Contents/MacOS/AppleHDAHALPlugIn
0x000000017400d000 	/System/Library/Components/CoreAudio.component/Contents/MacOS/CoreAudio
0x00007fff47654000 	/System/Library/PrivateFrameworks/AudioSession.framework/Versions/A/AudioSession
0x00007fff476a6000 	/System/Library/PrivateFrameworks/AudioSession.framework/libSessionUtility.dylib
0x00007fff4bfb4000 	/System/Library/PrivateFrameworks/CoreServicesInternal.framework/Versions/A/CoreServicesInternal

JVMTI agents:
/Applications/IntelliJ IDEA.app/Contents/lib/idea_rt.jar path:none, loaded, initialized, instrumentlib options:64916


VM Arguments:
jvm_args: --enable-native-access=ALL-UNNAMED -javaagent:/Applications/IntelliJ IDEA.app/Contents/lib/idea_rt.jar=64916 -Dfile.encoding=UTF-8 -Dsun.stdout.encoding=UTF-8 -Dsun.stderr.encoding=UTF-8 
java_command: org.plovdev.audioengine.examples.PlayerExample
java_class_path (initial): /Users/mac/IdeaProjects/AudioSND/examples/target/classes:/Users/mac/IdeaProjects/AudioSND/core/target/classes:/Users/mac/IdeaProjects/AudioSND/implementation/target/classes:/Users/mac/IdeaProjects/AudioSND/loaders/target/classes:/Users/mac/IdeaProjects/AudioSND/generator/target/classes:/Users/mac/IdeaProjects/AudioSND/effects/target/classes:/Users/mac/IdeaProjects/AudioSND/profiler/target/classes:/Users/mac/.m2/repository/org/slf4j/slf4j-api/2.0.17/slf4j-api-2.0.17.jar:/Users/mac/.m2/repository/ch/qos/logback/logback-classic/1.5.26/logback-classic-1.5.26.jar:/Users/mac/.m2/repository/ch/qos/logback/logback-core/1.5.26/logback-core-1.5.26.jar:/Users/mac/.m2/repository/org/jetbrains/annotations/17.0.0/annotations-17.0.0.jar
Launcher Type: SUN_STANDARD

[Global flags]
     intx CICompilerCount                          = 3                                         {product} {ergonomic}
     uint ConcGCThreads                            = 1                                         {product} {ergonomic}
     uint G1ConcRefinementThreads                  = 4                                         {product} {ergonomic}
   size_t G1HeapRegionSize                         = 1048576                                   {product} {ergonomic}
   size_t InitialHeapSize                          = 134217728                                 {product} {ergonomic}
   size_t MarkStackSize                            = 4194304                                   {product} {ergonomic}
   size_t MarkStackSizeMax                         = 536870912                                 {product} {ergonomic}
   size_t MaxHeapSize                              = 2147483648                                {product} {ergonomic}
   size_t MaxNewSize                               = 1287651328                                {product} {ergonomic}
   size_t MinHeapDeltaBytes                        = 1048576                                   {product} {ergonomic}
   size_t MinHeapSize                              = 8388608                                   {product} {ergonomic}
    uintx NonNMethodCodeHeapSize                   = 5832704                                {pd product} {ergonomic}
    uintx NonProfiledCodeHeapSize                  = 122916864                              {pd product} {ergonomic}
    uintx ProfiledCodeHeapSize                     = 122908672                              {pd product} {ergonomic}
    uintx ReservedCodeCacheSize                    = 251658240                              {pd product} {ergonomic}
     bool SegmentedCodeCache                       = true                                      {product} {ergonomic}
   size_t SoftMaxHeapSize                          = 2147483648                             {manageable} {ergonomic}
     bool UseCompressedOops                        = true                           {product lp64_product} {ergonomic}
     bool UseG1GC                                  = true                                      {product} {ergonomic}
     bool UseNUMA                                  = false                                     {product} {ergonomic}
     bool UseNUMAInterleaving                      = false                                     {product} {ergonomic}

Logging:
Log output configuration:
 #0: stdout all=warning uptime,level,tags foldmultilines=false
 #1: stderr all=off uptime,level,tags foldmultilines=false

Release file:
IMPLEMENTOR="Oracle Corporation"
JAVA_RUNTIME_VERSION="25.0.2+10-69"
JAVA_VERSION="25.0.2"
JAVA_VERSION_DATE="2026-01-20"
LIBC="default"
MODULES="java.base java.compiler java.datatransfer java.xml java.prefs java.desktop java.instrument java.logging java.management java.security.sasl java.naming java.rmi java.management.rmi java.net.http java.scripting java.security.jgss java.transaction.xa java.sql java.sql.rowset java.xml.crypto java.se java.smartcardio jdk.accessibility jdk.internal.jvmstat jdk.attach jdk.charsets jdk.internal.opt jdk.zipfs jdk.compiler jdk.crypto.cryptoki jdk.crypto.ec jdk.dynalink jdk.internal.ed jdk.editpad jdk.internal.vm.ci jdk.graal.compiler jdk.graal.compiler.management jdk.hotspot.agent jdk.httpserver jdk.incubator.vector jdk.internal.le jdk.internal.md jdk.jartool jdk.javadoc jdk.jcmd jdk.management jdk.management.agent jdk.jconsole jdk.jdeps jdk.jdwp.agent jdk.jdi jdk.jfr jdk.jlink jdk.jpackage jdk.jshell jdk.jsobject jdk.jstatd jdk.localedata jdk.management.jfr jdk.naming.dns jdk.naming.rmi jdk.net jdk.nio.mapmode jdk.sctp jdk.security.auth jdk.security.jgss jdk.unsupported jdk.unsupported.desktop jdk.xml.dom"
OS_ARCH="x86_64"
OS_NAME="Darwin"
SOURCE=".:git:405a5699ebd0"

Environment Variables:
JAVA_HOME=/Users/mac/Library/Java/JavaVirtualMachines/openjdk-25.0.2/Contents/Home
PATH=/Users/mac/Library/Java/JavaVirtualMachines/openjdk-25.0.2/Contents/Home/bin:/Applications/CMake.app/Contents/bin:/Applications/Postgres.app/Contents/Versions/latest/bin:/usr/local/opt/postgresql@14/bin:/Users/mac/maven/bin/bin:/Users/mac/maven/bin:/Users/mac/maven/bin:/Library/Java/JavaVirtualMachines/graalvm-jdk-21.0.9+7.1/Contents/Home/bin:/usr/local/bin:/usr/bin:/bin:/usr/sbin:/sbin:/opt/X11/bin
SHELL=/bin/zsh
DISPLAY=/private/tmp/com.apple.launchd.NI9lRpErvM/org.xquartz:0
LC_CTYPE=ru_RU.UTF-8
TMPDIR=/var/folders/57/xgqcb4yj1_958k83lyr82lrw0000gn/T/

Active Locale:
LC_ALL=C/ru_RU.UTF-8/C/C/C/C
LC_COLLATE=C
LC_CTYPE=ru_RU.UTF-8
LC_MESSAGES=C
LC_MONETARY=C
LC_NUMERIC=C
LC_TIME=C

Signal Handlers:
   SIGSEGV: crash_handler in libjvm.dylib, mask=11100110000111110111111111111111, flags=SA_ONSTACK|SA_RESTART|SA_SIGINFO, unblocked
    SIGBUS: crash_handler in libjvm.dylib, mask=11100110000111110111111111111111, flags=SA_RESTART|SA_SIGINFO, unblocked
    SIGFPE: crash_handler in libjvm.dylib, mask=11100110000111110111111111111111, flags=SA_RESTART|SA_SIGINFO, unblocked
   SIGPIPE: javaSignalHandler in libjvm.dylib, mask=11100110000111110111111111111111, flags=SA_RESTART|SA_SIGINFO, blocked
   SIGXFSZ: javaSignalHandler in libjvm.dylib, mask=11100110000111110111111111111111, flags=SA_RESTART|SA_SIGINFO, blocked
    SIGILL: crash_handler in libjvm.dylib, mask=11100110000111110111111111111111, flags=SA_RESTART|SA_SIGINFO, unblocked
   SIGUSR2: SR_handler in libjvm.dylib, mask=00000000000000000000000000000000, flags=SA_RESTART|SA_SIGINFO, blocked
    SIGHUP: UserHandler in libjvm.dylib, mask=11100110000111110111111111111111, flags=SA_RESTART|SA_SIGINFO, blocked
    SIGINT: UserHandler in libjvm.dylib, mask=11100110000111110111111111111111, flags=SA_RESTART|SA_SIGINFO, blocked
   SIGTERM: UserHandler in libjvm.dylib, mask=11100110000111110111111111111111, flags=SA_RESTART|SA_SIGINFO, blocked
   SIGQUIT: UserHandler in libjvm.dylib, mask=11100110000111110111111111111111, flags=SA_RESTART|SA_SIGINFO, blocked
   SIGTRAP: crash_handler in libjvm.dylib, mask=11100110000111110111111111111111, flags=SA_RESTART|SA_SIGINFO, unblocked


Compilation memory statistics disabled.

Periodic native trim disabled

---------------  S Y S T E M  ---------------

OS:
uname: Darwin 19.6.0 Darwin Kernel Version 19.6.0: Tue Jun 21 21:18:39 PDT 2022; root:xnu-6153.141.66~1/RELEASE_X86_64 x86_64
OS uptime: 7 days 1:55 hours
rlimit (soft/hard): STACK 8192k/65532k , CORE 0k/infinity , NPROC 1392/2088 , NOFILE 10240/infinity , AS infinity/infinity , CPU infinity/infinity , DATA infinity/infinity , FSIZE infinity/infinity , MEMLOCK infinity/infinity , RSS infinity/infinity
load average: 3.07 2.81 5.08

CPU: total 4 (initial active 4) (2 cores per cpu, 2 threads per core) family 6 model 58 stepping 9 microcode 0x21, cx8, cmov, fxsr, ht, mmx, sse, sse2, sse3, ssse3, sse4.1, sse4.2, popcnt, tsc, tscinvbit, avx, aes, erms, clmul, vzeroupper, clflush, rdtscp, f16c
machdep.cpu.brand_string:Intel(R) Core(TM) i7-3667U CPU @ 2.00GHz
hw.cpufrequency:2000000000
hw.cpufrequency_min:2000000000
hw.cpufrequency_max:2000000000
hw.cachelinesize:64
hw.l1icachesize:32768
hw.l1dcachesize:32768
hw.l2cachesize:262144
hw.l3cachesize:4194304

Memory: 4k page, physical 8388608k(87664k free), swap 2097152k(1626112k free)

vm_info: OpenJDK 64-Bit Server VM (25.0.2+10-69) for bsd-amd64 JRE (25.0.2+10-69), built on 2025-12-18T11:36:35Z with clang Apple LLVM 15.0.0 (clang-1500.3.9.4)

END.
